<html>
<body>
<pre>
<h1>µVision Build Log</h1>
<h2>Tool Versions:</h2>
IDE-Version: µVision V5.28.0.0
Copyright (C) 2019 ARM Ltd and ARM Germany GmbH. All rights reserved.
License Information: Tobias Pucher, Puro GmbH, LIC=----
 
Tool Versions:
Toolchain:       MDK-Lite  Version: 5.28.0.0
Toolchain Path:  C:\Keil_v5\ARM\ARMCC\Bin
C Compiler:      Armcc.exe V5.06 update 6 (build 750)
Assembler:       Armasm.exe V5.06 update 6 (build 750)
Linker/Locator:  ArmLink.exe V5.06 update 6 (build 750)
Library Manager: ArmAr.exe V5.06 update 6 (build 750)
Hex Converter:   FromElf.exe V5.06 update 6 (build 750)
CPU DLL:         SARMCM3.DLL V5.28.0.0
Dialog DLL:      DCM.DLL V1.17.3.0
Target DLL:      STLink\ST-LINKIII-KEIL_SWO.dll V3.0.6.0
Dialog DLL:      TCM.DLL V1.36.2.0
 
<h2>Project:</h2>
C:\Users\puche\Documents\GitHub\Truck_Assistant\MDK-ARM\ProjectCube.uvprojx
Project File Date:  01/02/2020

<h2>Output:</h2>
*** Using Compiler 'V5.06 update 6 (build 750)', folder: 'C:\Keil_v5\ARM\ARMCC\Bin'
Build target 'ProjectCube'
compiling main.c...
../Src/main.c(262): warning:  #68-D: integer conversion resulted in a change of sign
  -2,
../Src/main.c(263): warning:  #68-D: integer conversion resulted in a change of sign
  -4,
../Src/main.c(264): warning:  #68-D: integer conversion resulted in a change of sign
  -4,
../Src/main.c(265): warning:  #68-D: integer conversion resulted in a change of sign
  -5,
../Src/main.c(266): warning:  #68-D: integer conversion resulted in a change of sign
  -9,
../Src/main.c(267): warning:  #68-D: integer conversion resulted in a change of sign
  -5,
../Src/main.c(268): warning:  #68-D: integer conversion resulted in a change of sign
  -5,
../Src/main.c(269): warning:  #68-D: integer conversion resulted in a change of sign
  -5,
../Src/main.c(270): warning:  #68-D: integer conversion resulted in a change of sign
  -6,
../Src/main.c(271): warning:  #68-D: integer conversion resulted in a change of sign
  -6,
../Src/main.c(272): warning:  #68-D: integer conversion resulted in a change of sign
  -5,
../Src/main.c(273): warning:  #68-D: integer conversion resulted in a change of sign
  -5,
../Src/main.c(274): warning:  #68-D: integer conversion resulted in a change of sign
  -5,
../Src/main.c(275): warning:  #68-D: integer conversion resulted in a change of sign
  -5,
../Src/main.c(276): warning:  #68-D: integer conversion resulted in a change of sign
  -5,
../Src/main.c(277): warning:  #68-D: integer conversion resulted in a change of sign
  -5,
../Src/main.c(278): warning:  #68-D: integer conversion resulted in a change of sign
  -5,
../Src/main.c(279): warning:  #68-D: integer conversion resulted in a change of sign
  -9,
../Src/main.c(280): warning:  #68-D: integer conversion resulted in a change of sign
  -5,
../Src/main.c(281): warning:  #68-D: integer conversion resulted in a change of sign
  -5,
../Src/main.c(282): warning:  #68-D: integer conversion resulted in a change of sign
  -5,
../Src/main.c(283): warning:  #68-D: integer conversion resulted in a change of sign
  -4,
../Src/main.c(284): warning:  #68-D: integer conversion resulted in a change of sign
  -3,
../Src/main.c(285): warning:  #68-D: integer conversion resulted in a change of sign
  -2,
../Src/main.c(286): warning:  #68-D: integer conversion resulted in a change of sign
  -1,
../Src/main.c(291): warning:  #68-D: integer conversion resulted in a change of sign
  -3,
../Src/main.c(942): warning:  #167-D: argument of type "unsigned char *" is incompatible with parameter of type "char *restrict"
  						snprintf(velocityASCII,10000,"v %d\r",velocity[icom]) ;
../Src/main.c(945): warning:  #167-D: argument of type "char *" is incompatible with parameter of type "uint8_t *"
  						HAL_UART_Transmit(&huart3,steeringASCII,sizeof(steeringASCII),1);
../Src/main.c(822): warning:  #177-D: variable "setval"  was declared but never referenced
  	int setval = 0;
../Src/main.c: 29 warnings, 0 errors
linking...
Program Size: Code=28880 RO-data=1372 RW-data=1888 ZI-data=71896  
FromELF: creating hex file...
"ProjectCube\ProjectCube.axf" - 0 Error(s), 29 Warning(s).

<h2>Software Packages used:</h2>

Package Vendor: ARM
                http://www.keil.com/pack/ARM.CMSIS.5.5.1.pack
                ARM.CMSIS.5.5.1
                CMSIS (Cortex Microcontroller Software Interface Standard)
   * Component: CORE Version: 5.2.0

Package Vendor: STMicroelectronics
                http://www.ST.com/STMicroelectronics.STM32F7xx_DFP.1.0.3.pack
                STMicroelectronics.STM32F7xx_DFP.1.0.3
                STMicroelectronics STM32F7 Series Device Support, Drivers and Examples

<h2>Collection of Component include folders:</h2>
  .\RTE\_ProjectCube
  C:\Users\puche\AppData\Local\Arm\Packs\ARM\CMSIS\5.5.1\CMSIS\Core\Include
  C:\Users\puche\AppData\Local\Arm\Packs\STMicroelectronics\STM32F7xx_DFP\1.0.3\Device\Include

<h2>Collection of Component Files used:</h2>

   * Component: ARM::CMSIS:CORE:5.2.0
Build Time Elapsed:  00:00:10
</pre>
</body>
</html>
