Component: ARM Compiler 5.06 update 6 (build 750) Tool: armlink [4d35ed]

==============================================================================

Section Cross References

    startup_stm32f767xx.o(RESET) refers to startup_stm32f767xx.o(STACK) for __initial_sp
    startup_stm32f767xx.o(RESET) refers to startup_stm32f767xx.o(.text) for Reset_Handler
    startup_stm32f767xx.o(RESET) refers to stm32f7xx_it.o(i.NMI_Handler) for NMI_Handler
    startup_stm32f767xx.o(RESET) refers to stm32f7xx_it.o(i.HardFault_Handler) for HardFault_Handler
    startup_stm32f767xx.o(RESET) refers to stm32f7xx_it.o(i.MemManage_Handler) for MemManage_Handler
    startup_stm32f767xx.o(RESET) refers to stm32f7xx_it.o(i.BusFault_Handler) for BusFault_Handler
    startup_stm32f767xx.o(RESET) refers to stm32f7xx_it.o(i.UsageFault_Handler) for UsageFault_Handler
    startup_stm32f767xx.o(RESET) refers to stm32f7xx_it.o(i.SVC_Handler) for SVC_Handler
    startup_stm32f767xx.o(RESET) refers to stm32f7xx_it.o(i.DebugMon_Handler) for DebugMon_Handler
    startup_stm32f767xx.o(RESET) refers to stm32f7xx_it.o(i.PendSV_Handler) for PendSV_Handler
    startup_stm32f767xx.o(RESET) refers to stm32f7xx_it.o(i.SysTick_Handler) for SysTick_Handler
    startup_stm32f767xx.o(RESET) refers to stm32f7xx_it.o(i.EXTI0_IRQHandler) for EXTI0_IRQHandler
    startup_stm32f767xx.o(RESET) refers to stm32f7xx_it.o(i.DMA1_Stream5_IRQHandler) for DMA1_Stream5_IRQHandler
    startup_stm32f767xx.o(RESET) refers to stm32f7xx_it.o(i.ADC_IRQHandler) for ADC_IRQHandler
    startup_stm32f767xx.o(RESET) refers to stm32f7xx_it.o(i.TIM2_IRQHandler) for TIM2_IRQHandler
    startup_stm32f767xx.o(RESET) refers to stm32f7xx_it.o(i.USART2_IRQHandler) for USART2_IRQHandler
    startup_stm32f767xx.o(RESET) refers to stm32f7xx_it.o(i.DMA2_Stream0_IRQHandler) for DMA2_Stream0_IRQHandler
    startup_stm32f767xx.o(RESET) refers to stm32f7xx_it.o(i.OTG_FS_IRQHandler) for OTG_FS_IRQHandler
    startup_stm32f767xx.o(.text) refers to system_stm32f7xx.o(i.SystemInit) for SystemInit
    startup_stm32f767xx.o(.text) refers to entry.o(.ARM.Collect$$$$00000000) for __main
    fuzzy_f4.o(i.CenterOfGravity) refers to fuzzy_f4.o(i.membership) for membership
    fuzzy_f4.o(i.CenterOfGravity) refers to fuzzy_f4.o(i.FuzzyInference) for FuzzyInference
    fuzzy_f4.o(i.FCF4_calc) refers to fuzzy_f4.o(i.membership) for membership
    fuzzy_f4.o(i.FCF4_calc) refers to fuzzy_f4.o(i.CenterOfGravity) for CenterOfGravity
    fuzzy_f4.o(i.FCF4_calc) refers to fuzzy_f4.o(i.ModifiedCenterOfGravity) for ModifiedCenterOfGravity
    fuzzy_f4.o(i.FCF4_calc) refers to fuzzy_f4.o(i.AproxCenterOfGravity) for AproxCenterOfGravity
    fuzzy_f4.o(i.FCF4_calc) refers to fuzzy_f4.o(i.maxheight) for maxheight
    fuzzy_f4.o(i.FCF4_calc) refers to fuzzy_f4.o(i.firstlastofmax) for firstlastofmax
    fuzzy_f4.o(i.FCF4_calc) refers to numtype_f4.o(.constdata) for F4One
    fuzzy_f4.o(i.FCF4_free) refers to malloc.o(i.free) for free
    fuzzy_f4.o(i.FCF4_init) refers to calloc.o(.text) for calloc
    fuzzy_f4.o(i.ModifiedCenterOfGravity) refers to fuzzy_f4.o(i.membership) for membership
    fuzzy_f4.o(i.ModifiedCenterOfGravity) refers to fuzzy_f4.o(i.FuzzyInference) for FuzzyInference
    fuzzyv1_f4.o(i.FuzzyV1_F4_calc) refers to fuzzy_f4.o(i.FCF4_calc) for FCF4_calc
    fuzzyv1_f4.o(i.FuzzyV1_F4_calc) refers to fuzzyv1_f4.o(.bss) for .bss
    fuzzyv1_f4.o(i.FuzzyV1_F4_calc) refers to fuzzyv1_f4.o(.constdata) for .constdata
    fuzzyv1_f4.o(i.FuzzyV1_F4_free) refers to fuzzy_f4.o(i.FCF4_free) for FCF4_free
    fuzzyv1_f4.o(i.FuzzyV1_F4_free) refers to fuzzyv1_f4.o(.bss) for .bss
    fuzzyv1_f4.o(i.FuzzyV1_F4_free) refers to fuzzyv1_f4.o(.constdata) for .constdata
    fuzzyv1_f4.o(i.FuzzyV1_F4_init) refers to fuzzy_f4.o(i.FCF4_init) for FCF4_init
    fuzzyv1_f4.o(i.FuzzyV1_F4_init) refers to fuzzyv1_f4.o(.bss) for .bss
    fuzzyv1_f4.o(i.FuzzyV1_F4_init) refers to fuzzyv1_f4.o(.constdata) for .constdata
    fuzzyv1_f4.o(.constdata) refers to fuzzyv1_f4.o(.constdata) for FuzzyV1_F4_e_winkel_0_NegBig
    fuzzyv1_f4.o(.constdata) refers to fuzzyv1_f4.o(.constdata) for FuzzyV1_F4_e_winkel_1_NegSmall
    fuzzyv1_f4.o(.constdata) refers to fuzzyv1_f4.o(.constdata) for FuzzyV1_F4_e_winkel_2_Zero
    fuzzyv1_f4.o(.constdata) refers to fuzzyv1_f4.o(.constdata) for FuzzyV1_F4_e_winkel_3_PosSmall
    fuzzyv1_f4.o(.constdata) refers to fuzzyv1_f4.o(.constdata) for FuzzyV1_F4_e_winkel_4_PosBig
    fuzzyv1_f4.o(.constdata) refers to fuzzyv1_f4.o(.constdata) for FuzzyV1_F4_e_v_0_NegBig
    fuzzyv1_f4.o(.constdata) refers to fuzzyv1_f4.o(.constdata) for FuzzyV1_F4_e_v_1_NegSmall
    fuzzyv1_f4.o(.constdata) refers to fuzzyv1_f4.o(.constdata) for FuzzyV1_F4_e_v_2_Zero
    fuzzyv1_f4.o(.constdata) refers to fuzzyv1_f4.o(.constdata) for FuzzyV1_F4_e_v_3_PosSmall
    fuzzyv1_f4.o(.constdata) refers to fuzzyv1_f4.o(.constdata) for FuzzyV1_F4_e_v_4_PosBig
[...]
    _main_clock                              0x08000201   Thumb Code     0  entry7b.o(.ARM.Collect$$$$00000008)
    _main_cpp_init                           0x08000201   Thumb Code     0  entry8b.o(.ARM.Collect$$$$0000000A)
    _main_init                               0x08000201   Thumb Code     0  entry9a.o(.ARM.Collect$$$$0000000B)
    __rt_final_cpp                           0x08000209   Thumb Code     0  entry10a.o(.ARM.Collect$$$$0000000D)
    __rt_final_exit                          0x08000209   Thumb Code     0  entry11a.o(.ARM.Collect$$$$0000000F)
    Reset_Handler                            0x0800020d   Thumb Code     8  startup_stm32f767xx.o(.text)
    CAN1_RX0_IRQHandler                      0x08000227   Thumb Code     0  startup_stm32f767xx.o(.text)
    CAN1_RX1_IRQHandler                      0x08000227   Thumb Code     0  startup_stm32f767xx.o(.text)
    CAN1_SCE_IRQHandler                      0x08000227   Thumb Code     0  startup_stm32f767xx.o(.text)
    CAN1_TX_IRQHandler                       0x08000227   Thumb Code     0  startup_stm32f767xx.o(.text)
    CAN2_RX0_IRQHandler                      0x08000227   Thumb Code     0  startup_stm32f767xx.o(.text)
    CAN2_RX1_IRQHandler                      0x08000227   Thumb Code     0  startup_stm32f767xx.o(.text)
    CAN2_SCE_IRQHandler                      0x08000227   Thumb Code     0  startup_stm32f767xx.o(.text)
    CAN2_TX_IRQHandler                       0x08000227   Thumb Code     0  startup_stm32f767xx.o(.text)
    CAN3_RX0_IRQHandler                      0x08000227   Thumb Code     0  startup_stm32f767xx.o(.text)
    CAN3_RX1_IRQHandler                      0x08000227   Thumb Code     0  startup_stm32f767xx.o(.text)
    CAN3_SCE_IRQHandler                      0x08000227   Thumb Code     0  startup_stm32f767xx.o(.text)
    CAN3_TX_IRQHandler                       0x08000227   Thumb Code     0  startup_stm32f767xx.o(.text)
    CEC_IRQHandler                           0x08000227   Thumb Code     0  startup_stm32f767xx.o(.text)
    DCMI_IRQHandler                          0x08000227   Thumb Code     0  startup_stm32f767xx.o(.text)
    DFSDM1_FLT0_IRQHandler                   0x08000227   Thumb Code     0  startup_stm32f767xx.o(.text)
    DFSDM1_FLT1_IRQHandler                   0x08000227   Thumb Code     0  startup_stm32f767xx.o(.text)
    DFSDM1_FLT2_IRQHandler                   0x08000227   Thumb Code     0  startup_stm32f767xx.o(.text)
    DFSDM1_FLT3_IRQHandler                   0x08000227   Thumb Code     0  startup_stm32f767xx.o(.text)
    DMA1_Stream0_IRQHandler                  0x08000227   Thumb Code     0  startup_stm32f767xx.o(.text)
    DMA1_Stream1_IRQHandler                  0x08000227   Thumb Code     0  startup_stm32f767xx.o(.text)
    DMA1_Stream2_IRQHandler                  0x08000227   Thumb Code     0  startup_stm32f767xx.o(.text)
    DMA1_Stream3_IRQHandler                  0x08000227   Thumb Code     0  startup_stm32f767xx.o(.text)
    DMA1_Stream4_IRQHandler                  0x08000227   Thumb Code     0  startup_stm32f767xx.o(.text)
    DMA1_Stream6_IRQHandler                  0x08000227   Thumb Code     0  startup_stm32f767xx.o(.text)
    DMA1_Stream7_IRQHandler                  0x08000227   Thumb Code     0  startup_stm32f767xx.o(.text)
    DMA2D_IRQHandler                         0x08000227   Thumb Code     0  startup_stm32f767xx.o(.text)
    DMA2_Stream1_IRQHandler                  0x08000227   Thumb Code     0  startup_stm32f767xx.o(.text)
    DMA2_Stream2_IRQHandler                  0x08000227   Thumb Code     0  startup_stm32f767xx.o(.text)
    DMA2_Stream3_IRQHandler                  0x08000227   Thumb Code     0  startup_stm32f767xx.o(.text)
    DMA2_Stream4_IRQHandler                  0x08000227   Thumb Code     0  startup_stm32f767xx.o(.text)
    DMA2_Stream5_IRQHandler                  0x08000227   Thumb Code     0  startup_stm32f767xx.o(.text)
    DMA2_Stream6_IRQHandler                  0x08000227   Thumb Code     0  startup_stm32f767xx.o(.text)
    DMA2_Stream7_IRQHandler                  0x08000227   Thumb Code     0  startup_stm32f767xx.o(.text)
    ETH_IRQHandler                           0x08000227   Thumb Code     0  startup_stm32f767xx.o(.text)
    ETH_WKUP_IRQHandler                      0x08000227   Thumb Code     0  startup_stm32f767xx.o(.text)
    EXTI15_10_IRQHandler                     0x08000227   Thumb Code     0  startup_stm32f767xx.o(.text)
    EXTI1_IRQHandler                         0x08000227   Thumb Code     0  startup_stm32f767xx.o(.text)
    EXTI2_IRQHandler                         0x08000227   Thumb Code     0  startup_stm32f767xx.o(.text)
    EXTI3_IRQHandler                         0x08000227   Thumb Code     0  startup_stm32f767xx.o(.text)
    EXTI4_IRQHandler                         0x08000227   Thumb Code     0  startup_stm32f767xx.o(.text)
    EXTI9_5_IRQHandler                       0x08000227   Thumb Code     0  startup_stm32f767xx.o(.text)
    FLASH_IRQHandler                         0x08000227   Thumb Code     0  startup_stm32f767xx.o(.text)
    FMC_IRQHandler                           0x08000227   Thumb Code     0  startup_stm32f767xx.o(.text)
    FPU_IRQHandler                           0x08000227   Thumb Code     0  startup_stm32f767xx.o(.text)
    I2C1_ER_IRQHandler                       0x08000227   Thumb Code     0  startup_stm32f767xx.o(.text)
    I2C1_EV_IRQHandler                       0x08000227   Thumb Code     0  startup_stm32f767xx.o(.text)
    I2C2_ER_IRQHandler                       0x08000227   Thumb Code     0  startup_stm32f767xx.o(.text)
    I2C2_EV_IRQHandler                       0x08000227   Thumb Code     0  startup_stm32f767xx.o(.text)
    I2C3_ER_IRQHandler                       0x08000227   Thumb Code     0  startup_stm32f767xx.o(.text)
    I2C3_EV_IRQHandler                       0x08000227   Thumb Code     0  startup_stm32f767xx.o(.text)
    I2C4_ER_IRQHandler                       0x08000227   Thumb Code     0  startup_stm32f767xx.o(.text)
    I2C4_EV_IRQHandler                       0x08000227   Thumb Code     0  startup_stm32f767xx.o(.text)
    JPEG_IRQHandler                          0x08000227   Thumb Code     0  startup_stm32f767xx.o(.text)
    LPTIM1_IRQHandler                        0x08000227   Thumb Code     0  startup_stm32f767xx.o(.text)
    LTDC_ER_IRQHandler                       0x08000227   Thumb Code     0  startup_stm32f767xx.o(.text)
    LTDC_IRQHandler                          0x08000227   Thumb Code     0  startup_stm32f767xx.o(.text)
    MDIOS_IRQHandler                         0x08000227   Thumb Code     0  startup_stm32f767xx.o(.text)
    OTG_FS_WKUP_IRQHandler                   0x08000227   Thumb Code     0  startup_stm32f767xx.o(.text)
    OTG_HS_EP1_IN_IRQHandler                 0x08000227   Thumb Code     0  startup_stm32f767xx.o(.text)
    OTG_HS_EP1_OUT_IRQHandler                0x08000227   Thumb Code     0  startup_stm32f767xx.o(.text)
    OTG_HS_IRQHandler                        0x08000227   Thumb Code     0  startup_stm32f767xx.o(.text)
    OTG_HS_WKUP_IRQHandler                   0x08000227   Thumb Code     0  startup_stm32f767xx.o(.text)
    PVD_IRQHandler                           0x08000227   Thumb Code     0  startup_stm32f767xx.o(.text)
    QUADSPI_IRQHandler                       0x08000227   Thumb Code     0  startup_stm32f767xx.o(.text)
    RCC_IRQHandler                           0x08000227   Thumb Code     0  startup_stm32f767xx.o(.text)
    RNG_IRQHandler                           0x08000227   Thumb Code     0  startup_stm32f767xx.o(.text)
    RTC_Alarm_IRQHandler                     0x08000227   Thumb Code     0  startup_stm32f767xx.o(.text)
    RTC_WKUP_IRQHandler                      0x08000227   Thumb Code     0  startup_stm32f767xx.o(.text)
    SAI1_IRQHandler                          0x08000227   Thumb Code     0  startup_stm32f767xx.o(.text)
    SAI2_IRQHandler                          0x08000227   Thumb Code     0  startup_stm32f767xx.o(.text)
    SDMMC1_IRQHandler                        0x08000227   Thumb Code     0  startup_stm32f767xx.o(.text)
    SDMMC2_IRQHandler                        0x08000227   Thumb Code     0  startup_stm32f767xx.o(.text)
    SPDIF_RX_IRQHandler                      0x08000227   Thumb Code     0  startup_stm32f767xx.o(.text)
    SPI1_IRQHandler                          0x08000227   Thumb Code     0  startup_stm32f767xx.o(.text)
    SPI2_IRQHandler                          0x08000227   Thumb Code     0  startup_stm32f767xx.o(.text)
    SPI3_IRQHandler                          0x08000227   Thumb Code     0  startup_stm32f767xx.o(.text)
    SPI4_IRQHandler                          0x08000227   Thumb Code     0  startup_stm32f767xx.o(.text)
    SPI5_IRQHandler                          0x08000227   Thumb Code     0  startup_stm32f767xx.o(.text)
    SPI6_IRQHandler                          0x08000227   Thumb Code     0  startup_stm32f767xx.o(.text)
    TAMP_STAMP_IRQHandler                    0x08000227   Thumb Code     0  startup_stm32f767xx.o(.text)
    TIM1_BRK_TIM9_IRQHandler                 0x08000227   Thumb Code     0  startup_stm32f767xx.o(.text)
    TIM1_CC_IRQHandler                       0x08000227   Thumb Code     0  startup_stm32f767xx.o(.text)
    TIM1_TRG_COM_TIM11_IRQHandler            0x08000227   Thumb Code     0  startup_stm32f767xx.o(.text)
    TIM1_UP_TIM10_IRQHandler                 0x08000227   Thumb Code     0  startup_stm32f767xx.o(.text)
    TIM3_IRQHandler                          0x08000227   Thumb Code     0  startup_stm32f767xx.o(.text)
    TIM4_IRQHandler                          0x08000227   Thumb Code     0  startup_stm32f767xx.o(.text)
    TIM5_IRQHandler                          0x08000227   Thumb Code     0  startup_stm32f767xx.o(.text)
    TIM6_DAC_IRQHandler                      0x08000227   Thumb Code     0  startup_stm32f767xx.o(.text)
    TIM7_IRQHandler                          0x08000227   Thumb Code     0  startup_stm32f767xx.o(.text)
    TIM8_BRK_TIM12_IRQHandler                0x08000227   Thumb Code     0  startup_stm32f767xx.o(.text)
    TIM8_CC_IRQHandler                       0x08000227   Thumb Code     0  startup_stm32f767xx.o(.text)
    TIM8_TRG_COM_TIM14_IRQHandler            0x08000227   Thumb Code     0  startup_stm32f767xx.o(.text)
    TIM8_UP_TIM13_IRQHandler                 0x08000227   Thumb Code     0  startup_stm32f767xx.o(.text)
    UART4_IRQHandler                         0x08000227   Thumb Code     0  startup_stm32f767xx.o(.text)
    UART5_IRQHandler                         0x08000227   Thumb Code     0  startup_stm32f767xx.o(.text)
    UART7_IRQHandler                         0x08000227   Thumb Code     0  startup_stm32f767xx.o(.text)
    UART8_IRQHandler                         0x08000227   Thumb Code     0  startup_stm32f767xx.o(.text)
    USART1_IRQHandler                        0x08000227   Thumb Code     0  startup_stm32f767xx.o(.text)
    USART3_IRQHandler                        0x08000227   Thumb Code     0  startup_stm32f767xx.o(.text)
    USART6_IRQHandler                        0x08000227   Thumb Code     0  startup_stm32f767xx.o(.text)
    WWDG_IRQHandler                          0x08000227   Thumb Code     0  startup_stm32f767xx.o(.text)
    __aeabi_uldivmod                         0x08000231   Thumb Code    98  uldiv.o(.text)
    __aeabi_memcpy                           0x08000293   Thumb Code    36  memcpya.o(.text)
    __aeabi_memcpy4                          0x08000293   Thumb Code     0  memcpya.o(.text)
    __aeabi_memcpy8                          0x08000293   Thumb Code     0  memcpya.o(.text)
    __aeabi_memset                           0x080002b7   Thumb Code    14  memseta.o(.text)
    __aeabi_memset4                          0x080002b7   Thumb Code     0  memseta.o(.text)
    __aeabi_memset8                          0x080002b7   Thumb Code     0  memseta.o(.text)
    __aeabi_memclr                           0x080002c5   Thumb Code     4  memseta.o(.text)
    __aeabi_memclr4                          0x080002c5   Thumb Code     0  memseta.o(.text)
    __aeabi_memclr8                          0x080002c5   Thumb Code     0  memseta.o(.text)
    _memset$wrapper                          0x080002c9   Thumb Code    18  memseta.o(.text)
    calloc                                   0x080002db   Thumb Code    28  calloc.o(.text)
    __aeabi_llsl                             0x080002f7   Thumb Code    30  llshl.o(.text)
    _ll_shift_l                              0x080002f7   Thumb Code     0  llshl.o(.text)
    __aeabi_llsr                             0x08000315   Thumb Code    32  llushr.o(.text)
    _ll_ushift_r                             0x08000315   Thumb Code     0  llushr.o(.text)
    __scatterload                            0x08000335   Thumb Code    28  init.o(.text)
    __scatterload_rt2                        0x08000335   Thumb Code     0  init.o(.text)
    __decompress                             0x08000359   Thumb Code     0  __dczerorl2.o(.text)
    __decompress1                            0x08000359   Thumb Code    86  __dczerorl2.o(.text)
    ADC_IRQHandler                           0x0800043d   Thumb Code    24  stm32f7xx_it.o(i.ADC_IRQHandler)
    BusFault_Handler                         0x080006fd   Thumb Code     2  stm32f7xx_it.o(i.BusFault_Handler)
    DMA1_Stream5_IRQHandler                  0x08000975   Thumb Code     6  stm32f7xx_it.o(i.DMA1_Stream5_IRQHandler)
    DMA2_Stream0_IRQHandler                  0x08000981   Thumb Code     6  stm32f7xx_it.o(i.DMA2_Stream0_IRQHandler)
    DebugMon_Handler                         0x08000a31   Thumb Code     2  stm32f7xx_it.o(i.DebugMon_Handler)
    EXTI0_IRQHandler                         0x08000b59   Thumb Code     6  stm32f7xx_it.o(i.EXTI0_IRQHandler)
    Error_Handler                            0x08000b5f   Thumb Code     2  main.o(i.Error_Handler)
    FCF4_calc                                0x08000b61   Thumb Code   536  fuzzy_f4.o(i.FCF4_calc)
    FCF4_free                                0x08000d81   Thumb Code   106  fuzzy_f4.o(i.FCF4_free)
    FCF4_init                                0x08000ded   Thumb Code   242  fuzzy_f4.o(i.FCF4_init)
    FLASH_Erase_Sector                       0x08000ee1   Thumb Code    86  stm32f7xx_hal_flash_ex.o(i.FLASH_Erase_Sector)
    FLASH_WaitForLastOperation               0x08001035   Thumb Code    76  stm32f7xx_hal_flash.o(i.FLASH_WaitForLastOperation)
    FuzzyV1_F4_SetNumType                    0x0800109b   Thumb Code     2  fuzzyv1_f4.o(i.FuzzyV1_F4_SetNumType)
    FuzzyV1_F4_calc                          0x0800109d   Thumb Code    40  fuzzyv1_f4.o(i.FuzzyV1_F4_calc)
    FuzzyV1_F4_free                          0x080010cd   Thumb Code     8  fuzzyv1_f4.o(i.FuzzyV1_F4_free)
    FuzzyV1_F4_init                          0x080010dd   Thumb Code     8  fuzzyv1_f4.o(i.FuzzyV1_F4_init)
    HAL_ADCEx_InjectedConvCpltCallback       0x080010ed   Thumb Code     2  stm32f7xx_hal_adc_ex.o(i.HAL_ADCEx_InjectedConvCpltCallback)
    HAL_ADC_ConfigChannel                    0x080010f1   Thumb Code   338  stm32f7xx_hal_adc.o(i.HAL_ADC_ConfigChannel)
    HAL_ADC_ConvCpltCallback                 0x08001255   Thumb Code     2  stm32f7xx_hal_adc.o(i.HAL_ADC_ConvCpltCallback)
    HAL_ADC_ConvHalfCpltCallback             0x08001257   Thumb Code     2  stm32f7xx_hal_adc.o(i.HAL_ADC_ConvHalfCpltCallback)
    HAL_ADC_ErrorCallback                    0x08001259   Thumb Code     2  stm32f7xx_hal_adc.o(i.HAL_ADC_ErrorCallback)
    HAL_ADC_GetValue                         0x0800125b   Thumb Code     6  stm32f7xx_hal_adc.o(i.HAL_ADC_GetValue)
    HAL_ADC_IRQHandler                       0x08001261   Thumb Code   316  stm32f7xx_hal_adc.o(i.HAL_ADC_IRQHandler)
    HAL_ADC_Init                             0x0800139d   Thumb Code    84  stm32f7xx_hal_adc.o(i.HAL_ADC_Init)
    HAL_ADC_LevelOutOfWindowCallback         0x080013f1   Thumb Code     2  stm32f7xx_hal_adc.o(i.HAL_ADC_LevelOutOfWindowCallback)
    HAL_ADC_MspInit                          0x080013f5   Thumb Code   276  stm32f7xx_hal_msp.o(i.HAL_ADC_MspInit)
    HAL_ADC_PollForConversion                0x08001529   Thumb Code   160  stm32f7xx_hal_adc.o(i.HAL_ADC_PollForConversion)
    HAL_ADC_Start                            0x080015c9   Thumb Code   208  stm32f7xx_hal_adc.o(i.HAL_ADC_Start)
    HAL_ADC_Start_DMA                        0x080016a9   Thumb Code   260  stm32f7xx_hal_adc.o(i.HAL_ADC_Start_DMA)
    HAL_DMA_Abort_IT                         0x080017c9   Thumb Code    36  stm32f7xx_hal_dma.o(i.HAL_DMA_Abort_IT)
    HAL_DMA_IRQHandler                       0x080017ed   Thumb Code   412  stm32f7xx_hal_dma.o(i.HAL_DMA_IRQHandler)
    HAL_DMA_Init                             0x0800198d   Thumb Code   222  stm32f7xx_hal_dma.o(i.HAL_DMA_Init)
    HAL_DMA_Start_IT                         0x08001a71   Thumb Code   122  stm32f7xx_hal_dma.o(i.HAL_DMA_Start_IT)
    HAL_Delay                                0x08001aed   Thumb Code    32  stm32f7xx_hal.o(i.HAL_Delay)
    HAL_ETH_Init                             0x08001b11   Thumb Code   454  stm32f7xx_hal_eth.o(i.HAL_ETH_Init)
    HAL_ETH_MspInit                          0x08001d01   Thumb Code   206  stm32f7xx_hal_msp.o(i.HAL_ETH_MspInit)
    HAL_ETH_ReadPHYRegister                  0x08001de9   Thumb Code   134  stm32f7xx_hal_eth.o(i.HAL_ETH_ReadPHYRegister)
    HAL_ETH_WritePHYRegister                 0x08001e71   Thumb Code   122  stm32f7xx_hal_eth.o(i.HAL_ETH_WritePHYRegister)
    HAL_FLASH_Lock                           0x08001eed   Thumb Code    14  stm32f7xx_hal_flash.o(i.HAL_FLASH_Lock)
    HAL_FLASH_Program                        0x08001f01   Thumb Code   122  stm32f7xx_hal_flash.o(i.HAL_FLASH_Program)
    HAL_FLASH_Unlock                         0x08001f85   Thumb Code    34  stm32f7xx_hal_flash.o(i.HAL_FLASH_Unlock)
    HAL_GPIO_EXTI_Callback                   0x08001fb5   Thumb Code    20  main.o(i.HAL_GPIO_EXTI_Callback)
    HAL_GPIO_EXTI_IRQHandler                 0x08001fcd   Thumb Code    18  stm32f7xx_hal_gpio.o(i.HAL_GPIO_EXTI_IRQHandler)
    HAL_GPIO_Init                            0x08001fe5   Thumb Code   418  stm32f7xx_hal_gpio.o(i.HAL_GPIO_Init)
    HAL_GPIO_ReadPin                         0x080021bd   Thumb Code    10  stm32f7xx_hal_gpio.o(i.HAL_GPIO_ReadPin)
    HAL_GPIO_WritePin                        0x080021c7   Thumb Code    10  stm32f7xx_hal_gpio.o(i.HAL_GPIO_WritePin)
    HAL_GetTick                              0x080021d1   Thumb Code     6  stm32f7xx_hal.o(i.HAL_GetTick)
    HAL_IncTick                              0x080021dd   Thumb Code    12  stm32f7xx_hal.o(i.HAL_IncTick)
    HAL_Init                                 0x080021ed   Thumb Code    22  stm32f7xx_hal.o(i.HAL_Init)
    HAL_InitTick                             0x08002205   Thumb Code    54  stm32f7xx_hal.o(i.HAL_InitTick)
    HAL_MspInit                              0x08002245   Thumb Code    42  stm32f7xx_hal_msp.o(i.HAL_MspInit)
    HAL_NVIC_EnableIRQ                       0x08002275   Thumb Code    26  stm32f7xx_hal_cortex.o(i.HAL_NVIC_EnableIRQ)
    HAL_NVIC_SetPriority                     0x08002291   Thumb Code    60  stm32f7xx_hal_cortex.o(i.HAL_NVIC_SetPriority)
    HAL_NVIC_SetPriorityGrouping             0x080022d1   Thumb Code    28  stm32f7xx_hal_cortex.o(i.HAL_NVIC_SetPriorityGrouping)
    HAL_PCDEx_ActivateLPM                    0x080022f5   Thumb Code    34  stm32f7xx_hal_pcd_ex.o(i.HAL_PCDEx_ActivateLPM)
    HAL_PCDEx_LPM_Callback                   0x0800231d   Thumb Code    92  usbd_conf.o(i.HAL_PCDEx_LPM_Callback)
    HAL_PCDEx_SetRxFiFo                      0x0800237d   Thumb Code     8  stm32f7xx_hal_pcd_ex.o(i.HAL_PCDEx_SetRxFiFo)
    HAL_PCDEx_SetTxFiFo                      0x08002385   Thumb Code    70  stm32f7xx_hal_pcd_ex.o(i.HAL_PCDEx_SetTxFiFo)
    HAL_PCD_ConnectCallback                  0x080023cb   Thumb Code     8  usbd_conf.o(i.HAL_PCD_ConnectCallback)
    HAL_PCD_DataInStageCallback              0x080023d3   Thumb Code    18  usbd_conf.o(i.HAL_PCD_DataInStageCallback)
    HAL_PCD_DataOutStageCallback             0x080023e5   Thumb Code    20  usbd_conf.o(i.HAL_PCD_DataOutStageCallback)
    HAL_PCD_DisconnectCallback               0x080023f9   Thumb Code     8  usbd_conf.o(i.HAL_PCD_DisconnectCallback)
    HAL_PCD_EP_Close                         0x08002401   Thumb Code    76  stm32f7xx_hal_pcd.o(i.HAL_PCD_EP_Close)
    HAL_PCD_EP_ClrStall                      0x0800244d   Thumb Code    92  stm32f7xx_hal_pcd.o(i.HAL_PCD_EP_ClrStall)
    HAL_PCD_EP_GetRxCount                    0x080024a9   Thumb Code    18  stm32f7xx_hal_pcd.o(i.HAL_PCD_EP_GetRxCount)
    HAL_PCD_EP_Open                          0x080024bb   Thumb Code    96  stm32f7xx_hal_pcd.o(i.HAL_PCD_EP_Open)
    HAL_PCD_EP_Receive                       0x0800251b   Thumb Code    68  stm32f7xx_hal_pcd.o(i.HAL_PCD_EP_Receive)
    HAL_PCD_EP_SetStall                      0x0800255f   Thumb Code   116  stm32f7xx_hal_pcd.o(i.HAL_PCD_EP_SetStall)
    HAL_PCD_EP_Transmit                      0x080025d3   Thumb Code    68  stm32f7xx_hal_pcd.o(i.HAL_PCD_EP_Transmit)
    HAL_PCD_IRQHandler                       0x08002619   Thumb Code  1194  stm32f7xx_hal_pcd.o(i.HAL_PCD_IRQHandler)
    HAL_PCD_ISOINIncompleteCallback          0x08002ac3   Thumb Code     8  usbd_conf.o(i.HAL_PCD_ISOINIncompleteCallback)
    HAL_PCD_ISOOUTIncompleteCallback         0x08002acb   Thumb Code     8  usbd_conf.o(i.HAL_PCD_ISOOUTIncompleteCallback)
    HAL_PCD_Init                             0x08002ad5   Thumb Code   234  stm32f7xx_hal_pcd.o(i.HAL_PCD_Init)
    HAL_PCD_MspInit                          0x08002bc1   Thumb Code   146  usbd_conf.o(i.HAL_PCD_MspInit)
    HAL_PCD_ResetCallback                    0x08002c5d   Thumb Code    44  usbd_conf.o(i.HAL_PCD_ResetCallback)
    HAL_PCD_ResumeCallback                   0x08002c89   Thumb Code     8  usbd_conf.o(i.HAL_PCD_ResumeCallback)
    HAL_PCD_SOFCallback                      0x08002c91   Thumb Code     8  usbd_conf.o(i.HAL_PCD_SOFCallback)
    HAL_PCD_SetAddress                       0x08002c99   Thumb Code    40  stm32f7xx_hal_pcd.o(i.HAL_PCD_SetAddress)
    HAL_PCD_SetupStageCallback               0x08002cc1   Thumb Code    14  usbd_conf.o(i.HAL_PCD_SetupStageCallback)
    HAL_PCD_Start                            0x08002ccf   Thumb Code    42  stm32f7xx_hal_pcd.o(i.HAL_PCD_Start)
    HAL_PCD_SuspendCallback                  0x08002cf9   Thumb Code    44  usbd_conf.o(i.HAL_PCD_SuspendCallback)
    HAL_RCCEx_PeriphCLKConfig                0x08002d29   Thumb Code  1336  stm32f7xx_hal_rcc_ex.o(i.HAL_RCCEx_PeriphCLKConfig)
    HAL_RCC_ClockConfig                      0x08003265   Thumb Code   282  stm32f7xx_hal_rcc.o(i.HAL_RCC_ClockConfig)
    HAL_RCC_GetHCLKFreq                      0x08003391   Thumb Code     6  stm32f7xx_hal_rcc.o(i.HAL_RCC_GetHCLKFreq)
    HAL_RCC_GetPCLK1Freq                     0x0800339d   Thumb Code    20  stm32f7xx_hal_rcc.o(i.HAL_RCC_GetPCLK1Freq)
    HAL_RCC_GetPCLK2Freq                     0x080033bd   Thumb Code    20  stm32f7xx_hal_rcc.o(i.HAL_RCC_GetPCLK2Freq)
    HAL_RCC_GetSysClockFreq                  0x080033dd   Thumb Code    88  stm32f7xx_hal_rcc.o(i.HAL_RCC_GetSysClockFreq)
    HAL_RCC_OscConfig                        0x0800343d   Thumb Code   814  stm32f7xx_hal_rcc.o(i.HAL_RCC_OscConfig)
    HAL_SYSTICK_Config                       0x08003779   Thumb Code    38  stm32f7xx_hal_cortex.o(i.HAL_SYSTICK_Config)
    HAL_TIMEx_Break2Callback                 0x0800379f   Thumb Code     2  stm32f7xx_hal_tim_ex.o(i.HAL_TIMEx_Break2Callback)
    HAL_TIMEx_BreakCallback                  0x080037a1   Thumb Code     2  stm32f7xx_hal_tim_ex.o(i.HAL_TIMEx_BreakCallback)
    HAL_TIMEx_CommutCallback                 0x080037a3   Thumb Code     2  stm32f7xx_hal_tim_ex.o(i.HAL_TIMEx_CommutCallback)
    HAL_TIMEx_MasterConfigSynchronization    0x080037a5   Thumb Code    88  stm32f7xx_hal_tim_ex.o(i.HAL_TIMEx_MasterConfigSynchronization)
    HAL_TIM_Base_Init                        0x08003805   Thumb Code    54  stm32f7xx_hal_tim.o(i.HAL_TIM_Base_Init)
    HAL_TIM_Base_MspInit                     0x0800383d   Thumb Code   118  stm32f7xx_hal_msp.o(i.HAL_TIM_Base_MspInit)
    HAL_TIM_Base_Start                       0x080038c9   Thumb Code    42  stm32f7xx_hal_tim.o(i.HAL_TIM_Base_Start)
    HAL_TIM_Base_Start_IT                    0x080038f9   Thumb Code    40  stm32f7xx_hal_tim.o(i.HAL_TIM_Base_Start_IT)
    HAL_TIM_ConfigClockSource                0x08003925   Thumb Code   214  stm32f7xx_hal_tim.o(i.HAL_TIM_ConfigClockSource)
    HAL_TIM_IC_CaptureCallback               0x08003a01   Thumb Code     2  stm32f7xx_hal_tim.o(i.HAL_TIM_IC_CaptureCallback)
    HAL_TIM_IRQHandler                       0x08003a03   Thumb Code   386  stm32f7xx_hal_tim.o(i.HAL_TIM_IRQHandler)
    HAL_TIM_MspPostInit                      0x08003b85   Thumb Code   110  stm32f7xx_hal_msp.o(i.HAL_TIM_MspPostInit)
    HAL_TIM_OC_DelayElapsedCallback          0x08003c09   Thumb Code     2  stm32f7xx_hal_tim.o(i.HAL_TIM_OC_DelayElapsedCallback)
    HAL_TIM_PWM_ConfigChannel                0x08003c0b   Thumb Code   296  stm32f7xx_hal_tim.o(i.HAL_TIM_PWM_ConfigChannel)
    HAL_TIM_PWM_Init                         0x08003d33   Thumb Code    54  stm32f7xx_hal_tim.o(i.HAL_TIM_PWM_Init)
    HAL_TIM_PWM_MspInit                      0x08003d69   Thumb Code     2  stm32f7xx_hal_tim.o(i.HAL_TIM_PWM_MspInit)
    HAL_TIM_PWM_PulseFinishedCallback        0x08003d6b   Thumb Code     2  stm32f7xx_hal_tim.o(i.HAL_TIM_PWM_PulseFinishedCallback)
    HAL_TIM_PWM_Start                        0x08003d6d   Thumb Code    64  stm32f7xx_hal_tim.o(i.HAL_TIM_PWM_Start)
    HAL_TIM_PeriodElapsedCallback            0x08003db9   Thumb Code    62  main.o(i.HAL_TIM_PeriodElapsedCallback)
    HAL_TIM_TriggerCallback                  0x08003e0d   Thumb Code     2  stm32f7xx_hal_tim.o(i.HAL_TIM_TriggerCallback)
    HAL_UART_ErrorCallback                   0x08003e0f   Thumb Code     2  stm32f7xx_hal_uart.o(i.HAL_UART_ErrorCallback)
    HAL_UART_IRQHandler                      0x08003e11   Thumb Code   292  stm32f7xx_hal_uart.o(i.HAL_UART_IRQHandler)
    HAL_UART_Init                            0x08003f39   Thumb Code   102  stm32f7xx_hal_uart.o(i.HAL_UART_Init)
    HAL_UART_MspInit                         0x08003fa1   Thumb Code   222  stm32f7xx_hal_msp.o(i.HAL_UART_MspInit)
    HAL_UART_TxCpltCallback                  0x08004099   Thumb Code     2  stm32f7xx_hal_uart.o(i.HAL_UART_TxCpltCallback)
    HardFault_Handler                        0x0800409b   Thumb Code     2  stm32f7xx_it.o(i.HardFault_Handler)
    MX_USB_DEVICE_Init                       0x080045b1   Thumb Code    66  usb_device.o(i.MX_USB_DEVICE_Init)
    MY_FLASH_ReadN                           0x08004605   Thumb Code    78  my_flash.o(i.MY_FLASH_ReadN)
    MY_FLASH_SetSectorAddrs                  0x08004659   Thumb Code     8  my_flash.o(i.MY_FLASH_SetSectorAddrs)
    MY_FLASH_WriteN                          0x08004665   Thumb Code   142  my_flash.o(i.MY_FLASH_WriteN)
    MemManage_Handler                        0x080046f9   Thumb Code     2  stm32f7xx_it.o(i.MemManage_Handler)
    NMI_Handler                              0x08004a45   Thumb Code     2  stm32f7xx_it.o(i.NMI_Handler)
    OTG_FS_IRQHandler                        0x08004a49   Thumb Code     6  stm32f7xx_it.o(i.OTG_FS_IRQHandler)
    PendSV_Handler                           0x08004bd3   Thumb Code     2  stm32f7xx_it.o(i.PendSV_Handler)
    SVC_Handler                              0x08004bd5   Thumb Code     2  stm32f7xx_it.o(i.SVC_Handler)
    SysTick_Handler                          0x08004bd7   Thumb Code     4  stm32f7xx_it.o(i.SysTick_Handler)
    SystemClock_Config                       0x08004bdd   Thumb Code   150  main.o(i.SystemClock_Config)
    SystemInit                               0x08004c81   Thumb Code    68  system_stm32f7xx.o(i.SystemInit)
    TIM2_IRQHandler                          0x08004cd5   Thumb Code     6  stm32f7xx_it.o(i.TIM2_IRQHandler)
    TIM_Base_SetConfig                       0x08004ce1   Thumb Code   158  stm32f7xx_hal_tim.o(i.TIM_Base_SetConfig)
    TIM_CCxChannelCmd                        0x08004dad   Thumb Code    26  stm32f7xx_hal_tim.o(i.TIM_CCxChannelCmd)
    TIM_ETR_SetConfig                        0x08004dc7   Thumb Code    18  stm32f7xx_hal_tim.o(i.TIM_ETR_SetConfig)
    TIM_OC2_SetConfig                        0x08004e5d   Thumb Code   108  stm32f7xx_hal_tim.o(i.TIM_OC2_SetConfig)
    UART_AdvFeatureConfig                    0x0800509b   Thumb Code   200  stm32f7xx_hal_uart.o(i.UART_AdvFeatureConfig)
    UART_CheckIdleState                      0x08005163   Thumb Code    60  stm32f7xx_hal_uart.o(i.UART_CheckIdleState)
    UART_SetConfig                           0x080051d5   Thumb Code   546  stm32f7xx_hal_uart.o(i.UART_SetConfig)
    UART_WaitOnFlagUntilTimeout              0x08005429   Thumb Code    96  stm32f7xx_hal_uart.o(i.UART_WaitOnFlagUntilTimeout)
    USART2_IRQHandler                        0x08005489   Thumb Code     6  stm32f7xx_it.o(i.USART2_IRQHandler)
    USBD_CDC_GetDeviceQualifierDescriptor    0x08005575   Thumb Code     8  usbd_cdc.o(i.USBD_CDC_GetDeviceQualifierDescriptor)
    USBD_CDC_ReceivePacket                   0x08005639   Thumb Code    40  usbd_cdc.o(i.USBD_CDC_ReceivePacket)
    USBD_CDC_RegisterInterface               0x08005661   Thumb Code    20  usbd_cdc.o(i.USBD_CDC_RegisterInterface)
    USBD_CDC_SetRxBuffer                     0x08005675   Thumb Code    12  usbd_cdc.o(i.USBD_CDC_SetRxBuffer)
    USBD_CDC_SetTxBuffer                     0x08005681   Thumb Code    16  usbd_cdc.o(i.USBD_CDC_SetTxBuffer)
    USBD_ClrClassConfig                      0x0800573f   Thumb Code    14  usbd_core.o(i.USBD_ClrClassConfig)
    USBD_CtlContinueRx                       0x0800574d   Thumb Code    16  usbd_ioreq.o(i.USBD_CtlContinueRx)
    USBD_CtlContinueSendData                 0x0800575d   Thumb Code    16  usbd_ioreq.o(i.USBD_CtlContinueSendData)
    USBD_CtlError                            0x0800576d   Thumb Code    22  usbd_ctlreq.o(i.USBD_CtlError)
    USBD_CtlPrepareRx                        0x08005783   Thumb Code    30  usbd_ioreq.o(i.USBD_CtlPrepareRx)
    USBD_CtlReceiveStatus                    0x080057a1   Thumb Code    22  usbd_ioreq.o(i.USBD_CtlReceiveStatus)
    USBD_CtlSendData                         0x080057b7   Thumb Code    26  usbd_ioreq.o(i.USBD_CtlSendData)
    USBD_CtlSendStatus                       0x080057d1   Thumb Code    22  usbd_ioreq.o(i.USBD_CtlSendStatus)
    USBD_FS_ConfigStrDescriptor              0x080057e9   Thumb Code    16  usbd_desc.o(i.USBD_FS_ConfigStrDescriptor)
    USBD_FS_DeviceDescriptor                 0x08005809   Thumb Code     8  usbd_desc.o(i.USBD_FS_DeviceDescriptor)
    USBD_FS_InterfaceStrDescriptor           0x08005815   Thumb Code    16  usbd_desc.o(i.USBD_FS_InterfaceStrDescriptor)
    USBD_FS_LangIDStrDescriptor              0x08005839   Thumb Code     8  usbd_desc.o(i.USBD_FS_LangIDStrDescriptor)
    USBD_FS_ManufacturerStrDescriptor        0x08005845   Thumb Code    16  usbd_desc.o(i.USBD_FS_ManufacturerStrDescriptor)
    USBD_FS_ProductStrDescriptor             0x0800586d   Thumb Code    16  usbd_desc.o(i.USBD_FS_ProductStrDescriptor)
    USBD_FS_SerialStrDescriptor              0x08005899   Thumb Code    50  usbd_desc.o(i.USBD_FS_SerialStrDescriptor)
    USBD_FS_USR_BOSDescriptor                0x080058d5   Thumb Code     8  usbd_desc.o(i.USBD_FS_USR_BOSDescriptor)
    USBD_GetString                           0x080059df   Thumb Code    74  usbd_ctlreq.o(i.USBD_GetString)
    USBD_Get_USB_Status                      0x08005a29   Thumb Code    24  usbd_conf.o(i.USBD_Get_USB_Status)
    USBD_Init                                0x08005a41   Thumb Code    42  usbd_core.o(i.USBD_Init)
    USBD_LL_ClearStallEP                     0x08005a6b   Thumb Code    18  usbd_conf.o(i.USBD_LL_ClearStallEP)
    USBD_LL_CloseEP                          0x08005a7d   Thumb Code    18  usbd_conf.o(i.USBD_LL_CloseEP)
    USBD_LL_DataInStage                      0x08005a8f   Thumb Code   194  usbd_core.o(i.USBD_LL_DataInStage)
    USBD_LL_DataOutStage                     0x08005b51   Thumb Code   130  usbd_core.o(i.USBD_LL_DataOutStage)
    USBD_LL_DevConnected                     0x08005bd3   Thumb Code     4  usbd_core.o(i.USBD_LL_DevConnected)
    USBD_LL_DevDisconnected                  0x08005bd7   Thumb Code    22  usbd_core.o(i.USBD_LL_DevDisconnected)
    USBD_LL_GetRxDataSize                    0x08005bed   Thumb Code     8  usbd_conf.o(i.USBD_LL_GetRxDataSize)
    USBD_LL_Init                             0x08005bf5   Thumb Code    90  usbd_conf.o(i.USBD_LL_Init)
    USBD_LL_IsStallEP                        0x08005c55   Thumb Code    32  usbd_conf.o(i.USBD_LL_IsStallEP)
    USBD_LL_IsoINIncomplete                  0x08005c75   Thumb Code     4  usbd_core.o(i.USBD_LL_IsoINIncomplete)
    USBD_LL_IsoOUTIncomplete                 0x08005c79   Thumb Code     4  usbd_core.o(i.USBD_LL_IsoOUTIncomplete)
    USBD_LL_OpenEP                           0x08005c7d   Thumb Code    24  usbd_conf.o(i.USBD_LL_OpenEP)
    USBD_LL_PrepareReceive                   0x08005c95   Thumb Code    18  usbd_conf.o(i.USBD_LL_PrepareReceive)
    USBD_LL_Reset                            0x08005ca7   Thumb Code    80  usbd_core.o(i.USBD_LL_Reset)
    USBD_LL_Resume                           0x08005cf7   Thumb Code    12  usbd_core.o(i.USBD_LL_Resume)
    USBD_LL_SOF                              0x08005d03   Thumb Code    24  usbd_core.o(i.USBD_LL_SOF)
    USBD_LL_SetSpeed                         0x08005d1b   Thumb Code     6  usbd_core.o(i.USBD_LL_SetSpeed)
    USBD_LL_SetUSBAddress                    0x08005d21   Thumb Code    18  usbd_conf.o(i.USBD_LL_SetUSBAddress)
    USBD_LL_SetupStage                       0x08005d33   Thumb Code    86  usbd_core.o(i.USBD_LL_SetupStage)
    USBD_LL_StallEP                          0x08005d89   Thumb Code    18  usbd_conf.o(i.USBD_LL_StallEP)
    USBD_LL_Start                            0x08005d9b   Thumb Code    18  usbd_conf.o(i.USBD_LL_Start)
    USBD_LL_Suspend                          0x08005dad   Thumb Code    18  usbd_core.o(i.USBD_LL_Suspend)
    USBD_LL_Transmit                         0x08005dbf   Thumb Code    18  usbd_conf.o(i.USBD_LL_Transmit)
    USBD_ParseSetupRequest                   0x08005dd1   Thumb Code    40  usbd_ctlreq.o(i.USBD_ParseSetupRequest)
    USBD_RegisterClass                       0x08005df9   Thumb Code    18  usbd_core.o(i.USBD_RegisterClass)
    USBD_SetClassConfig                      0x08005e0b   Thumb Code    22  usbd_core.o(i.USBD_SetClassConfig)
    USBD_Start                               0x08005ea9   Thumb Code    10  usbd_core.o(i.USBD_Start)
    USBD_StdDevReq                           0x08005eb3   Thumb Code   276  usbd_ctlreq.o(i.USBD_StdDevReq)
    USBD_StdEPReq                            0x08005fc7   Thumb Code   336  usbd_ctlreq.o(i.USBD_StdEPReq)
    USBD_StdItfReq                           0x08006117   Thumb Code    78  usbd_ctlreq.o(i.USBD_StdItfReq)
    USB_ActivateEndpoint                     0x08006165   Thumb Code   124  stm32f7xx_ll_usb.o(i.USB_ActivateEndpoint)
    USB_ActivateSetup                        0x080061e5   Thumb Code    52  stm32f7xx_ll_usb.o(i.USB_ActivateSetup)
    USB_CoreInit                             0x08006219   Thumb Code   104  stm32f7xx_ll_usb.o(i.USB_CoreInit)
    USB_DeactivateEndpoint                   0x080062bd   Thumb Code   118  stm32f7xx_ll_usb.o(i.USB_DeactivateEndpoint)
    USB_DevConnect                           0x0800633d   Thumb Code    24  stm32f7xx_ll_usb.o(i.USB_DevConnect)
    USB_DevDisconnect                        0x08006355   Thumb Code    24  stm32f7xx_ll_usb.o(i.USB_DevDisconnect)
    USB_DevInit                              0x0800636d   Thumb Code   386  stm32f7xx_ll_usb.o(i.USB_DevInit)
    USB_DisableGlobalInt                     0x08006501   Thumb Code    12  stm32f7xx_ll_usb.o(i.USB_DisableGlobalInt)
    USB_EP0StartXfer                         0x0800650d   Thumb Code   266  stm32f7xx_ll_usb.o(i.USB_EP0StartXfer)
    USB_EP0_OutStart                         0x0800661d   Thumb Code    84  stm32f7xx_ll_usb.o(i.USB_EP0_OutStart)
    USB_EPClearStall                         0x08006675   Thumb Code    88  stm32f7xx_ll_usb.o(i.USB_EPClearStall)
    USB_EPSetStall                           0x080066cd   Thumb Code    88  stm32f7xx_ll_usb.o(i.USB_EPSetStall)
    USB_EPStartXfer                          0x08006725   Thumb Code   452  stm32f7xx_ll_usb.o(i.USB_EPStartXfer)
    USB_EnableGlobalInt                      0x080068ed   Thumb Code    12  stm32f7xx_ll_usb.o(i.USB_EnableGlobalInt)
    USB_FlushRxFifo                          0x080068f9   Thumb Code    28  stm32f7xx_ll_usb.o(i.USB_FlushRxFifo)
    USB_FlushTxFifo                          0x08006919   Thumb Code    32  stm32f7xx_ll_usb.o(i.USB_FlushTxFifo)
    USB_GetDevSpeed                          0x0800693d   Thumb Code    26  stm32f7xx_ll_usb.o(i.USB_GetDevSpeed)
    USB_GetMode                              0x08006957   Thumb Code     8  stm32f7xx_ll_usb.o(i.USB_GetMode)
    USB_ReadDevAllInEpInterrupt              0x0800695f   Thumb Code    14  stm32f7xx_ll_usb.o(i.USB_ReadDevAllInEpInterrupt)
    USB_ReadDevAllOutEpInterrupt             0x0800696d   Thumb Code    14  stm32f7xx_ll_usb.o(i.USB_ReadDevAllOutEpInterrupt)
    USB_ReadDevInEPInterrupt                 0x0800697b   Thumb Code    36  stm32f7xx_ll_usb.o(i.USB_ReadDevInEPInterrupt)
    USB_ReadDevOutEPInterrupt                0x0800699f   Thumb Code    16  stm32f7xx_ll_usb.o(i.USB_ReadDevOutEPInterrupt)
    USB_ReadInterrupts                       0x080069af   Thumb Code     8  stm32f7xx_ll_usb.o(i.USB_ReadInterrupts)
    USB_ReadPacket                           0x080069b7   Thumb Code    28  stm32f7xx_ll_usb.o(i.USB_ReadPacket)
    USB_SetCurrentMode                       0x080069d3   Thumb Code    46  stm32f7xx_ll_usb.o(i.USB_SetCurrentMode)
    USB_SetDevAddress                        0x08006a01   Thumb Code    34  stm32f7xx_ll_usb.o(i.USB_SetDevAddress)
    USB_SetTurnaroundTime                    0x08006a25   Thumb Code   158  stm32f7xx_ll_usb.o(i.USB_SetTurnaroundTime)
    USB_WritePacket                          0x08006b0d   Thumb Code    36  stm32f7xx_ll_usb.o(i.USB_WritePacket)
    UsageFault_Handler                       0x08006b31   Thumb Code     2  stm32f7xx_it.o(i.UsageFault_Handler)
    __scatterload_copy                       0x08006b55   Thumb Code    14  handlers.o(i.__scatterload_copy)
    __scatterload_null                       0x08006b63   Thumb Code     2  handlers.o(i.__scatterload_null)
    __scatterload_zeroinit                   0x08006b65   Thumb Code    14  handlers.o(i.__scatterload_zeroinit)
    free                                     0x08006cd5   Thumb Code    76  malloc.o(i.free)
    main                                     0x08006d25   Thumb Code  1346  main.o(i.main)
    malloc                                   0x08007289   Thumb Code    92  malloc.o(i.malloc)
    map                                      0x080072f5   Thumb Code    20  main.o(i.map)
    F4One                                    0x0800751c   Data           4  numtype_f4.o(.constdata)
    AHBPrescTable                            0x08007840   Data          16  system_stm32f7xx.o(.constdata)
    APBPrescTable                            0x08007850   Data           8  system_stm32f7xx.o(.constdata)
    Region$$Table$$Base                      0x08007860   Number         0  anon$$obj.o(Region$$Table)
    Region$$Table$$Limit                     0x08007880   Number         0  anon$$obj.o(Region$$Table)
    spinstrans                               0x20000008   Data           1  main.o(.data)
    flasharray_length                        0x20000009   Data           1  main.o(.data)
    steering_trailer                         0x2000000a   Data           1  main.o(.data)
    lenken                                   0x2000000c   Data           4  main.o(.data)
    gas                                      0x20000010   Data           4  main.o(.data)
    i                                        0x20000014   Data           4  main.o(.data)
    icom                                     0x20000018   Data           4  main.o(.data)
    count_10ms                               0x2000001c   Data           4  main.o(.data)
    count_100ms                              0x20000020   Data           4  main.o(.data)
    count_1s                                 0x20000024   Data           4  main.o(.data)
    countspin                                0x20000028   Data           4  main.o(.data)
    spins                                    0x2000002c   Data           4  main.o(.data)
    setval_memory                            0x20000030   Data           4  main.o(.data)
    memory_start                             0x20000034   Data           4  main.o(.data)
    autobetrieb                              0x20000038   Data           4  main.o(.data)
    handbetrieb                              0x2000003c   Data           4  main.o(.data)
    curve_was_taken                          0x20000040   Data           4  main.o(.data)
    i_w                                      0x20000044   Data           4  main.o(.data)
    auto_steering                            0x20000048   Data           4  main.o(.data)
    auto_thrust                              0x2000004c   Data           4  main.o(.data)
    auto_steering_pwm                        0x20000050   Data           4  main.o(.data)
    auto_start_selfcontrol                   0x20000054   Data           4  main.o(.data)
    auto_angle_w                             0x20000058   Data           4  main.o(.data)
    auto_angle_y                             0x2000005c   Data           4  main.o(.data)
    auto_velocity_w                          0x20000060   Data           4  main.o(.data)
    auto_test                                0x20000064   Data           4  main.o(.data)
    adcvaluek                                0x20000074   Data           4  main.o(.data)
    adc_steering                             0x20000078   Data           4  main.o(.data)
    sensork                                  0x2000007c   Data           4  main.o(.data)
    steering_conv                            0x20000080   Data           4  main.o(.data)
    e_winkel                                 0x20000084   Data           4  main.o(.data)
    e_v                                      0x20000088   Data           4  main.o(.data)
    u_winkel                                 0x2000008c   Data           4  main.o(.data)
    u_v                                      0x20000090   Data           4  main.o(.data)
    adcval                                   0x20000094   Data           8  main.o(.data)
    FS_Desc                                  0x2000009c   Data          32  usbd_desc.o(.data)
    USBD_LangIDDesc                          0x200000bc   Data           4  usbd_desc.o(.data)
    USBD_FS_DeviceDesc                       0x200000c0   Data          18  usbd_desc.o(.data)
    USBD_FS_BOSDesc                          0x200000d4   Data          12  usbd_desc.o(.data)
    USBD_StringSerial                        0x200000e0   Data          26  usbd_desc.o(.data)
    USBD_Interface_fops_FS                   0x200000fc   Data          16  usbd_cdc_if.o(.data)
    SystemCoreClock                          0x2000010c   Data           4  system_stm32f7xx.o(.data)
    uwTickFreq                               0x20000110   Data           1  stm32f7xx_hal.o(.data)
    uwTickPrio                               0x20000114   Data           4  stm32f7xx_hal.o(.data)
    uwTick                                   0x20000118   Data           4  stm32f7xx_hal.o(.data)
    USBD_CDC_CfgHSDesc                       0x2000012c   Data          67  usbd_cdc.o(.data)
    USBD_CDC_CfgFSDesc                       0x20000170   Data          67  usbd_cdc.o(.data)
    USBD_CDC_OtherSpeedCfgDesc               0x200001b4   Data          67  usbd_cdc.o(.data)
    USBD_CDC                                 0x200001f8   Data          56  usbd_cdc.o(.data)
    __microlib_freelist                      0x20000230   Data           4  mvars.o(.data)
    __microlib_freelist_initialised          0x20000234   Data           4  mvars.o(.data)
    velocity                                 0x2000024c   Data       10000  main.o(.bss)
    angle                                    0x2000295c   Data       10000  main.o(.bss)
    thrust                                   0x2000506c   Data       10000  main.o(.bss)
    steering                                 0x2000777c   Data       10000  main.o(.bss)
    w_velocity                               0x20009e8c   Data       10000  main.o(.bss)
    w_angle                                  0x2000c59c   Data       10000  main.o(.bss)
    w_thrust                                 0x2000ecac   Data       10000  main.o(.bss)
    w_steering                               0x200113bc   Data       10000  main.o(.bss)
    hadc1                                    0x20013acc   Data          72  main.o(.bss)
    hadc2                                    0x20013b14   Data          72  main.o(.bss)
    hadc3                                    0x20013b5c   Data          72  main.o(.bss)
    heth                                     0x20013ba4   Data          72  main.o(.bss)
    htim1                                    0x20013bec   Data          64  main.o(.bss)
    htim2                                    0x20013c2c   Data          64  main.o(.bss)
    htim3                                    0x20013c6c   Data          64  main.o(.bss)
    htim4                                    0x20013cac   Data          64  main.o(.bss)
    huart2                                   0x20013cec   Data         128  main.o(.bss)
    huart3                                   0x20013d6c   Data         128  main.o(.bss)
    hdma_adc3                                0x20013dec   Data          96  main.o(.bss)
    hdma_usart2_rx                           0x20013e4c   Data          96  main.o(.bss)
    hUsbDeviceFS                             0x20013eac   Data         668  usb_device.o(.bss)
    hpcd_USB_OTG_FS                          0x20014148   Data        1028  usbd_conf.o(.bss)
    USBD_StrDesc                             0x2001454c   Data         512  usbd_desc.o(.bss)
    UserRxBufferFS                           0x2001474c   Data        2048  usbd_cdc_if.o(.bss)
    UserTxBufferFS                           0x20014f4c   Data        2048  usbd_cdc_if.o(.bss)
    pFlash                                   0x2001574c   Data          28  stm32f7xx_hal_flash.o(.bss)
    __heap_base                              0x20015768   Data           0  startup_stm32f767xx.o(HEAP)
    __heap_limit                             0x20017768   Data           0  startup_stm32f767xx.o(HEAP)
    __initial_sp                             0x2001b768   Data           0  startup_stm32f767xx.o(STACK)



==============================================================================

Memory Map of the image

  Image Entry point : 0x080001f9

  Load Region LR_IROM1 (Base: 0x08000000, Size: 0x00007ab8, Max: 0x00200000, ABSOLUTE, COMPRESSED[0x00007954])

    Execution Region ER_IROM1 (Exec base: 0x08000000, Load base: 0x08000000, Size: 0x00007880, Max: 0x00200000, ABSOLUTE)

    Exec Addr    Load Addr    Size         Type   Attr      Idx    E Section Name        Object

    0x08000000   0x08000000   0x000001f8   Data   RO            3    RESET               startup_stm32f767xx.o
    0x080001f8   0x080001f8   0x00000000   Code   RO         5490  * .ARM.Collect$$$$00000000  mc_w.l(entry.o)
    0x080001f8   0x080001f8   0x00000004   Code   RO         5533    .ARM.Collect$$$$00000001  mc_w.l(entry2.o)
    0x080001fc   0x080001fc   0x00000004   Code   RO         5536    .ARM.Collect$$$$00000004  mc_w.l(entry5.o)
    0x08000200   0x08000200   0x00000000   Code   RO         5538    .ARM.Collect$$$$00000008  mc_w.l(entry7b.o)
    0x08000200   0x08000200   0x00000000   Code   RO         5540    .ARM.Collect$$$$0000000A  mc_w.l(entry8b.o)
    0x08000200   0x08000200   0x00000008   Code   RO         5541    .ARM.Collect$$$$0000000B  mc_w.l(entry9a.o)
    0x08000208   0x08000208   0x00000000   Code   RO         5543    .ARM.Collect$$$$0000000D  mc_w.l(entry10a.o)
    0x08000208   0x08000208   0x00000000   Code   RO         5545    .ARM.Collect$$$$0000000F  mc_w.l(entry11a.o)
    0x08000208   0x08000208   0x00000004   Code   RO         5534    .ARM.Collect$$$$00002712  mc_w.l(entry2.o)
    0x0800020c   0x0800020c   0x00000024   Code   RO            4    .text               startup_stm32f767xx.o
    0x08000230   0x08000230   0x00000062   Code   RO         5493    .text               mc_w.l(uldiv.o)
    0x08000292   0x08000292   0x00000024   Code   RO         5497    .text               mc_w.l(memcpya.o)
    0x080002b6   0x080002b6   0x00000024   Code   RO         5499    .text               mc_w.l(memseta.o)
    0x080002da   0x080002da   0x0000001c   Code   RO         5531    .text               mc_w.l(calloc.o)
    0x080002f6   0x080002f6   0x0000001e   Code   RO         5547    .text               mc_w.l(llshl.o)
    0x08000314   0x08000314   0x00000020   Code   RO         5549    .text               mc_w.l(llushr.o)
    0x08000334   0x08000334   0x00000024   Code   RO         5553    .text               mc_w.l(init.o)
    0x08000358   0x08000358   0x00000056   Code   RO         5563    .text               mc_w.l(__dczerorl2.o)
    0x080003ae   0x080003ae   0x0000006e   Code   RO         3359    i.ADC_DMAConvCplt   stm32f7xx_hal_adc.o
    0x0800041c   0x0800041c   0x00000016   Code   RO         3360    i.ADC_DMAError      stm32f7xx_hal_adc.o
    0x08000432   0x08000432   0x0000000a   Code   RO         3361    i.ADC_DMAHalfConvCplt  stm32f7xx_hal_adc.o
    0x0800043c   0x0800043c   0x00000024   Code   RO          861    i.ADC_IRQHandler    stm32f7xx_it.o
    0x08000460   0x08000460   0x00000138   Code   RO         3362    i.ADC_Init          stm32f7xx_hal_adc.o
    0x08000598   0x08000598   0x00000164   Code   RO           10    i.AproxCenterOfGravity  fuzzy_f4.o
    0x080006fc   0x080006fc   0x00000002   Code   RO          862    i.BusFault_Handler  stm32f7xx_it.o
    0x080006fe   0x080006fe   0x00000004   Code   RO          809    i.CDC_Control_FS    usbd_cdc_if.o
    0x08000702   0x08000702   0x00000004   Code   RO          810    i.CDC_DeInit_FS     usbd_cdc_if.o
    0x08000706   0x08000706   0x00000002   PAD
    0x08000708   0x08000708   0x00000024   Code   RO          811    i.CDC_Init_FS       usbd_cdc_if.o
    0x0800072c   0x0800072c   0x00000018   Code   RO          812    i.CDC_Receive_FS    usbd_cdc_if.o
    0x08000744   0x08000744   0x00000230   Code   RO           11    i.CenterOfGravity   fuzzy_f4.o
    0x08000974   0x08000974   0x0000000c   Code   RO          863    i.DMA1_Stream5_IRQHandler  stm32f7xx_it.o
    0x08000980   0x08000980   0x0000000c   Code   RO          864    i.DMA2_Stream0_IRQHandler  stm32f7xx_it.o
    0x0800098c   0x0800098c   0x00000028   Code   RO         2080    i.DMA_CalcBaseAndBitshift  stm32f7xx_hal_dma.o
    0x080009b4   0x080009b4   0x00000054   Code   RO         2081    i.DMA_CheckFifoParam  stm32f7xx_hal_dma.o
    0x08000a08   0x08000a08   0x00000028   Code   RO         2082    i.DMA_SetConfig     stm32f7xx_hal_dma.o
    0x08000a30   0x08000a30   0x00000002   Code   RO          865    i.DebugMon_Handler  stm32f7xx_it.o
    0x08000a32   0x08000a32   0x00000002   PAD
    0x08000a34   0x08000a34   0x00000124   Code   RO         3635    i.ETH_MACDMAConfig  stm32f7xx_hal_eth.o
    0x08000b58   0x08000b58   0x00000006   Code   RO          866    i.EXTI0_IRQHandler  stm32f7xx_it.o
    0x08000b5e   0x08000b5e   0x00000002   Code   RO          327    i.Error_Handler     main.o
    0x08000b60   0x08000b60   0x00000220   Code   RO           12    i.FCF4_calc         fuzzy_f4.o
    0x08000d80   0x08000d80   0x0000006a   Code   RO           13    i.FCF4_free         fuzzy_f4.o
    0x08000dea   0x08000dea   0x00000002   PAD
    0x08000dec   0x08000dec   0x000000f2   Code   RO           14    i.FCF4_init         fuzzy_f4.o
    0x08000ede   0x08000ede   0x00000002   PAD
    0x08000ee0   0x08000ee0   0x0000005c   Code   RO         1950    i.FLASH_Erase_Sector  stm32f7xx_hal_flash_ex.o
    0x08000f3c   0x08000f3c   0x00000024   Code   RO         1832    i.FLASH_Program_Byte  stm32f7xx_hal_flash.o
    0x08000f60   0x08000f60   0x0000002c   Code   RO         1833    i.FLASH_Program_DoubleWord  stm32f7xx_hal_flash.o
    0x08000f8c   0x08000f8c   0x00000028   Code   RO         1834    i.FLASH_Program_HalfWord  stm32f7xx_hal_flash.o
    0x08000fb4   0x08000fb4   0x00000028   Code   RO         1835    i.FLASH_Program_Word  stm32f7xx_hal_flash.o
    0x08000fdc   0x08000fdc   0x00000058   Code   RO         1836    i.FLASH_SetErrorCode  stm32f7xx_hal_flash.o
    0x08001034   0x08001034   0x00000054   Code   RO         1837    i.FLASH_WaitForLastOperation  stm32f7xx_hal_flash.o
    0x08001088   0x08001088   0x00000012   Code   RO           15    i.FuzzyInference    fuzzy_f4.o
    0x0800109a   0x0800109a   0x00000002   Code   RO          101    i.FuzzyV1_F4_SetNumType  fuzzyv1_f4.o
    0x0800109c   0x0800109c   0x00000030   Code   RO          102    i.FuzzyV1_F4_calc   fuzzyv1_f4.o
    0x080010cc   0x080010cc   0x00000010   Code   RO          103    i.FuzzyV1_F4_free   fuzzyv1_f4.o
    0x080010dc   0x080010dc   0x00000010   Code   RO          104    i.FuzzyV1_F4_init   fuzzyv1_f4.o
    0x080010ec   0x080010ec   0x00000002   Code   RO         3533    i.HAL_ADCEx_InjectedConvCpltCallback  stm32f7xx_hal_adc_ex.o
    0x080010ee   0x080010ee   0x00000002   PAD
    0x080010f0   0x080010f0   0x00000164   Code   RO         3364    i.HAL_ADC_ConfigChannel  stm32f7xx_hal_adc.o
    0x08001254   0x08001254   0x00000002   Code   RO         3365    i.HAL_ADC_ConvCpltCallback  stm32f7xx_hal_adc.o
    0x08001256   0x08001256   0x00000002   Code   RO         3366    i.HAL_ADC_ConvHalfCpltCallback  stm32f7xx_hal_adc.o
    0x08001258   0x08001258   0x00000002   Code   RO         3368    i.HAL_ADC_ErrorCallback  stm32f7xx_hal_adc.o
    0x0800125a   0x0800125a   0x00000006   Code   RO         3371    i.HAL_ADC_GetValue  stm32f7xx_hal_adc.o
    0x08001260   0x08001260   0x0000013c   Code   RO         3372    i.HAL_ADC_IRQHandler  stm32f7xx_hal_adc.o
    0x0800139c   0x0800139c   0x00000054   Code   RO         3373    i.HAL_ADC_Init      stm32f7xx_hal_adc.o
    0x080013f0   0x080013f0   0x00000002   Code   RO         3374    i.HAL_ADC_LevelOutOfWindowCallback  stm32f7xx_hal_adc.o
    0x080013f2   0x080013f2   0x00000002   PAD
    0x080013f4   0x080013f4   0x00000134   Code   RO          980    i.HAL_ADC_MspInit   stm32f7xx_hal_msp.o
    0x08001528   0x08001528   0x000000a0   Code   RO         3377    i.HAL_ADC_PollForConversion  stm32f7xx_hal_adc.o
    0x080015c8   0x080015c8   0x000000e0   Code   RO         3379    i.HAL_ADC_Start     stm32f7xx_hal_adc.o
    0x080016a8   0x080016a8   0x00000120   Code   RO         3380    i.HAL_ADC_Start_DMA  stm32f7xx_hal_adc.o
    0x080017c8   0x080017c8   0x00000024   Code   RO         2084    i.HAL_DMA_Abort_IT  stm32f7xx_hal_dma.o
    0x080017ec   0x080017ec   0x000001a0   Code   RO         2088    i.HAL_DMA_IRQHandler  stm32f7xx_hal_dma.o
    0x0800198c   0x0800198c   0x000000e4   Code   RO         2089    i.HAL_DMA_Init      stm32f7xx_hal_dma.o
    0x08001a70   0x08001a70   0x0000007a   Code   RO         2093    i.HAL_DMA_Start_IT  stm32f7xx_hal_dma.o
    0x08001aea   0x08001aea   0x00000002   PAD
    0x08001aec   0x08001aec   0x00000024   Code   RO         2585    i.HAL_Delay         stm32f7xx_hal.o
    0x08001b10   0x08001b10   0x000001f0   Code   RO         3646    i.HAL_ETH_Init      stm32f7xx_hal_eth.o
    0x08001d00   0x08001d00   0x000000e8   Code   RO          982    i.HAL_ETH_MspInit   stm32f7xx_hal_msp.o
    0x08001de8   0x08001de8   0x00000086   Code   RO         3649    i.HAL_ETH_ReadPHYRegister  stm32f7xx_hal_eth.o
    0x08001e6e   0x08001e6e   0x00000002   PAD
    0x08001e70   0x08001e70   0x0000007a   Code   RO         3655    i.HAL_ETH_WritePHYRegister  stm32f7xx_hal_eth.o
    0x08001eea   0x08001eea   0x00000002   PAD
    0x08001eec   0x08001eec   0x00000014   Code   RO         1841    i.HAL_FLASH_Lock    stm32f7xx_hal_flash.o
    0x08001f00   0x08001f00   0x00000084   Code   RO         1846    i.HAL_FLASH_Program  stm32f7xx_hal_flash.o
    0x08001f84   0x08001f84   0x00000030   Code   RO         1848    i.HAL_FLASH_Unlock  stm32f7xx_hal_flash.o
    0x08001fb4   0x08001fb4   0x00000018   Code   RO          328    i.HAL_GPIO_EXTI_Callback  main.o
    0x08001fcc   0x08001fcc   0x00000018   Code   RO         2016    i.HAL_GPIO_EXTI_IRQHandler  stm32f7xx_hal_gpio.o
    0x08001fe4   0x08001fe4   0x000001d8   Code   RO         2017    i.HAL_GPIO_Init     stm32f7xx_hal_gpio.o
    0x080021bc   0x080021bc   0x0000000a   Code   RO         2019    i.HAL_GPIO_ReadPin  stm32f7xx_hal_gpio.o
    0x080021c6   0x080021c6   0x0000000a   Code   RO         2021    i.HAL_GPIO_WritePin  stm32f7xx_hal_gpio.o
    0x080021d0   0x080021d0   0x0000000c   Code   RO         2595    i.HAL_GetTick       stm32f7xx_hal.o
    0x080021dc   0x080021dc   0x00000010   Code   RO         2601    i.HAL_IncTick       stm32f7xx_hal.o
    0x080021ec   0x080021ec   0x00000016   Code   RO         2602    i.HAL_Init          stm32f7xx_hal.o
    0x08002202   0x08002202   0x00000002   PAD
    0x08002204   0x08002204   0x00000040   Code   RO         2603    i.HAL_InitTick      stm32f7xx_hal.o
    0x08002244   0x08002244   0x00000030   Code   RO          983    i.HAL_MspInit       stm32f7xx_hal_msp.o
    0x08002274   0x08002274   0x0000001a   Code   RO         2448    i.HAL_NVIC_EnableIRQ  stm32f7xx_hal_cortex.o
    0x0800228e   0x0800228e   0x00000002   PAD
    0x08002290   0x08002290   0x00000040   Code   RO         2454    i.HAL_NVIC_SetPriority  stm32f7xx_hal_cortex.o
    0x080022d0   0x080022d0   0x00000024   Code   RO         2455    i.HAL_NVIC_SetPriorityGrouping  stm32f7xx_hal_cortex.o
    0x080022f4   0x080022f4   0x00000028   Code   RO         1316    i.HAL_PCDEx_ActivateLPM  stm32f7xx_hal_pcd_ex.o
    0x0800231c   0x0800231c   0x00000060   Code   RO          516    i.HAL_PCDEx_LPM_Callback  usbd_conf.o
    0x0800237c   0x0800237c   0x00000008   Code   RO         1320    i.HAL_PCDEx_SetRxFiFo  stm32f7xx_hal_pcd_ex.o
    0x08002384   0x08002384   0x00000046   Code   RO         1321    i.HAL_PCDEx_SetTxFiFo  stm32f7xx_hal_pcd_ex.o
    0x080023ca   0x080023ca   0x00000008   Code   RO          517    i.HAL_PCD_ConnectCallback  usbd_conf.o
    0x080023d2   0x080023d2   0x00000012   Code   RO          518    i.HAL_PCD_DataInStageCallback  usbd_conf.o
    0x080023e4   0x080023e4   0x00000014   Code   RO          519    i.HAL_PCD_DataOutStageCallback  usbd_conf.o
    0x080023f8   0x080023f8   0x00000008   Code   RO          520    i.HAL_PCD_DisconnectCallback  usbd_conf.o
    0x08002400   0x08002400   0x0000004c   Code   RO         1105    i.HAL_PCD_EP_Close  stm32f7xx_hal_pcd.o
    0x0800244c   0x0800244c   0x0000005c   Code   RO         1106    i.HAL_PCD_EP_ClrStall  stm32f7xx_hal_pcd.o
    0x080024a8   0x080024a8   0x00000012   Code   RO         1108    i.HAL_PCD_EP_GetRxCount  stm32f7xx_hal_pcd.o
    0x080024ba   0x080024ba   0x00000060   Code   RO         1109    i.HAL_PCD_EP_Open   stm32f7xx_hal_pcd.o
    0x0800251a   0x0800251a   0x00000044   Code   RO         1110    i.HAL_PCD_EP_Receive  stm32f7xx_hal_pcd.o
    0x0800255e   0x0800255e   0x00000074   Code   RO         1111    i.HAL_PCD_EP_SetStall  stm32f7xx_hal_pcd.o
    0x080025d2   0x080025d2   0x00000044   Code   RO         1112    i.HAL_PCD_EP_Transmit  stm32f7xx_hal_pcd.o
    0x08002616   0x08002616   0x00000002   PAD
    0x08002618   0x08002618   0x000004aa   Code   RO         1114    i.HAL_PCD_IRQHandler  stm32f7xx_hal_pcd.o
    0x08002ac2   0x08002ac2   0x00000008   Code   RO          521    i.HAL_PCD_ISOINIncompleteCallback  usbd_conf.o
    0x08002aca   0x08002aca   0x00000008   Code   RO          522    i.HAL_PCD_ISOOUTIncompleteCallback  usbd_conf.o
    0x08002ad2   0x08002ad2   0x00000002   PAD
    0x08002ad4   0x08002ad4   0x000000ea   Code   RO         1117    i.HAL_PCD_Init      stm32f7xx_hal_pcd.o
    0x08002bbe   0x08002bbe   0x00000002   PAD
    0x08002bc0   0x08002bc0   0x0000009c   Code   RO          524    i.HAL_PCD_MspInit   usbd_conf.o
    0x08002c5c   0x08002c5c   0x0000002c   Code   RO          525    i.HAL_PCD_ResetCallback  usbd_conf.o
    0x08002c88   0x08002c88   0x00000008   Code   RO          526    i.HAL_PCD_ResumeCallback  usbd_conf.o
    0x08002c90   0x08002c90   0x00000008   Code   RO          527    i.HAL_PCD_SOFCallback  usbd_conf.o
    0x08002c98   0x08002c98   0x00000028   Code   RO         1123    i.HAL_PCD_SetAddress  stm32f7xx_hal_pcd.o
    0x08002cc0   0x08002cc0   0x0000000e   Code   RO          528    i.HAL_PCD_SetupStageCallback  usbd_conf.o
    0x08002cce   0x08002cce   0x0000002a   Code   RO         1125    i.HAL_PCD_Start     stm32f7xx_hal_pcd.o
    0x08002cf8   0x08002cf8   0x00000030   Code   RO          529    i.HAL_PCD_SuspendCallback  usbd_conf.o
    0x08002d28   0x08002d28   0x0000053c   Code   RO         1778    i.HAL_RCCEx_PeriphCLKConfig  stm32f7xx_hal_rcc_ex.o
    0x08003264   0x08003264   0x0000012c   Code   RO         1671    i.HAL_RCC_ClockConfig  stm32f7xx_hal_rcc.o
    0x08003390   0x08003390   0x0000000c   Code   RO         1676    i.HAL_RCC_GetHCLKFreq  stm32f7xx_hal_rcc.o
    0x0800339c   0x0800339c   0x00000020   Code   RO         1678    i.HAL_RCC_GetPCLK1Freq  stm32f7xx_hal_rcc.o
    0x080033bc   0x080033bc   0x00000020   Code   RO         1679    i.HAL_RCC_GetPCLK2Freq  stm32f7xx_hal_rcc.o
    0x080033dc   0x080033dc   0x00000060   Code   RO         1680    i.HAL_RCC_GetSysClockFreq  stm32f7xx_hal_rcc.o
    0x0800343c   0x0800343c   0x0000033c   Code   RO         1683    i.HAL_RCC_OscConfig  stm32f7xx_hal_rcc.o
    0x08003778   0x08003778   0x00000026   Code   RO         2459    i.HAL_SYSTICK_Config  stm32f7xx_hal_cortex.o
    0x0800379e   0x0800379e   0x00000002   Code   RO         4469    i.HAL_TIMEx_Break2Callback  stm32f7xx_hal_tim_ex.o
    0x080037a0   0x080037a0   0x00000002   Code   RO         4470    i.HAL_TIMEx_BreakCallback  stm32f7xx_hal_tim_ex.o
    0x080037a2   0x080037a2   0x00000002   Code   RO         4471    i.HAL_TIMEx_CommutCallback  stm32f7xx_hal_tim_ex.o
    0x080037a4   0x080037a4   0x00000060   Code   RO         4490    i.HAL_TIMEx_MasterConfigSynchronization  stm32f7xx_hal_tim_ex.o
    0x08003804   0x08003804   0x00000036   Code   RO         3784    i.HAL_TIM_Base_Init  stm32f7xx_hal_tim.o
    0x0800383a   0x0800383a   0x00000002   PAD
    0x0800383c   0x0800383c   0x0000008c   Code   RO          985    i.HAL_TIM_Base_MspInit  stm32f7xx_hal_msp.o
    0x080038c8   0x080038c8   0x00000030   Code   RO         3787    i.HAL_TIM_Base_Start  stm32f7xx_hal_tim.o
    0x080038f8   0x080038f8   0x0000002c   Code   RO         3789    i.HAL_TIM_Base_Start_IT  stm32f7xx_hal_tim.o
    0x08003924   0x08003924   0x000000dc   Code   RO         3793    i.HAL_TIM_ConfigClockSource  stm32f7xx_hal_tim.o
    0x08003a00   0x08003a00   0x00000002   Code   RO         3813    i.HAL_TIM_IC_CaptureCallback  stm32f7xx_hal_tim.o
    0x08003a02   0x08003a02   0x00000182   Code   RO         3827    i.HAL_TIM_IRQHandler  stm32f7xx_hal_tim.o
    0x08003b84   0x08003b84   0x00000084   Code   RO          986    i.HAL_TIM_MspPostInit  stm32f7xx_hal_msp.o
    0x08003c08   0x08003c08   0x00000002   Code   RO         3830    i.HAL_TIM_OC_DelayElapsedCallback  stm32f7xx_hal_tim.o
    0x08003c0a   0x08003c0a   0x00000128   Code   RO         3851    i.HAL_TIM_PWM_ConfigChannel  stm32f7xx_hal_tim.o
    0x08003d32   0x08003d32   0x00000036   Code   RO         3854    i.HAL_TIM_PWM_Init  stm32f7xx_hal_tim.o
    0x08003d68   0x08003d68   0x00000002   Code   RO         3856    i.HAL_TIM_PWM_MspInit  stm32f7xx_hal_tim.o
    0x08003d6a   0x08003d6a   0x00000002   Code   RO         3857    i.HAL_TIM_PWM_PulseFinishedCallback  stm32f7xx_hal_tim.o
    0x08003d6c   0x08003d6c   0x0000004c   Code   RO         3859    i.HAL_TIM_PWM_Start  stm32f7xx_hal_tim.o
    0x08003db8   0x08003db8   0x00000054   Code   RO          329    i.HAL_TIM_PeriodElapsedCallback  main.o
    0x08003e0c   0x08003e0c   0x00000002   Code   RO         3870    i.HAL_TIM_TriggerCallback  stm32f7xx_hal_tim.o
    0x08003e0e   0x08003e0e   0x00000002   Code   RO         4760    i.HAL_UART_ErrorCallback  stm32f7xx_hal_uart.o
    0x08003e10   0x08003e10   0x00000128   Code   RO         4763    i.HAL_UART_IRQHandler  stm32f7xx_hal_uart.o
    0x08003f38   0x08003f38   0x00000066   Code   RO         4764    i.HAL_UART_Init     stm32f7xx_hal_uart.o
    0x08003f9e   0x08003f9e   0x00000002   PAD
    0x08003fa0   0x08003fa0   0x000000f8   Code   RO          988    i.HAL_UART_MspInit  stm32f7xx_hal_msp.o
    0x08004098   0x08004098   0x00000002   Code   RO         4775    i.HAL_UART_TxCpltCallback  stm32f7xx_hal_uart.o
    0x0800409a   0x0800409a   0x00000002   Code   RO          867    i.HardFault_Handler  stm32f7xx_it.o
    0x0800409c   0x0800409c   0x00000038   Code   RO          717    i.IntToUnicode      usbd_desc.o
    0x080040d4   0x080040d4   0x00000058   Code   RO          330    i.MX_ADC1_Init      main.o
    0x0800412c   0x0800412c   0x00000058   Code   RO          331    i.MX_ADC2_Init      main.o
    0x08004184   0x08004184   0x00000068   Code   RO          332    i.MX_ADC3_Init      main.o
    0x080041ec   0x080041ec   0x00000044   Code   RO          333    i.MX_ETH_Init       main.o
    0x08004230   0x08004230   0x0000017c   Code   RO          334    i.MX_GPIO_Init      main.o
    0x080043ac   0x080043ac   0x00000058   Code   RO          335    i.MX_TIM1_Init      main.o
    0x08004404   0x08004404   0x00000054   Code   RO          336    i.MX_TIM2_Init      main.o
    0x08004458   0x08004458   0x0000007c   Code   RO          337    i.MX_TIM3_Init      main.o
    0x080044d4   0x080044d4   0x0000007c   Code   RO          338    i.MX_TIM4_Init      main.o
    0x08004550   0x08004550   0x00000030   Code   RO          339    i.MX_USART2_UART_Init  main.o
    0x08004580   0x08004580   0x00000030   Code   RO          340    i.MX_USART3_UART_Init  main.o
    0x080045b0   0x080045b0   0x00000054   Code   RO          485    i.MX_USB_DEVICE_Init  usb_device.o
    0x08004604   0x08004604   0x00000054   Code   RO          169    i.MY_FLASH_ReadN    my_flash.o
    0x08004658   0x08004658   0x0000000c   Code   RO          170    i.MY_FLASH_SetSectorAddrs  my_flash.o
    0x08004664   0x08004664   0x00000094   Code   RO          171    i.MY_FLASH_WriteN   my_flash.o
    0x080046f8   0x080046f8   0x00000002   Code   RO          868    i.MemManage_Handler  stm32f7xx_it.o
    0x080046fa   0x080046fa   0x00000002   PAD
    0x080046fc   0x080046fc   0x00000348   Code   RO           16    i.ModifiedCenterOfGravity  fuzzy_f4.o
    0x08004a44   0x08004a44   0x00000002   Code   RO          869    i.NMI_Handler       stm32f7xx_it.o
    0x08004a46   0x08004a46   0x00000002   PAD
    0x08004a48   0x08004a48   0x0000000c   Code   RO          870    i.OTG_FS_IRQHandler  stm32f7xx_it.o
    0x08004a54   0x08004a54   0x000000dc   Code   RO         1128    i.PCD_EP_OutXfrComplete_int  stm32f7xx_hal_pcd.o
    0x08004b30   0x08004b30   0x000000a2   Code   RO         1129    i.PCD_WriteEmptyTxFifo  stm32f7xx_hal_pcd.o
    0x08004bd2   0x08004bd2   0x00000002   Code   RO          871    i.PendSV_Handler    stm32f7xx_it.o
    0x08004bd4   0x08004bd4   0x00000002   Code   RO          872    i.SVC_Handler       stm32f7xx_it.o
    0x08004bd6   0x08004bd6   0x00000004   Code   RO          873    i.SysTick_Handler   stm32f7xx_it.o
    0x08004bda   0x08004bda   0x00000002   PAD
    0x08004bdc   0x08004bdc   0x000000a4   Code   RO          341    i.SystemClock_Config  main.o
    0x08004c80   0x08004c80   0x00000054   Code   RO         1059    i.SystemInit        system_stm32f7xx.o
    0x08004cd4   0x08004cd4   0x0000000c   Code   RO          874    i.TIM2_IRQHandler   stm32f7xx_it.o
    0x08004ce0   0x08004ce0   0x000000cc   Code   RO         3872    i.TIM_Base_SetConfig  stm32f7xx_hal_tim.o
    0x08004dac   0x08004dac   0x0000001a   Code   RO         3873    i.TIM_CCxChannelCmd  stm32f7xx_hal_tim.o
    0x08004dc6   0x08004dc6   0x00000012   Code   RO         3883    i.TIM_ETR_SetConfig  stm32f7xx_hal_tim.o
    0x08004dd8   0x08004dd8   0x00000010   Code   RO         3884    i.TIM_ITRx_SetConfig  stm32f7xx_hal_tim.o
    0x08004de8   0x08004de8   0x00000074   Code   RO         3885    i.TIM_OC1_SetConfig  stm32f7xx_hal_tim.o
    0x08004e5c   0x08004e5c   0x00000078   Code   RO         3886    i.TIM_OC2_SetConfig  stm32f7xx_hal_tim.o
    0x08004ed4   0x08004ed4   0x00000078   Code   RO         3887    i.TIM_OC3_SetConfig  stm32f7xx_hal_tim.o
    0x08004f4c   0x08004f4c   0x00000058   Code   RO         3888    i.TIM_OC4_SetConfig  stm32f7xx_hal_tim.o
    0x08004fa4   0x08004fa4   0x00000058   Code   RO         3889    i.TIM_OC5_SetConfig  stm32f7xx_hal_tim.o
    0x08004ffc   0x08004ffc   0x00000058   Code   RO         3890    i.TIM_OC6_SetConfig  stm32f7xx_hal_tim.o
    0x08005054   0x08005054   0x00000022   Code   RO         3892    i.TIM_TI1_ConfigInputStage  stm32f7xx_hal_tim.o
    0x08005076   0x08005076   0x00000024   Code   RO         3894    i.TIM_TI2_ConfigInputStage  stm32f7xx_hal_tim.o
    0x0800509a   0x0800509a   0x000000c8   Code   RO         4777    i.UART_AdvFeatureConfig  stm32f7xx_hal_uart.o
    0x08005162   0x08005162   0x0000003c   Code   RO         4778    i.UART_CheckIdleState  stm32f7xx_hal_uart.o
    0x0800519e   0x0800519e   0x00000014   Code   RO         4779    i.UART_DMAAbortOnError  stm32f7xx_hal_uart.o
    0x080051b2   0x080051b2   0x00000020   Code   RO         4789    i.UART_EndRxTransfer  stm32f7xx_hal_uart.o
    0x080051d2   0x080051d2   0x00000002   PAD
    0x080051d4   0x080051d4   0x00000254   Code   RO         4793    i.UART_SetConfig    stm32f7xx_hal_uart.o
    0x08005428   0x08005428   0x00000060   Code   RO         4796    i.UART_WaitOnFlagUntilTimeout  stm32f7xx_hal_uart.o
    0x08005488   0x08005488   0x0000000c   Code   RO          875    i.USART2_IRQHandler  stm32f7xx_it.o
    0x08005494   0x08005494   0x0000004a   Code   RO         5387    i.USBD_CDC_DataIn   usbd_cdc.o
    0x080054de   0x080054de   0x0000002e   Code   RO         5388    i.USBD_CDC_DataOut  usbd_cdc.o
    0x0800550c   0x0800550c   0x00000044   Code   RO         5389    i.USBD_CDC_DeInit   usbd_cdc.o
    0x08005550   0x08005550   0x00000024   Code   RO         5390    i.USBD_CDC_EP0_RxReady  usbd_cdc.o
    0x08005574   0x08005574   0x0000000c   Code   RO         5391    i.USBD_CDC_GetDeviceQualifierDescriptor  usbd_cdc.o
    0x08005580   0x08005580   0x0000000c   Code   RO         5392    i.USBD_CDC_GetFSCfgDesc  usbd_cdc.o
    0x0800558c   0x0800558c   0x0000000c   Code   RO         5393    i.USBD_CDC_GetHSCfgDesc  usbd_cdc.o
    0x08005598   0x08005598   0x0000000c   Code   RO         5394    i.USBD_CDC_GetOtherSpeedCfgDesc  usbd_cdc.o
    0x080055a4   0x080055a4   0x00000094   Code   RO         5395    i.USBD_CDC_Init     usbd_cdc.o
    0x08005638   0x08005638   0x00000028   Code   RO         5396    i.USBD_CDC_ReceivePacket  usbd_cdc.o
    0x08005660   0x08005660   0x00000014   Code   RO         5397    i.USBD_CDC_RegisterInterface  usbd_cdc.o
    0x08005674   0x08005674   0x0000000c   Code   RO         5398    i.USBD_CDC_SetRxBuffer  usbd_cdc.o
    0x08005680   0x08005680   0x00000010   Code   RO         5399    i.USBD_CDC_SetTxBuffer  usbd_cdc.o
    0x08005690   0x08005690   0x000000ae   Code   RO         5400    i.USBD_CDC_Setup    usbd_cdc.o
    0x0800573e   0x0800573e   0x0000000e   Code   RO         5124    i.USBD_ClrClassConfig  usbd_core.o
    0x0800574c   0x0800574c   0x00000010   Code   RO         5327    i.USBD_CtlContinueRx  usbd_ioreq.o
    0x0800575c   0x0800575c   0x00000010   Code   RO         5328    i.USBD_CtlContinueSendData  usbd_ioreq.o
    0x0800576c   0x0800576c   0x00000016   Code   RO         5262    i.USBD_CtlError     usbd_ctlreq.o
    0x08005782   0x08005782   0x0000001e   Code   RO         5329    i.USBD_CtlPrepareRx  usbd_ioreq.o
    0x080057a0   0x080057a0   0x00000016   Code   RO         5330    i.USBD_CtlReceiveStatus  usbd_ioreq.o
    0x080057b6   0x080057b6   0x0000001a   Code   RO         5331    i.USBD_CtlSendData  usbd_ioreq.o
    0x080057d0   0x080057d0   0x00000016   Code   RO         5332    i.USBD_CtlSendStatus  usbd_ioreq.o
    0x080057e6   0x080057e6   0x00000002   PAD
    0x080057e8   0x080057e8   0x00000020   Code   RO          718    i.USBD_FS_ConfigStrDescriptor  usbd_desc.o
    0x08005808   0x08005808   0x0000000c   Code   RO          719    i.USBD_FS_DeviceDescriptor  usbd_desc.o
    0x08005814   0x08005814   0x00000024   Code   RO          720    i.USBD_FS_InterfaceStrDescriptor  usbd_desc.o
    0x08005838   0x08005838   0x0000000c   Code   RO          721    i.USBD_FS_LangIDStrDescriptor  usbd_desc.o
    0x08005844   0x08005844   0x00000028   Code   RO          722    i.USBD_FS_ManufacturerStrDescriptor  usbd_desc.o
    0x0800586c   0x0800586c   0x0000002c   Code   RO          723    i.USBD_FS_ProductStrDescriptor  usbd_desc.o
    0x08005898   0x08005898   0x0000003c   Code   RO          724    i.USBD_FS_SerialStrDescriptor  usbd_desc.o
    0x080058d4   0x080058d4   0x0000000c   Code   RO          725    i.USBD_FS_USR_BOSDescriptor  usbd_desc.o
    0x080058e0   0x080058e0   0x000000fe   Code   RO         5263    i.USBD_GetDescriptor  usbd_ctlreq.o
    0x080059de   0x080059de   0x0000004a   Code   RO         5264    i.USBD_GetString    usbd_ctlreq.o
    0x08005a28   0x08005a28   0x00000018   Code   RO          530    i.USBD_Get_USB_Status  usbd_conf.o
    0x08005a40   0x08005a40   0x0000002a   Code   RO         5126    i.USBD_Init         usbd_core.o
    0x08005a6a   0x08005a6a   0x00000012   Code   RO          531    i.USBD_LL_ClearStallEP  usbd_conf.o
    0x08005a7c   0x08005a7c   0x00000012   Code   RO          532    i.USBD_LL_CloseEP   usbd_conf.o
    0x08005a8e   0x08005a8e   0x000000c2   Code   RO         5127    i.USBD_LL_DataInStage  usbd_core.o
    0x08005b50   0x08005b50   0x00000082   Code   RO         5128    i.USBD_LL_DataOutStage  usbd_core.o
    0x08005bd2   0x08005bd2   0x00000004   Code   RO         5129    i.USBD_LL_DevConnected  usbd_core.o
    0x08005bd6   0x08005bd6   0x00000016   Code   RO         5130    i.USBD_LL_DevDisconnected  usbd_core.o
    0x08005bec   0x08005bec   0x00000008   Code   RO          536    i.USBD_LL_GetRxDataSize  usbd_conf.o
    0x08005bf4   0x08005bf4   0x00000060   Code   RO          537    i.USBD_LL_Init      usbd_conf.o
    0x08005c54   0x08005c54   0x00000020   Code   RO          538    i.USBD_LL_IsStallEP  usbd_conf.o
    0x08005c74   0x08005c74   0x00000004   Code   RO         5131    i.USBD_LL_IsoINIncomplete  usbd_core.o
    0x08005c78   0x08005c78   0x00000004   Code   RO         5132    i.USBD_LL_IsoOUTIncomplete  usbd_core.o
    0x08005c7c   0x08005c7c   0x00000018   Code   RO          539    i.USBD_LL_OpenEP    usbd_conf.o
    0x08005c94   0x08005c94   0x00000012   Code   RO          540    i.USBD_LL_PrepareReceive  usbd_conf.o
    0x08005ca6   0x08005ca6   0x00000050   Code   RO         5133    i.USBD_LL_Reset     usbd_core.o
    0x08005cf6   0x08005cf6   0x0000000c   Code   RO         5134    i.USBD_LL_Resume    usbd_core.o
    0x08005d02   0x08005d02   0x00000018   Code   RO         5135    i.USBD_LL_SOF       usbd_core.o
    0x08005d1a   0x08005d1a   0x00000006   Code   RO         5136    i.USBD_LL_SetSpeed  usbd_core.o
    0x08005d20   0x08005d20   0x00000012   Code   RO          541    i.USBD_LL_SetUSBAddress  usbd_conf.o
    0x08005d32   0x08005d32   0x00000056   Code   RO         5137    i.USBD_LL_SetupStage  usbd_core.o
    0x08005d88   0x08005d88   0x00000012   Code   RO          542    i.USBD_LL_StallEP   usbd_conf.o
    0x08005d9a   0x08005d9a   0x00000012   Code   RO          543    i.USBD_LL_Start     usbd_conf.o
    0x08005dac   0x08005dac   0x00000012   Code   RO         5138    i.USBD_LL_Suspend   usbd_core.o
    0x08005dbe   0x08005dbe   0x00000012   Code   RO          545    i.USBD_LL_Transmit  usbd_conf.o
    0x08005dd0   0x08005dd0   0x00000028   Code   RO         5265    i.USBD_ParseSetupRequest  usbd_ctlreq.o
    0x08005df8   0x08005df8   0x00000012   Code   RO         5139    i.USBD_RegisterClass  usbd_core.o
    0x08005e0a   0x08005e0a   0x00000016   Code   RO         5141    i.USBD_SetClassConfig  usbd_core.o
    0x08005e20   0x08005e20   0x00000088   Code   RO         5266    i.USBD_SetConfig    usbd_ctlreq.o
    0x08005ea8   0x08005ea8   0x0000000a   Code   RO         5142    i.USBD_Start        usbd_core.o
    0x08005eb2   0x08005eb2   0x00000114   Code   RO         5267    i.USBD_StdDevReq    usbd_ctlreq.o
    0x08005fc6   0x08005fc6   0x00000150   Code   RO         5268    i.USBD_StdEPReq     usbd_ctlreq.o
    0x08006116   0x08006116   0x0000004e   Code   RO         5269    i.USBD_StdItfReq    usbd_ctlreq.o
    0x08006164   0x08006164   0x00000080   Code   RO         1371    i.USB_ActivateEndpoint  stm32f7xx_ll_usb.o
    0x080061e4   0x080061e4   0x00000034   Code   RO         1373    i.USB_ActivateSetup  stm32f7xx_ll_usb.o
    0x08006218   0x08006218   0x0000006c   Code   RO         1375    i.USB_CoreInit      stm32f7xx_ll_usb.o
    0x08006284   0x08006284   0x00000038   Code   RO         1376    i.USB_CoreReset     stm32f7xx_ll_usb.o
    0x080062bc   0x080062bc   0x00000080   Code   RO         1379    i.USB_DeactivateEndpoint  stm32f7xx_ll_usb.o
    0x0800633c   0x0800633c   0x00000018   Code   RO         1380    i.USB_DevConnect    stm32f7xx_ll_usb.o
    0x08006354   0x08006354   0x00000018   Code   RO         1381    i.USB_DevDisconnect  stm32f7xx_ll_usb.o
    0x0800636c   0x0800636c   0x00000194   Code   RO         1382    i.USB_DevInit       stm32f7xx_ll_usb.o
    0x08006500   0x08006500   0x0000000c   Code   RO         1383    i.USB_DisableGlobalInt  stm32f7xx_ll_usb.o
    0x0800650c   0x0800650c   0x00000110   Code   RO         1386    i.USB_EP0StartXfer  stm32f7xx_ll_usb.o
    0x0800661c   0x0800661c   0x00000058   Code   RO         1387    i.USB_EP0_OutStart  stm32f7xx_ll_usb.o
    0x08006674   0x08006674   0x00000058   Code   RO         1388    i.USB_EPClearStall  stm32f7xx_ll_usb.o
    0x080066cc   0x080066cc   0x00000058   Code   RO         1389    i.USB_EPSetStall    stm32f7xx_ll_usb.o
    0x08006724   0x08006724   0x000001c8   Code   RO         1390    i.USB_EPStartXfer   stm32f7xx_ll_usb.o
    0x080068ec   0x080068ec   0x0000000c   Code   RO         1391    i.USB_EnableGlobalInt  stm32f7xx_ll_usb.o
    0x080068f8   0x080068f8   0x00000020   Code   RO         1392    i.USB_FlushRxFifo   stm32f7xx_ll_usb.o
    0x08006918   0x08006918   0x00000024   Code   RO         1393    i.USB_FlushTxFifo   stm32f7xx_ll_usb.o
    0x0800693c   0x0800693c   0x0000001a   Code   RO         1395    i.USB_GetDevSpeed   stm32f7xx_ll_usb.o
    0x08006956   0x08006956   0x00000008   Code   RO         1397    i.USB_GetMode       stm32f7xx_ll_usb.o
    0x0800695e   0x0800695e   0x0000000e   Code   RO         1404    i.USB_ReadDevAllInEpInterrupt  stm32f7xx_ll_usb.o
    0x0800696c   0x0800696c   0x0000000e   Code   RO         1405    i.USB_ReadDevAllOutEpInterrupt  stm32f7xx_ll_usb.o
    0x0800697a   0x0800697a   0x00000024   Code   RO         1406    i.USB_ReadDevInEPInterrupt  stm32f7xx_ll_usb.o
    0x0800699e   0x0800699e   0x00000010   Code   RO         1407    i.USB_ReadDevOutEPInterrupt  stm32f7xx_ll_usb.o
    0x080069ae   0x080069ae   0x00000008   Code   RO         1408    i.USB_ReadInterrupts  stm32f7xx_ll_usb.o
    0x080069b6   0x080069b6   0x0000001c   Code   RO         1409    i.USB_ReadPacket    stm32f7xx_ll_usb.o
    0x080069d2   0x080069d2   0x0000002e   Code   RO         1411    i.USB_SetCurrentMode  stm32f7xx_ll_usb.o
    0x08006a00   0x08006a00   0x00000022   Code   RO         1412    i.USB_SetDevAddress  stm32f7xx_ll_usb.o
    0x08006a22   0x08006a22   0x00000002   PAD
    0x08006a24   0x08006a24   0x000000e8   Code   RO         1414    i.USB_SetTurnaroundTime  stm32f7xx_ll_usb.o
    0x08006b0c   0x08006b0c   0x00000024   Code   RO         1417    i.USB_WritePacket   stm32f7xx_ll_usb.o
    0x08006b30   0x08006b30   0x00000002   Code   RO          876    i.UsageFault_Handler  stm32f7xx_it.o
    0x08006b32   0x08006b32   0x00000022   Code   RO         2461    i.__NVIC_SetPriority  stm32f7xx_hal_cortex.o
    0x08006b54   0x08006b54   0x0000000e   Code   RO         5557    i.__scatterload_copy  mc_w.l(handlers.o)
    0x08006b62   0x08006b62   0x00000002   Code   RO         5558    i.__scatterload_null  mc_w.l(handlers.o)
    0x08006b64   0x08006b64   0x0000000e   Code   RO         5559    i.__scatterload_zeroinit  mc_w.l(handlers.o)
    0x08006b72   0x08006b72   0x00000002   PAD
    0x08006b74   0x08006b74   0x00000160   Code   RO           17    i.firstlastofmax    fuzzy_f4.o
    0x08006cd4   0x08006cd4   0x00000050   Code   RO         5503    i.free              mc_w.l(malloc.o)
    0x08006d24   0x08006d24   0x00000564   Code   RO          342    i.main              main.o
    0x08007288   0x08007288   0x0000006c   Code   RO         5504    i.malloc            mc_w.l(malloc.o)
    0x080072f4   0x080072f4   0x00000014   Code   RO          343    i.map               main.o
    0x08007308   0x08007308   0x00000108   Code   RO           18    i.maxheight         fuzzy_f4.o
    0x08007410   0x08007410   0x0000010c   Code   RO           19    i.membership        fuzzy_f4.o
    0x0800751c   0x0800751c   0x00000004   Data   RO           89    .constdata          numtype_f4.o
    0x08007520   0x08007520   0x00000018   Data   RO          106    .constdata          fuzzyv1_f4.o
    0x08007538   0x08007538   0x00000018   Data   RO          107    .constdata          fuzzyv1_f4.o
    0x08007550   0x08007550   0x00000018   Data   RO          108    .constdata          fuzzyv1_f4.o
    0x08007568   0x08007568   0x00000018   Data   RO          109    .constdata          fuzzyv1_f4.o
    0x08007580   0x08007580   0x00000018   Data   RO          110    .constdata          fuzzyv1_f4.o
    0x08007598   0x08007598   0x00000018   Data   RO          111    .constdata          fuzzyv1_f4.o
    0x080075b0   0x080075b0   0x00000018   Data   RO          112    .constdata          fuzzyv1_f4.o
    0x080075c8   0x080075c8   0x00000018   Data   RO          113    .constdata          fuzzyv1_f4.o
    0x080075e0   0x080075e0   0x00000018   Data   RO          114    .constdata          fuzzyv1_f4.o
    0x080075f8   0x080075f8   0x00000018   Data   RO          115    .constdata          fuzzyv1_f4.o
    0x08007610   0x08007610   0x00000018   Data   RO          116    .constdata          fuzzyv1_f4.o
    0x08007628   0x08007628   0x00000018   Data   RO          117    .constdata          fuzzyv1_f4.o
    0x08007640   0x08007640   0x00000018   Data   RO          118    .constdata          fuzzyv1_f4.o
    0x08007658   0x08007658   0x00000018   Data   RO          119    .constdata          fuzzyv1_f4.o
    0x08007670   0x08007670   0x00000018   Data   RO          120    .constdata          fuzzyv1_f4.o
    0x08007688   0x08007688   0x00000018   Data   RO          121    .constdata          fuzzyv1_f4.o
    0x080076a0   0x080076a0   0x00000018   Data   RO          122    .constdata          fuzzyv1_f4.o
    0x080076b8   0x080076b8   0x00000018   Data   RO          123    .constdata          fuzzyv1_f4.o
    0x080076d0   0x080076d0   0x00000018   Data   RO          124    .constdata          fuzzyv1_f4.o
    0x080076e8   0x080076e8   0x00000018   Data   RO          125    .constdata          fuzzyv1_f4.o
    0x08007700   0x08007700   0x00000028   Data   RO          126    .constdata          fuzzyv1_f4.o
    0x08007728   0x08007728   0x00000028   Data   RO          127    .constdata          fuzzyv1_f4.o
    0x08007750   0x08007750   0x00000010   Data   RO          128    .constdata          fuzzyv1_f4.o
    0x08007760   0x08007760   0x00000028   Data   RO          129    .constdata          fuzzyv1_f4.o
    0x08007788   0x08007788   0x00000028   Data   RO          130    .constdata          fuzzyv1_f4.o
    0x080077b0   0x080077b0   0x00000020   Data   RO          131    .constdata          fuzzyv1_f4.o
    0x080077d0   0x080077d0   0x00000014   Data   RO          132    .constdata          fuzzyv1_f4.o
    0x080077e4   0x080077e4   0x00000014   Data   RO          133    .constdata          fuzzyv1_f4.o
    0x080077f8   0x080077f8   0x00000028   Data   RO          134    .constdata          fuzzyv1_f4.o
    0x08007820   0x08007820   0x00000020   Data   RO          135    .constdata          fuzzyv1_f4.o
    0x08007840   0x08007840   0x00000010   Data   RO         1060    .constdata          system_stm32f7xx.o
    0x08007850   0x08007850   0x00000008   Data   RO         1061    .constdata          system_stm32f7xx.o
    0x08007858   0x08007858   0x00000008   Data   RO         2095    .constdata          stm32f7xx_hal_dma.o
    0x08007860   0x08007860   0x00000020   Data   RO         5555    Region$$Table       anon$$obj.o


    Execution Region RW_IRAM1 (Exec base: 0x20000000, Load base: 0x08007880, Size: 0x0001b768, Max: 0x00080000, ABSOLUTE, COMPRESSED[0x000000d4])

    Exec Addr    Load Addr    Size         Type   Attr      Idx    E Section Name        Object

    0x20000000   COMPRESSED   0x00000008   Data   RW          172    .data               my_flash.o
    0x20000008   COMPRESSED   0x00000094   Data   RW          347    .data               main.o
    0x2000009c   COMPRESSED   0x00000020   Data   RW          727    .data               usbd_desc.o
    0x200000bc   COMPRESSED   0x0000003e   Data   RW          728    .data               usbd_desc.o
    0x200000fa   COMPRESSED   0x00000002   PAD
    0x200000fc   COMPRESSED   0x00000010   Data   RW          815    .data               usbd_cdc_if.o
    0x2000010c   COMPRESSED   0x00000004   Data   RW         1062    .data               system_stm32f7xx.o
    0x20000110   COMPRESSED   0x0000000c   Data   RW         2609    .data               stm32f7xx_hal.o
    0x2000011c   COMPRESSED   0x00000001   Data   RW         5270    .data               usbd_ctlreq.o
    0x2000011d   COMPRESSED   0x00000003   PAD
    0x20000120   COMPRESSED   0x000000d7   Data   RW         5402    .data               usbd_cdc.o
    0x200001f7   COMPRESSED   0x00000001   PAD
    0x200001f8   COMPRESSED   0x00000038   Data   RW         5403    .data               usbd_cdc.o
    0x20000230   COMPRESSED   0x00000004   Data   RW         5551    .data               mc_w.l(mvars.o)
    0x20000234   COMPRESSED   0x00000004   Data   RW         5552    .data               mc_w.l(mvars.o)
    0x20000238        -       0x00000014   Zero   RW          105    .bss                fuzzyv1_f4.o
    0x2000024c        -       0x00013ba0   Zero   RW          344    .bss                main.o
    0x20013dec        -       0x00000060   Zero   RW          345    .bss                main.o
    0x20013e4c        -       0x00000060   Zero   RW          346    .bss                main.o
    0x20013eac        -       0x0000029c   Zero   RW          486    .bss                usb_device.o
    0x20014148        -       0x00000404   Zero   RW          546    .bss                usbd_conf.o
    0x2001454c        -       0x00000200   Zero   RW          726    .bss                usbd_desc.o
    0x2001474c        -       0x00001000   Zero   RW          814    .bss                usbd_cdc_if.o
    0x2001574c        -       0x0000001c   Zero   RW         1849    .bss                stm32f7xx_hal_flash.o
    0x20015768        -       0x00002000   Zero   RW            2    HEAP                startup_stm32f767xx.o
    0x20017768        -       0x00004000   Zero   RW            1    STACK               startup_stm32f767xx.o


==============================================================================

Image component sizes


      Code (inc. data)   RO Data    RW Data    ZI Data      Debug   Object Name

      3550         78          0          0          0      16100   fuzzy_f4.o
        82         24        800          0         20       4030   fuzzyv1_f4.o
      2918        286          0        148      80992      20303   main.o
       244         16          0          8          0     930433   my_flash.o
         0          0          4          0          0       1296   numtype_f4.o
        36          8        504          0      24576        856   startup_stm32f767xx.o
       150         24          0         12          0       9337   stm32f7xx_hal.o
      1896         76          0          0          0      11476   stm32f7xx_hal_adc.o
         2          0          0          0          0       1017   stm32f7xx_hal_adc_ex.o
       198         12          0          0          0      39107   stm32f7xx_hal_cortex.o
       966         16          8          0          0       6650   stm32f7xx_hal_dma.o
      1044         66          0          0          0       5424   stm32f7xx_hal_eth.o
       532         70          0          0         28       6830   stm32f7xx_hal_flash.o
        92          6          0          0          0        777   stm32f7xx_hal_flash_ex.o
       516         60          0          0          0       3954   stm32f7xx_hal_gpio.o
      1108        134          0          0          0       5373   stm32f7xx_hal_msp.o
      2426         16          0          0          0      13369   stm32f7xx_hal_pcd.o
       118          6          0          0          0       2576   stm32f7xx_hal_pcd_ex.o
      1300         70          0          0          0       5724   stm32f7xx_hal_rcc.o
      1340         22          0          0          0       2360   stm32f7xx_hal_rcc_ex.o
      2142        152          0          0          0      19279   stm32f7xx_hal_tim.o
       102          8          0          0          0       3148   stm32f7xx_hal_tim_ex.o
      1406         74          0          0          0       8738   stm32f7xx_hal_uart.o
       122         42          0          0          0       7676   stm32f7xx_it.o
      2506        138          0          0          0      23319   stm32f7xx_ll_usb.o
        84         16         24          4          0       1287   system_stm32f7xx.o
        84         18          0          0        668        824   usb_device.o
       682         16          0        271          0      13056   usbd_cdc.o
        68         16          0         16       4096       2762   usbd_cdc_if.o
       754         24          0          0       1028      16197   usbd_conf.o
       690          0          0          0          0      12637   usbd_core.o
      1216         22          0          1          0       8380   usbd_ctlreq.o
       304        110          0         94        512       6789   usbd_desc.o
       132          0          0          0          0       4672   usbd_ioreq.o

    ----------------------------------------------------------------------
     28854       1626       1372        560     111920    1215756   Object Totals
         0          0         32          0          0          0   (incl. Generated)
        44          0          0          6          0          0   (incl. Padding)

    ----------------------------------------------------------------------

      Code (inc. data)   RO Data    RW Data    ZI Data      Debug   Library Member Name

        86          0          0          0          0          0   __dczerorl2.o
        28          0          0          0          0         76   calloc.o
         0          0          0          0          0          0   entry.o
         0          0          0          0          0          0   entry10a.o
         0          0          0          0          0          0   entry11a.o
         8          4          0          0          0          0   entry2.o
         4          0          0          0          0          0   entry5.o
         0          0          0          0          0          0   entry7b.o
         0          0          0          0          0          0   entry8b.o
         8          4          0          0          0          0   entry9a.o
        30          0          0          0          0          0   handlers.o
        36          8          0          0          0         68   init.o
        30          0          0          0          0         68   llshl.o
        32          0          0          0          0         68   llushr.o
       188         20          0          0          0        160   malloc.o
        36          0          0          0          0         68   memcpya.o
        36          0          0          0          0        108   memseta.o
         0          0          0          8          0          0   mvars.o
        98          0          0          0          0         92   uldiv.o

    ----------------------------------------------------------------------
       622         36          0          8          0        708   Library Totals
         2          0          0          0          0          0   (incl. Padding)

    ----------------------------------------------------------------------

      Code (inc. data)   RO Data    RW Data    ZI Data      Debug   Library Name

       620         36          0          8          0        708   mc_w.l

    ----------------------------------------------------------------------
       622         36          0          8          0        708   Library Totals

    ----------------------------------------------------------------------

==============================================================================


      Code (inc. data)   RO Data    RW Data    ZI Data      Debug   

     29476       1662       1372        568     111920    1189136   Grand Totals
     29476       1662       1372        212     111920    1189136   ELF Image Totals (compressed)
     29476       1662       1372        212          0          0   ROM Totals

==============================================================================

    Total RO  Size (Code + RO Data)                30848 (  30.13kB)
    Total RW  Size (RW Data + ZI Data)            112488 ( 109.85kB)
    Total ROM Size (Code + RO Data + RW Data)      31060 (  30.33kB)

==============================================================================

