Component: ARM Compiler 5.06 update 6 (build 750) Tool: armlink [4d35ed]

==============================================================================

Section Cross References

    startup_stm32f767xx.o(RESET) refers to startup_stm32f767xx.o(STACK) for __initial_sp
    startup_stm32f767xx.o(RESET) refers to startup_stm32f767xx.o(.text) for Reset_Handler
    startup_stm32f767xx.o(RESET) refers to stm32f7xx_it.o(i.NMI_Handler) for NMI_Handler
    startup_stm32f767xx.o(RESET) refers to stm32f7xx_it.o(i.HardFault_Handler) for HardFault_Handler
    startup_stm32f767xx.o(RESET) refers to stm32f7xx_it.o(i.MemManage_Handler) for MemManage_Handler
    startup_stm32f767xx.o(RESET) refers to stm32f7xx_it.o(i.BusFault_Handler) for BusFault_Handler
    startup_stm32f767xx.o(RESET) refers to stm32f7xx_it.o(i.UsageFault_Handler) for UsageFault_Handler
    startup_stm32f767xx.o(RESET) refers to stm32f7xx_it.o(i.SVC_Handler) for SVC_Handler
    startup_stm32f767xx.o(RESET) refers to stm32f7xx_it.o(i.DebugMon_Handler) for DebugMon_Handler
    startup_stm32f767xx.o(RESET) refers to stm32f7xx_it.o(i.PendSV_Handler) for PendSV_Handler
    startup_stm32f767xx.o(RESET) refers to stm32f7xx_it.o(i.SysTick_Handler) for SysTick_Handler
    startup_stm32f767xx.o(RESET) refers to stm32f7xx_it.o(i.EXTI0_IRQHandler) for EXTI0_IRQHandler
    startup_stm32f767xx.o(RESET) refers to stm32f7xx_it.o(i.DMA1_Stream5_IRQHandler) for DMA1_Stream5_IRQHandler
    startup_stm32f767xx.o(RESET) refers to stm32f7xx_it.o(i.ADC_IRQHandler) for ADC_IRQHandler
    startup_stm32f767xx.o(RESET) refers to stm32f7xx_it.o(i.TIM2_IRQHandler) for TIM2_IRQHandler
    startup_stm32f767xx.o(RESET) refers to stm32f7xx_it.o(i.USART2_IRQHandler) for USART2_IRQHandler
    startup_stm32f767xx.o(RESET) refers to stm32f7xx_it.o(i.DMA2_Stream0_IRQHandler) for DMA2_Stream0_IRQHandler
    startup_stm32f767xx.o(RESET) refers to stm32f7xx_it.o(i.OTG_FS_IRQHandler) for OTG_FS_IRQHandler
    startup_stm32f767xx.o(.text) refers to system_stm32f7xx.o(i.SystemInit) for SystemInit
    startup_stm32f767xx.o(.text) refers to entry.o(.ARM.Collect$$$$00000000) for __main
    fuzzy_f4.o(i.CenterOfGravity) refers to fuzzy_f4.o(i.membership) for membership
    fuzzy_f4.o(i.CenterOfGravity) refers to fuzzy_f4.o(i.FuzzyInference) for FuzzyInference
    fuzzy_f4.o(i.FCF4_calc) refers to fuzzy_f4.o(i.membership) for membership
    fuzzy_f4.o(i.FCF4_calc) refers to fuzzy_f4.o(i.CenterOfGravity) for CenterOfGravity
    fuzzy_f4.o(i.FCF4_calc) refers to fuzzy_f4.o(i.ModifiedCenterOfGravity) for ModifiedCenterOfGravity
    fuzzy_f4.o(i.FCF4_calc) refers to fuzzy_f4.o(i.AproxCenterOfGravity) for AproxCenterOfGravity
    fuzzy_f4.o(i.FCF4_calc) refers to fuzzy_f4.o(i.maxheight) for maxheight
    fuzzy_f4.o(i.FCF4_calc) refers to fuzzy_f4.o(i.firstlastofmax) for firstlastofmax
    fuzzy_f4.o(i.FCF4_calc) refers to numtype_f4.o(.constdata) for F4One
    fuzzy_f4.o(i.FCF4_free) refers to malloc.o(i.free) for free
    fuzzy_f4.o(i.FCF4_init) refers to calloc.o(.text) for calloc
    fuzzy_f4.o(i.ModifiedCenterOfGravity) refers to fuzzy_f4.o(i.membership) for membership
    fuzzy_f4.o(i.ModifiedCenterOfGravity) refers to fuzzy_f4.o(i.FuzzyInference) for FuzzyInference
    fuzzyv1_f4.o(i.FuzzyV1_F4_calc) refers to fuzzy_f4.o(i.FCF4_calc) for FCF4_calc
    fuzzyv1_f4.o(i.FuzzyV1_F4_calc) refers to fuzzyv1_f4.o(.bss) for .bss
    fuzzyv1_f4.o(i.FuzzyV1_F4_calc) refers to fuzzyv1_f4.o(.constdata) for .constdata
    fuzzyv1_f4.o(i.FuzzyV1_F4_free) refers to fuzzy_f4.o(i.FCF4_free) for FCF4_free
    fuzzyv1_f4.o(i.FuzzyV1_F4_free) refers to fuzzyv1_f4.o(.bss) for .bss
    fuzzyv1_f4.o(i.FuzzyV1_F4_free) refers to fuzzyv1_f4.o(.constdata) for .constdata
    fuzzyv1_f4.o(i.FuzzyV1_F4_init) refers to fuzzy_f4.o(i.FCF4_init) for FCF4_init
    fuzzyv1_f4.o(i.FuzzyV1_F4_init) refers to fuzzyv1_f4.o(.bss) for .bss
    fuzzyv1_f4.o(i.FuzzyV1_F4_init) refers to fuzzyv1_f4.o(.constdata) for .constdata
    fuzzyv1_f4.o(.constdata) refers to fuzzyv1_f4.o(.constdata) for FuzzyV1_F4_e_winkel_0_NegBig
    fuzzyv1_f4.o(.constdata) refers to fuzzyv1_f4.o(.constdata) for FuzzyV1_F4_e_winkel_1_NegSmall
    fuzzyv1_f4.o(.constdata) refers to fuzzyv1_f4.o(.constdata) for FuzzyV1_F4_e_winkel_2_Zero
    fuzzyv1_f4.o(.constdata) refers to fuzzyv1_f4.o(.constdata) for FuzzyV1_F4_e_winkel_3_PosSmall
    fuzzyv1_f4.o(.constdata) refers to fuzzyv1_f4.o(.constdata) for FuzzyV1_F4_e_winkel_4_PosBig
    fuzzyv1_f4.o(.constdata) refers to fuzzyv1_f4.o(.constdata) for FuzzyV1_F4_e_v_0_NegBig
    fuzzyv1_f4.o(.constdata) refers to fuzzyv1_f4.o(.constdata) for FuzzyV1_F4_e_v_1_NegSmall
    fuzzyv1_f4.o(.constdata) refers to fuzzyv1_f4.o(.constdata) for FuzzyV1_F4_e_v_2_Zero
    fuzzyv1_f4.o(.constdata) refers to fuzzyv1_f4.o(.constdata) for FuzzyV1_F4_e_v_3_PosSmall
    fuzzyv1_f4.o(.constdata) refers to fuzzyv1_f4.o(.constdata) for FuzzyV1_F4_e_v_4_PosBig
[...]
    i.USBD_Init                              0x08004a3c   Section        0  usbd_core.o(i.USBD_Init)
    i.USBD_LL_ClearStallEP                   0x08004a66   Section        0  usbd_conf.o(i.USBD_LL_ClearStallEP)
    i.USBD_LL_CloseEP                        0x08004a78   Section        0  usbd_conf.o(i.USBD_LL_CloseEP)
    i.USBD_LL_DataInStage                    0x08004a8a   Section        0  usbd_core.o(i.USBD_LL_DataInStage)
    i.USBD_LL_DataOutStage                   0x08004b4c   Section        0  usbd_core.o(i.USBD_LL_DataOutStage)
    i.USBD_LL_DevConnected                   0x08004bce   Section        0  usbd_core.o(i.USBD_LL_DevConnected)
    i.USBD_LL_DevDisconnected                0x08004bd2   Section        0  usbd_core.o(i.USBD_LL_DevDisconnected)
    i.USBD_LL_GetRxDataSize                  0x08004be8   Section        0  usbd_conf.o(i.USBD_LL_GetRxDataSize)
    i.USBD_LL_Init                           0x08004bf0   Section        0  usbd_conf.o(i.USBD_LL_Init)
    i.USBD_LL_IsStallEP                      0x08004c50   Section        0  usbd_conf.o(i.USBD_LL_IsStallEP)
    i.USBD_LL_IsoINIncomplete                0x08004c70   Section        0  usbd_core.o(i.USBD_LL_IsoINIncomplete)
    i.USBD_LL_IsoOUTIncomplete               0x08004c74   Section        0  usbd_core.o(i.USBD_LL_IsoOUTIncomplete)
    i.USBD_LL_OpenEP                         0x08004c78   Section        0  usbd_conf.o(i.USBD_LL_OpenEP)
    i.USBD_LL_PrepareReceive                 0x08004c90   Section        0  usbd_conf.o(i.USBD_LL_PrepareReceive)
    i.USBD_LL_Reset                          0x08004ca2   Section        0  usbd_core.o(i.USBD_LL_Reset)
    i.USBD_LL_Resume                         0x08004cf2   Section        0  usbd_core.o(i.USBD_LL_Resume)
    i.USBD_LL_SOF                            0x08004cfe   Section        0  usbd_core.o(i.USBD_LL_SOF)
    i.USBD_LL_SetSpeed                       0x08004d16   Section        0  usbd_core.o(i.USBD_LL_SetSpeed)
    i.USBD_LL_SetUSBAddress                  0x08004d1c   Section        0  usbd_conf.o(i.USBD_LL_SetUSBAddress)
    i.USBD_LL_SetupStage                     0x08004d2e   Section        0  usbd_core.o(i.USBD_LL_SetupStage)
    i.USBD_LL_StallEP                        0x08004d84   Section        0  usbd_conf.o(i.USBD_LL_StallEP)
    i.USBD_LL_Start                          0x08004d96   Section        0  usbd_conf.o(i.USBD_LL_Start)
    i.USBD_LL_Suspend                        0x08004da8   Section        0  usbd_core.o(i.USBD_LL_Suspend)
    i.USBD_LL_Transmit                       0x08004dba   Section        0  usbd_conf.o(i.USBD_LL_Transmit)
    i.USBD_ParseSetupRequest                 0x08004dcc   Section        0  usbd_ctlreq.o(i.USBD_ParseSetupRequest)
    i.USBD_RegisterClass                     0x08004df4   Section        0  usbd_core.o(i.USBD_RegisterClass)
    i.USBD_SetClassConfig                    0x08004e06   Section        0  usbd_core.o(i.USBD_SetClassConfig)
    i.USBD_SetConfig                         0x08004e1c   Section        0  usbd_ctlreq.o(i.USBD_SetConfig)
    USBD_SetConfig                           0x08004e1d   Thumb Code   130  usbd_ctlreq.o(i.USBD_SetConfig)
    i.USBD_Start                             0x08004ea4   Section        0  usbd_core.o(i.USBD_Start)
    i.USBD_StdDevReq                         0x08004eae   Section        0  usbd_ctlreq.o(i.USBD_StdDevReq)
    i.USBD_StdEPReq                          0x08004fc2   Section        0  usbd_ctlreq.o(i.USBD_StdEPReq)
    i.USBD_StdItfReq                         0x08005112   Section        0  usbd_ctlreq.o(i.USBD_StdItfReq)
    i.USB_ActivateEndpoint                   0x08005160   Section        0  stm32f7xx_ll_usb.o(i.USB_ActivateEndpoint)
    i.USB_ActivateSetup                      0x080051e0   Section        0  stm32f7xx_ll_usb.o(i.USB_ActivateSetup)
    i.USB_CoreInit                           0x08005214   Section        0  stm32f7xx_ll_usb.o(i.USB_CoreInit)
    i.USB_CoreReset                          0x08005280   Section        0  stm32f7xx_ll_usb.o(i.USB_CoreReset)
    USB_CoreReset                            0x08005281   Thumb Code    50  stm32f7xx_ll_usb.o(i.USB_CoreReset)
    i.USB_DeactivateEndpoint                 0x080052b8   Section        0  stm32f7xx_ll_usb.o(i.USB_DeactivateEndpoint)
    i.USB_DevConnect                         0x08005338   Section        0  stm32f7xx_ll_usb.o(i.USB_DevConnect)
    i.USB_DevDisconnect                      0x08005350   Section        0  stm32f7xx_ll_usb.o(i.USB_DevDisconnect)
    i.USB_DevInit                            0x08005368   Section        0  stm32f7xx_ll_usb.o(i.USB_DevInit)
    i.USB_DisableGlobalInt                   0x080054fc   Section        0  stm32f7xx_ll_usb.o(i.USB_DisableGlobalInt)
    i.USB_EP0StartXfer                       0x08005508   Section        0  stm32f7xx_ll_usb.o(i.USB_EP0StartXfer)
    i.USB_EP0_OutStart                       0x08005618   Section        0  stm32f7xx_ll_usb.o(i.USB_EP0_OutStart)
    i.USB_EPClearStall                       0x08005670   Section        0  stm32f7xx_ll_usb.o(i.USB_EPClearStall)
    i.USB_EPSetStall                         0x080056c8   Section        0  stm32f7xx_ll_usb.o(i.USB_EPSetStall)
    i.USB_EPStartXfer                        0x08005720   Section        0  stm32f7xx_ll_usb.o(i.USB_EPStartXfer)
    i.USB_EnableGlobalInt                    0x080058e8   Section        0  stm32f7xx_ll_usb.o(i.USB_EnableGlobalInt)
    i.USB_FlushRxFifo                        0x080058f4   Section        0  stm32f7xx_ll_usb.o(i.USB_FlushRxFifo)
    i.USB_FlushTxFifo                        0x08005914   Section        0  stm32f7xx_ll_usb.o(i.USB_FlushTxFifo)
    i.USB_GetDevSpeed                        0x08005938   Section        0  stm32f7xx_ll_usb.o(i.USB_GetDevSpeed)
    i.USB_GetMode                            0x08005952   Section        0  stm32f7xx_ll_usb.o(i.USB_GetMode)
    i.USB_ReadDevAllInEpInterrupt            0x0800595a   Section        0  stm32f7xx_ll_usb.o(i.USB_ReadDevAllInEpInterrupt)
    i.USB_ReadDevAllOutEpInterrupt           0x08005968   Section        0  stm32f7xx_ll_usb.o(i.USB_ReadDevAllOutEpInterrupt)
    i.USB_ReadDevInEPInterrupt               0x08005976   Section        0  stm32f7xx_ll_usb.o(i.USB_ReadDevInEPInterrupt)
    i.USB_ReadDevOutEPInterrupt              0x0800599a   Section        0  stm32f7xx_ll_usb.o(i.USB_ReadDevOutEPInterrupt)
    i.USB_ReadInterrupts                     0x080059aa   Section        0  stm32f7xx_ll_usb.o(i.USB_ReadInterrupts)
    i.USB_ReadPacket                         0x080059b2   Section        0  stm32f7xx_ll_usb.o(i.USB_ReadPacket)
    i.USB_SetCurrentMode                     0x080059ce   Section        0  stm32f7xx_ll_usb.o(i.USB_SetCurrentMode)
    i.USB_SetDevAddress                      0x080059fc   Section        0  stm32f7xx_ll_usb.o(i.USB_SetDevAddress)
    i.USB_SetTurnaroundTime                  0x08005a20   Section        0  stm32f7xx_ll_usb.o(i.USB_SetTurnaroundTime)
    i.USB_WritePacket                        0x08005b08   Section        0  stm32f7xx_ll_usb.o(i.USB_WritePacket)
    i.UsageFault_Handler                     0x08005b2c   Section        0  stm32f7xx_it.o(i.UsageFault_Handler)
    i.__NVIC_SetPriority                     0x08005b2e   Section        0  stm32f7xx_hal_cortex.o(i.__NVIC_SetPriority)
    __NVIC_SetPriority                       0x08005b2f   Thumb Code    34  stm32f7xx_hal_cortex.o(i.__NVIC_SetPriority)
    i.__scatterload_copy                     0x08005b50   Section       14  handlers.o(i.__scatterload_copy)
    i.__scatterload_null                     0x08005b5e   Section        2  handlers.o(i.__scatterload_null)
    i.__scatterload_zeroinit                 0x08005b60   Section       14  handlers.o(i.__scatterload_zeroinit)
    i.free                                   0x08005b70   Section        0  malloc.o(i.free)
    i.main                                   0x08005bc0   Section        0  main.o(i.main)
    i.malloc                                 0x08005c84   Section        0  malloc.o(i.malloc)
    .constdata                               0x08005cf0   Section       16  system_stm32f7xx.o(.constdata)
    .constdata                               0x08005d00   Section        8  system_stm32f7xx.o(.constdata)
    .constdata                               0x08005d08   Section        8  stm32f7xx_hal_dma.o(.constdata)
    flagBitshiftOffset                       0x08005d08   Data           8  stm32f7xx_hal_dma.o(.constdata)
    .data                                    0x20000000   Section       48  main.o(.data)
    uwtick_Hold10ms                          0x20000000   Data           4  main.o(.data)
    uwtick_Hold100ms                         0x20000004   Data           4  main.o(.data)
    uwtick_Hold1s                            0x20000008   Data           4  main.o(.data)
    .data                                    0x20000030   Section       32  usbd_desc.o(.data)
    .data                                    0x20000050   Section       62  usbd_desc.o(.data)
    .data                                    0x20000090   Section       16  usbd_cdc_if.o(.data)
    .data                                    0x200000a0   Section        8  my_flash.o(.data)
    MY_SectorNum                             0x200000a0   Data           1  my_flash.o(.data)
    MY_SectorAddrs                           0x200000a4   Data           4  my_flash.o(.data)
    .data                                    0x200000a8   Section        4  system_stm32f7xx.o(.data)
    .data                                    0x200000ac   Section       12  stm32f7xx_hal.o(.data)
    .data                                    0x200000b8   Section        1  usbd_ctlreq.o(.data)
    cfgidx                                   0x200000b8   Data           1  usbd_ctlreq.o(.data)
    .data                                    0x200000bc   Section      215  usbd_cdc.o(.data)
    USBD_CDC_DeviceQualifierDesc             0x200000bc   Data          10  usbd_cdc.o(.data)
    .data                                    0x20000194   Section       56  usbd_cdc.o(.data)
    .data                                    0x200001cc   Section        4  mvars.o(.data)
    .data                                    0x200001d0   Section        4  mvars.o(.data)
    .bss                                     0x200001d4   Section      836  main.o(.bss)
    .bss                                     0x20000518   Section       96  main.o(.bss)
    .bss                                     0x20000578   Section       96  main.o(.bss)
    .bss                                     0x200005d8   Section      668  usb_device.o(.bss)
    .bss                                     0x20000874   Section     1028  usbd_conf.o(.bss)
    .bss                                     0x20000c78   Section      512  usbd_desc.o(.bss)
    .bss                                     0x20000e78   Section     4096  usbd_cdc_if.o(.bss)
    .bss                                     0x20001e78   Section       28  stm32f7xx_hal_flash.o(.bss)
    HEAP                                     0x20001e98   Section     8192  startup_stm32f767xx.o(HEAP)
    STACK                                    0x20003e98   Section    16384  startup_stm32f767xx.o(STACK)

    Global Symbols

    Symbol Name                              Value     Ov Type        Size  Object(Section)

    BuildAttributes$$THM_ISAv4$E$P$D$K$B$S$7EM$VFPv5_D16$PE$PLD8$A:L22UL41UL21$X:L11$S22US41US21$IEEE1$IW$USESV6$~STKCKD$USESV7$~SHL$OSPACE$EBA8$MICROLIB$REQ8$PRES8$EABIv2 0x00000000   Number         0  anon$$obj.o ABSOLUTE
    __ARM_use_no_argv                        0x00000000   Number         0  main.o ABSOLUTE
    __cpp_initialize__aeabi_                  - Undefined Weak Reference
    __cxa_finalize                            - Undefined Weak Reference
    _clock_init                               - Undefined Weak Reference
    _microlib_exit                            - Undefined Weak Reference
    __Vectors_Size                           0x000001f8   Number         0  startup_stm32f767xx.o ABSOLUTE
    __Vectors                                0x08000000   Data           4  startup_stm32f767xx.o(RESET)
    __Vectors_End                            0x080001f8   Data           0  startup_stm32f767xx.o(RESET)
    __main                                   0x080001f9   Thumb Code     0  entry.o(.ARM.Collect$$$$00000000)
    _main_stk                                0x080001f9   Thumb Code     0  entry2.o(.ARM.Collect$$$$00000001)
    _main_scatterload                        0x080001fd   Thumb Code     0  entry5.o(.ARM.Collect$$$$00000004)
    __main_after_scatterload                 0x08000201   Thumb Code     0  entry5.o(.ARM.Collect$$$$00000004)
    _main_clock                              0x08000201   Thumb Code     0  entry7b.o(.ARM.Collect$$$$00000008)
    _main_cpp_init                           0x08000201   Thumb Code     0  entry8b.o(.ARM.Collect$$$$0000000A)
    _main_init                               0x08000201   Thumb Code     0  entry9a.o(.ARM.Collect$$$$0000000B)
    __rt_final_cpp                           0x08000209   Thumb Code     0  entry10a.o(.ARM.Collect$$$$0000000D)
    __rt_final_exit                          0x08000209   Thumb Code     0  entry11a.o(.ARM.Collect$$$$0000000F)
    Reset_Handler                            0x0800020d   Thumb Code     8  startup_stm32f767xx.o(.text)
    CAN1_RX0_IRQHandler                      0x08000227   Thumb Code     0  startup_stm32f767xx.o(.text)
    CAN1_RX1_IRQHandler                      0x08000227   Thumb Code     0  startup_stm32f767xx.o(.text)
    CAN1_SCE_IRQHandler                      0x08000227   Thumb Code     0  startup_stm32f767xx.o(.text)
    CAN1_TX_IRQHandler                       0x08000227   Thumb Code     0  startup_stm32f767xx.o(.text)
    CAN2_RX0_IRQHandler                      0x08000227   Thumb Code     0  startup_stm32f767xx.o(.text)
    CAN2_RX1_IRQHandler                      0x08000227   Thumb Code     0  startup_stm32f767xx.o(.text)
    CAN2_SCE_IRQHandler                      0x08000227   Thumb Code     0  startup_stm32f767xx.o(.text)
    CAN2_TX_IRQHandler                       0x08000227   Thumb Code     0  startup_stm32f767xx.o(.text)
    CAN3_RX0_IRQHandler                      0x08000227   Thumb Code     0  startup_stm32f767xx.o(.text)
    CAN3_RX1_IRQHandler                      0x08000227   Thumb Code     0  startup_stm32f767xx.o(.text)
    CAN3_SCE_IRQHandler                      0x08000227   Thumb Code     0  startup_stm32f767xx.o(.text)
    CAN3_TX_IRQHandler                       0x08000227   Thumb Code     0  startup_stm32f767xx.o(.text)
    CEC_IRQHandler                           0x08000227   Thumb Code     0  startup_stm32f767xx.o(.text)
    DCMI_IRQHandler                          0x08000227   Thumb Code     0  startup_stm32f767xx.o(.text)
    DFSDM1_FLT0_IRQHandler                   0x08000227   Thumb Code     0  startup_stm32f767xx.o(.text)
    DFSDM1_FLT1_IRQHandler                   0x08000227   Thumb Code     0  startup_stm32f767xx.o(.text)
    DFSDM1_FLT2_IRQHandler                   0x08000227   Thumb Code     0  startup_stm32f767xx.o(.text)
    DFSDM1_FLT3_IRQHandler                   0x08000227   Thumb Code     0  startup_stm32f767xx.o(.text)
    DMA1_Stream0_IRQHandler                  0x08000227   Thumb Code     0  startup_stm32f767xx.o(.text)
    DMA1_Stream1_IRQHandler                  0x08000227   Thumb Code     0  startup_stm32f767xx.o(.text)
    DMA1_Stream2_IRQHandler                  0x08000227   Thumb Code     0  startup_stm32f767xx.o(.text)
    DMA1_Stream3_IRQHandler                  0x08000227   Thumb Code     0  startup_stm32f767xx.o(.text)
    DMA1_Stream4_IRQHandler                  0x08000227   Thumb Code     0  startup_stm32f767xx.o(.text)
    DMA1_Stream6_IRQHandler                  0x08000227   Thumb Code     0  startup_stm32f767xx.o(.text)
    DMA1_Stream7_IRQHandler                  0x08000227   Thumb Code     0  startup_stm32f767xx.o(.text)
    DMA2D_IRQHandler                         0x08000227   Thumb Code     0  startup_stm32f767xx.o(.text)
    DMA2_Stream1_IRQHandler                  0x08000227   Thumb Code     0  startup_stm32f767xx.o(.text)
    DMA2_Stream2_IRQHandler                  0x08000227   Thumb Code     0  startup_stm32f767xx.o(.text)
    DMA2_Stream3_IRQHandler                  0x08000227   Thumb Code     0  startup_stm32f767xx.o(.text)
    DMA2_Stream4_IRQHandler                  0x08000227   Thumb Code     0  startup_stm32f767xx.o(.text)
    DMA2_Stream5_IRQHandler                  0x08000227   Thumb Code     0  startup_stm32f767xx.o(.text)
    DMA2_Stream6_IRQHandler                  0x08000227   Thumb Code     0  startup_stm32f767xx.o(.text)
    DMA2_Stream7_IRQHandler                  0x08000227   Thumb Code     0  startup_stm32f767xx.o(.text)
    ETH_IRQHandler                           0x08000227   Thumb Code     0  startup_stm32f767xx.o(.text)
    ETH_WKUP_IRQHandler                      0x08000227   Thumb Code     0  startup_stm32f767xx.o(.text)
    EXTI15_10_IRQHandler                     0x08000227   Thumb Code     0  startup_stm32f767xx.o(.text)
    EXTI1_IRQHandler                         0x08000227   Thumb Code     0  startup_stm32f767xx.o(.text)
    EXTI2_IRQHandler                         0x08000227   Thumb Code     0  startup_stm32f767xx.o(.text)
    EXTI3_IRQHandler                         0x08000227   Thumb Code     0  startup_stm32f767xx.o(.text)
    EXTI4_IRQHandler                         0x08000227   Thumb Code     0  startup_stm32f767xx.o(.text)
    EXTI9_5_IRQHandler                       0x08000227   Thumb Code     0  startup_stm32f767xx.o(.text)
    FLASH_IRQHandler                         0x08000227   Thumb Code     0  startup_stm32f767xx.o(.text)
    FMC_IRQHandler                           0x08000227   Thumb Code     0  startup_stm32f767xx.o(.text)
    FPU_IRQHandler                           0x08000227   Thumb Code     0  startup_stm32f767xx.o(.text)
    I2C1_ER_IRQHandler                       0x08000227   Thumb Code     0  startup_stm32f767xx.o(.text)
    I2C1_EV_IRQHandler                       0x08000227   Thumb Code     0  startup_stm32f767xx.o(.text)
    I2C2_ER_IRQHandler                       0x08000227   Thumb Code     0  startup_stm32f767xx.o(.text)
    I2C2_EV_IRQHandler                       0x08000227   Thumb Code     0  startup_stm32f767xx.o(.text)
    I2C3_ER_IRQHandler                       0x08000227   Thumb Code     0  startup_stm32f767xx.o(.text)
    I2C3_EV_IRQHandler                       0x08000227   Thumb Code     0  startup_stm32f767xx.o(.text)
    I2C4_ER_IRQHandler                       0x08000227   Thumb Code     0  startup_stm32f767xx.o(.text)
    I2C4_EV_IRQHandler                       0x08000227   Thumb Code     0  startup_stm32f767xx.o(.text)
    JPEG_IRQHandler                          0x08000227   Thumb Code     0  startup_stm32f767xx.o(.text)
    LPTIM1_IRQHandler                        0x08000227   Thumb Code     0  startup_stm32f767xx.o(.text)
    LTDC_ER_IRQHandler                       0x08000227   Thumb Code     0  startup_stm32f767xx.o(.text)
    LTDC_IRQHandler                          0x08000227   Thumb Code     0  startup_stm32f767xx.o(.text)
    MDIOS_IRQHandler                         0x08000227   Thumb Code     0  startup_stm32f767xx.o(.text)
    OTG_FS_WKUP_IRQHandler                   0x08000227   Thumb Code     0  startup_stm32f767xx.o(.text)
    OTG_HS_EP1_IN_IRQHandler                 0x08000227   Thumb Code     0  startup_stm32f767xx.o(.text)
    OTG_HS_EP1_OUT_IRQHandler                0x08000227   Thumb Code     0  startup_stm32f767xx.o(.text)
    OTG_HS_IRQHandler                        0x08000227   Thumb Code     0  startup_stm32f767xx.o(.text)
    OTG_HS_WKUP_IRQHandler                   0x08000227   Thumb Code     0  startup_stm32f767xx.o(.text)
    PVD_IRQHandler                           0x08000227   Thumb Code     0  startup_stm32f767xx.o(.text)
    QUADSPI_IRQHandler                       0x08000227   Thumb Code     0  startup_stm32f767xx.o(.text)
    RCC_IRQHandler                           0x08000227   Thumb Code     0  startup_stm32f767xx.o(.text)
    RNG_IRQHandler                           0x08000227   Thumb Code     0  startup_stm32f767xx.o(.text)
    RTC_Alarm_IRQHandler                     0x08000227   Thumb Code     0  startup_stm32f767xx.o(.text)
    RTC_WKUP_IRQHandler                      0x08000227   Thumb Code     0  startup_stm32f767xx.o(.text)
    SAI1_IRQHandler                          0x08000227   Thumb Code     0  startup_stm32f767xx.o(.text)
    SAI2_IRQHandler                          0x08000227   Thumb Code     0  startup_stm32f767xx.o(.text)
    SDMMC1_IRQHandler                        0x08000227   Thumb Code     0  startup_stm32f767xx.o(.text)
    SDMMC2_IRQHandler                        0x08000227   Thumb Code     0  startup_stm32f767xx.o(.text)
    SPDIF_RX_IRQHandler                      0x08000227   Thumb Code     0  startup_stm32f767xx.o(.text)
    SPI1_IRQHandler                          0x08000227   Thumb Code     0  startup_stm32f767xx.o(.text)
    SPI2_IRQHandler                          0x08000227   Thumb Code     0  startup_stm32f767xx.o(.text)
    SPI3_IRQHandler                          0x08000227   Thumb Code     0  startup_stm32f767xx.o(.text)
    SPI4_IRQHandler                          0x08000227   Thumb Code     0  startup_stm32f767xx.o(.text)
    SPI5_IRQHandler                          0x08000227   Thumb Code     0  startup_stm32f767xx.o(.text)
    SPI6_IRQHandler                          0x08000227   Thumb Code     0  startup_stm32f767xx.o(.text)
    TAMP_STAMP_IRQHandler                    0x08000227   Thumb Code     0  startup_stm32f767xx.o(.text)
    TIM1_BRK_TIM9_IRQHandler                 0x08000227   Thumb Code     0  startup_stm32f767xx.o(.text)
    TIM1_CC_IRQHandler                       0x08000227   Thumb Code     0  startup_stm32f767xx.o(.text)
    TIM1_TRG_COM_TIM11_IRQHandler            0x08000227   Thumb Code     0  startup_stm32f767xx.o(.text)
    TIM1_UP_TIM10_IRQHandler                 0x08000227   Thumb Code     0  startup_stm32f767xx.o(.text)
    TIM3_IRQHandler                          0x08000227   Thumb Code     0  startup_stm32f767xx.o(.text)
    TIM4_IRQHandler                          0x08000227   Thumb Code     0  startup_stm32f767xx.o(.text)
    TIM5_IRQHandler                          0x08000227   Thumb Code     0  startup_stm32f767xx.o(.text)
    TIM6_DAC_IRQHandler                      0x08000227   Thumb Code     0  startup_stm32f767xx.o(.text)
    TIM7_IRQHandler                          0x08000227   Thumb Code     0  startup_stm32f767xx.o(.text)
    TIM8_BRK_TIM12_IRQHandler                0x08000227   Thumb Code     0  startup_stm32f767xx.o(.text)
    TIM8_CC_IRQHandler                       0x08000227   Thumb Code     0  startup_stm32f767xx.o(.text)
    TIM8_TRG_COM_TIM14_IRQHandler            0x08000227   Thumb Code     0  startup_stm32f767xx.o(.text)
    TIM8_UP_TIM13_IRQHandler                 0x08000227   Thumb Code     0  startup_stm32f767xx.o(.text)
    UART4_IRQHandler                         0x08000227   Thumb Code     0  startup_stm32f767xx.o(.text)
    UART5_IRQHandler                         0x08000227   Thumb Code     0  startup_stm32f767xx.o(.text)
    UART7_IRQHandler                         0x08000227   Thumb Code     0  startup_stm32f767xx.o(.text)
    UART8_IRQHandler                         0x08000227   Thumb Code     0  startup_stm32f767xx.o(.text)
    USART1_IRQHandler                        0x08000227   Thumb Code     0  startup_stm32f767xx.o(.text)
    USART3_IRQHandler                        0x08000227   Thumb Code     0  startup_stm32f767xx.o(.text)
    USART6_IRQHandler                        0x08000227   Thumb Code     0  startup_stm32f767xx.o(.text)
    WWDG_IRQHandler                          0x08000227   Thumb Code     0  startup_stm32f767xx.o(.text)
    __aeabi_uldivmod                         0x08000231   Thumb Code    98  uldiv.o(.text)
    __aeabi_memcpy                           0x08000293   Thumb Code    36  memcpya.o(.text)
    __aeabi_memcpy4                          0x08000293   Thumb Code     0  memcpya.o(.text)
    __aeabi_memcpy8                          0x08000293   Thumb Code     0  memcpya.o(.text)
    __aeabi_memset                           0x080002b7   Thumb Code    14  memseta.o(.text)
    __aeabi_memset4                          0x080002b7   Thumb Code     0  memseta.o(.text)
    __aeabi_memset8                          0x080002b7   Thumb Code     0  memseta.o(.text)
    __aeabi_memclr                           0x080002c5   Thumb Code     4  memseta.o(.text)
    __aeabi_memclr4                          0x080002c5   Thumb Code     0  memseta.o(.text)
    __aeabi_memclr8                          0x080002c5   Thumb Code     0  memseta.o(.text)
    _memset$wrapper                          0x080002c9   Thumb Code    18  memseta.o(.text)
    __aeabi_llsl                             0x080002db   Thumb Code    30  llshl.o(.text)
    _ll_shift_l                              0x080002db   Thumb Code     0  llshl.o(.text)
    __aeabi_llsr                             0x080002f9   Thumb Code    32  llushr.o(.text)
    _ll_ushift_r                             0x080002f9   Thumb Code     0  llushr.o(.text)
    __scatterload                            0x08000319   Thumb Code    28  init.o(.text)
    __scatterload_rt2                        0x08000319   Thumb Code     0  init.o(.text)
    __decompress                             0x0800033d   Thumb Code     0  __dczerorl2.o(.text)
    __decompress1                            0x0800033d   Thumb Code    86  __dczerorl2.o(.text)
    ADC_IRQHandler                           0x08000395   Thumb Code    24  stm32f7xx_it.o(i.ADC_IRQHandler)
    BusFault_Handler                         0x080004f1   Thumb Code     2  stm32f7xx_it.o(i.BusFault_Handler)
    DMA1_Stream5_IRQHandler                  0x08000539   Thumb Code     6  stm32f7xx_it.o(i.DMA1_Stream5_IRQHandler)
    DMA2_Stream0_IRQHandler                  0x08000545   Thumb Code     6  stm32f7xx_it.o(i.DMA2_Stream0_IRQHandler)
    DebugMon_Handler                         0x080005cd   Thumb Code     2  stm32f7xx_it.o(i.DebugMon_Handler)
    EXTI0_IRQHandler                         0x080006f5   Thumb Code     6  stm32f7xx_it.o(i.EXTI0_IRQHandler)
    Error_Handler                            0x080006fb   Thumb Code     2  main.o(i.Error_Handler)
    FLASH_Erase_Sector                       0x080006fd   Thumb Code    86  stm32f7xx_hal_flash_ex.o(i.FLASH_Erase_Sector)
    FLASH_WaitForLastOperation               0x08000851   Thumb Code    76  stm32f7xx_hal_flash.o(i.FLASH_WaitForLastOperation)
    HAL_ADCEx_InjectedConvCpltCallback       0x080008a5   Thumb Code     2  stm32f7xx_hal_adc_ex.o(i.HAL_ADCEx_InjectedConvCpltCallback)
    HAL_ADC_ConfigChannel                    0x080008a9   Thumb Code   338  stm32f7xx_hal_adc.o(i.HAL_ADC_ConfigChannel)
    HAL_ADC_ConvCpltCallback                 0x08000a0d   Thumb Code     2  stm32f7xx_hal_adc.o(i.HAL_ADC_ConvCpltCallback)
    HAL_ADC_ErrorCallback                    0x08000a0f   Thumb Code     2  stm32f7xx_hal_adc.o(i.HAL_ADC_ErrorCallback)
    HAL_ADC_IRQHandler                       0x08000a11   Thumb Code   316  stm32f7xx_hal_adc.o(i.HAL_ADC_IRQHandler)
    HAL_ADC_Init                             0x08000b4d   Thumb Code    84  stm32f7xx_hal_adc.o(i.HAL_ADC_Init)
    HAL_ADC_LevelOutOfWindowCallback         0x08000ba1   Thumb Code     2  stm32f7xx_hal_adc.o(i.HAL_ADC_LevelOutOfWindowCallback)
    HAL_ADC_MspInit                          0x08000ba5   Thumb Code   276  stm32f7xx_hal_msp.o(i.HAL_ADC_MspInit)
    HAL_DMA_Abort_IT                         0x08000cd9   Thumb Code    36  stm32f7xx_hal_dma.o(i.HAL_DMA_Abort_IT)
    HAL_DMA_IRQHandler                       0x08000cfd   Thumb Code   412  stm32f7xx_hal_dma.o(i.HAL_DMA_IRQHandler)
    HAL_DMA_Init                             0x08000e9d   Thumb Code   222  stm32f7xx_hal_dma.o(i.HAL_DMA_Init)
    HAL_Delay                                0x08000f81   Thumb Code    32  stm32f7xx_hal.o(i.HAL_Delay)
    HAL_ETH_Init                             0x08000fa5   Thumb Code   454  stm32f7xx_hal_eth.o(i.HAL_ETH_Init)
    HAL_ETH_MspInit                          0x08001195   Thumb Code   206  stm32f7xx_hal_msp.o(i.HAL_ETH_MspInit)
    HAL_ETH_ReadPHYRegister                  0x0800127d   Thumb Code   134  stm32f7xx_hal_eth.o(i.HAL_ETH_ReadPHYRegister)
    HAL_ETH_WritePHYRegister                 0x08001305   Thumb Code   122  stm32f7xx_hal_eth.o(i.HAL_ETH_WritePHYRegister)
    HAL_FLASH_Lock                           0x08001381   Thumb Code    14  stm32f7xx_hal_flash.o(i.HAL_FLASH_Lock)
    HAL_FLASH_Program                        0x08001395   Thumb Code   122  stm32f7xx_hal_flash.o(i.HAL_FLASH_Program)
    HAL_FLASH_Unlock                         0x08001419   Thumb Code    34  stm32f7xx_hal_flash.o(i.HAL_FLASH_Unlock)
    HAL_GPIO_EXTI_Callback                   0x08001449   Thumb Code     2  stm32f7xx_hal_gpio.o(i.HAL_GPIO_EXTI_Callback)
    HAL_GPIO_EXTI_IRQHandler                 0x0800144d   Thumb Code    18  stm32f7xx_hal_gpio.o(i.HAL_GPIO_EXTI_IRQHandler)
    HAL_GPIO_Init                            0x08001465   Thumb Code   418  stm32f7xx_hal_gpio.o(i.HAL_GPIO_Init)
    HAL_GPIO_WritePin                        0x0800163d   Thumb Code    10  stm32f7xx_hal_gpio.o(i.HAL_GPIO_WritePin)
    HAL_GetTick                              0x08001649   Thumb Code     6  stm32f7xx_hal.o(i.HAL_GetTick)
    HAL_IncTick                              0x08001655   Thumb Code    12  stm32f7xx_hal.o(i.HAL_IncTick)
    HAL_Init                                 0x08001665   Thumb Code    22  stm32f7xx_hal.o(i.HAL_Init)
    HAL_InitTick                             0x0800167d   Thumb Code    54  stm32f7xx_hal.o(i.HAL_InitTick)
    HAL_MspInit                              0x080016bd   Thumb Code    42  stm32f7xx_hal_msp.o(i.HAL_MspInit)
    HAL_NVIC_EnableIRQ                       0x080016ed   Thumb Code    26  stm32f7xx_hal_cortex.o(i.HAL_NVIC_EnableIRQ)
    HAL_NVIC_SetPriority                     0x08001709   Thumb Code    60  stm32f7xx_hal_cortex.o(i.HAL_NVIC_SetPriority)
    HAL_NVIC_SetPriorityGrouping             0x08001749   Thumb Code    28  stm32f7xx_hal_cortex.o(i.HAL_NVIC_SetPriorityGrouping)
    HAL_PCDEx_ActivateLPM                    0x0800176d   Thumb Code    34  stm32f7xx_hal_pcd_ex.o(i.HAL_PCDEx_ActivateLPM)
    HAL_PCDEx_LPM_Callback                   0x08001795   Thumb Code    92  usbd_conf.o(i.HAL_PCDEx_LPM_Callback)
    HAL_PCDEx_SetRxFiFo                      0x080017f5   Thumb Code     8  stm32f7xx_hal_pcd_ex.o(i.HAL_PCDEx_SetRxFiFo)
    HAL_PCDEx_SetTxFiFo                      0x080017fd   Thumb Code    70  stm32f7xx_hal_pcd_ex.o(i.HAL_PCDEx_SetTxFiFo)
    HAL_PCD_ConnectCallback                  0x08001843   Thumb Code     8  usbd_conf.o(i.HAL_PCD_ConnectCallback)
    HAL_PCD_DataInStageCallback              0x0800184b   Thumb Code    18  usbd_conf.o(i.HAL_PCD_DataInStageCallback)
    HAL_PCD_DataOutStageCallback             0x0800185d   Thumb Code    20  usbd_conf.o(i.HAL_PCD_DataOutStageCallback)
    HAL_PCD_DisconnectCallback               0x08001871   Thumb Code     8  usbd_conf.o(i.HAL_PCD_DisconnectCallback)
    HAL_PCD_EP_Close                         0x08001879   Thumb Code    76  stm32f7xx_hal_pcd.o(i.HAL_PCD_EP_Close)
    HAL_PCD_EP_ClrStall                      0x080018c5   Thumb Code    92  stm32f7xx_hal_pcd.o(i.HAL_PCD_EP_ClrStall)
    HAL_PCD_EP_GetRxCount                    0x08001921   Thumb Code    18  stm32f7xx_hal_pcd.o(i.HAL_PCD_EP_GetRxCount)
    HAL_PCD_EP_Open                          0x08001933   Thumb Code    96  stm32f7xx_hal_pcd.o(i.HAL_PCD_EP_Open)
    HAL_PCD_EP_Receive                       0x08001993   Thumb Code    68  stm32f7xx_hal_pcd.o(i.HAL_PCD_EP_Receive)
    HAL_PCD_EP_SetStall                      0x080019d7   Thumb Code   116  stm32f7xx_hal_pcd.o(i.HAL_PCD_EP_SetStall)
    HAL_PCD_EP_Transmit                      0x08001a4b   Thumb Code    68  stm32f7xx_hal_pcd.o(i.HAL_PCD_EP_Transmit)
    HAL_PCD_IRQHandler                       0x08001a91   Thumb Code  1194  stm32f7xx_hal_pcd.o(i.HAL_PCD_IRQHandler)
    HAL_PCD_ISOINIncompleteCallback          0x08001f3b   Thumb Code     8  usbd_conf.o(i.HAL_PCD_ISOINIncompleteCallback)
    HAL_PCD_ISOOUTIncompleteCallback         0x08001f43   Thumb Code     8  usbd_conf.o(i.HAL_PCD_ISOOUTIncompleteCallback)
    HAL_PCD_Init                             0x08001f4d   Thumb Code   234  stm32f7xx_hal_pcd.o(i.HAL_PCD_Init)
    HAL_PCD_MspInit                          0x08002039   Thumb Code   146  usbd_conf.o(i.HAL_PCD_MspInit)
    HAL_PCD_ResetCallback                    0x080020d5   Thumb Code    44  usbd_conf.o(i.HAL_PCD_ResetCallback)
    HAL_PCD_ResumeCallback                   0x08002101   Thumb Code     8  usbd_conf.o(i.HAL_PCD_ResumeCallback)
    HAL_PCD_SOFCallback                      0x08002109   Thumb Code     8  usbd_conf.o(i.HAL_PCD_SOFCallback)
    HAL_PCD_SetAddress                       0x08002111   Thumb Code    40  stm32f7xx_hal_pcd.o(i.HAL_PCD_SetAddress)
    HAL_PCD_SetupStageCallback               0x08002139   Thumb Code    14  usbd_conf.o(i.HAL_PCD_SetupStageCallback)
    HAL_PCD_Start                            0x08002147   Thumb Code    42  stm32f7xx_hal_pcd.o(i.HAL_PCD_Start)
    HAL_PCD_SuspendCallback                  0x08002171   Thumb Code    44  usbd_conf.o(i.HAL_PCD_SuspendCallback)
    HAL_RCCEx_PeriphCLKConfig                0x080021a1   Thumb Code  1336  stm32f7xx_hal_rcc_ex.o(i.HAL_RCCEx_PeriphCLKConfig)
    HAL_RCC_ClockConfig                      0x080026dd   Thumb Code   282  stm32f7xx_hal_rcc.o(i.HAL_RCC_ClockConfig)
    HAL_RCC_GetHCLKFreq                      0x08002809   Thumb Code     6  stm32f7xx_hal_rcc.o(i.HAL_RCC_GetHCLKFreq)
    HAL_RCC_GetPCLK1Freq                     0x08002815   Thumb Code    20  stm32f7xx_hal_rcc.o(i.HAL_RCC_GetPCLK1Freq)
    HAL_RCC_GetPCLK2Freq                     0x08002835   Thumb Code    20  stm32f7xx_hal_rcc.o(i.HAL_RCC_GetPCLK2Freq)
    HAL_RCC_GetSysClockFreq                  0x08002855   Thumb Code    88  stm32f7xx_hal_rcc.o(i.HAL_RCC_GetSysClockFreq)
    HAL_RCC_OscConfig                        0x080028b5   Thumb Code   814  stm32f7xx_hal_rcc.o(i.HAL_RCC_OscConfig)
    HAL_SYSTICK_Config                       0x08002bf1   Thumb Code    38  stm32f7xx_hal_cortex.o(i.HAL_SYSTICK_Config)
    HAL_TIMEx_Break2Callback                 0x08002c17   Thumb Code     2  stm32f7xx_hal_tim_ex.o(i.HAL_TIMEx_Break2Callback)
    HAL_TIMEx_BreakCallback                  0x08002c19   Thumb Code     2  stm32f7xx_hal_tim_ex.o(i.HAL_TIMEx_BreakCallback)
    HAL_TIMEx_CommutCallback                 0x08002c1b   Thumb Code     2  stm32f7xx_hal_tim_ex.o(i.HAL_TIMEx_CommutCallback)
    HAL_TIMEx_MasterConfigSynchronization    0x08002c1d   Thumb Code    88  stm32f7xx_hal_tim_ex.o(i.HAL_TIMEx_MasterConfigSynchronization)
    HAL_TIM_Base_Init                        0x08002c7d   Thumb Code    54  stm32f7xx_hal_tim.o(i.HAL_TIM_Base_Init)
    HAL_TIM_Base_MspInit                     0x08002cb5   Thumb Code   118  stm32f7xx_hal_msp.o(i.HAL_TIM_Base_MspInit)
    HAL_TIM_ConfigClockSource                0x08002d41   Thumb Code   214  stm32f7xx_hal_tim.o(i.HAL_TIM_ConfigClockSource)
    HAL_TIM_IC_CaptureCallback               0x08002e1d   Thumb Code     2  stm32f7xx_hal_tim.o(i.HAL_TIM_IC_CaptureCallback)
    HAL_TIM_IRQHandler                       0x08002e1f   Thumb Code   386  stm32f7xx_hal_tim.o(i.HAL_TIM_IRQHandler)
    HAL_TIM_MspPostInit                      0x08002fa1   Thumb Code   110  stm32f7xx_hal_msp.o(i.HAL_TIM_MspPostInit)
    HAL_TIM_OC_DelayElapsedCallback          0x08003025   Thumb Code     2  stm32f7xx_hal_tim.o(i.HAL_TIM_OC_DelayElapsedCallback)
    HAL_TIM_PWM_ConfigChannel                0x08003027   Thumb Code   296  stm32f7xx_hal_tim.o(i.HAL_TIM_PWM_ConfigChannel)
    HAL_TIM_PWM_Init                         0x0800314f   Thumb Code    54  stm32f7xx_hal_tim.o(i.HAL_TIM_PWM_Init)
    HAL_TIM_PWM_MspInit                      0x08003185   Thumb Code     2  stm32f7xx_hal_tim.o(i.HAL_TIM_PWM_MspInit)
    HAL_TIM_PWM_PulseFinishedCallback        0x08003187   Thumb Code     2  stm32f7xx_hal_tim.o(i.HAL_TIM_PWM_PulseFinishedCallback)
    HAL_TIM_PeriodElapsedCallback            0x08003189   Thumb Code     2  stm32f7xx_hal_tim.o(i.HAL_TIM_PeriodElapsedCallback)
    HAL_TIM_TriggerCallback                  0x0800318b   Thumb Code     2  stm32f7xx_hal_tim.o(i.HAL_TIM_TriggerCallback)
    HAL_UART_ErrorCallback                   0x0800318d   Thumb Code     2  stm32f7xx_hal_uart.o(i.HAL_UART_ErrorCallback)
    HAL_UART_IRQHandler                      0x08003191   Thumb Code   292  stm32f7xx_hal_uart.o(i.HAL_UART_IRQHandler)
    HAL_UART_Init                            0x080032b9   Thumb Code   102  stm32f7xx_hal_uart.o(i.HAL_UART_Init)
    HAL_UART_MspInit                         0x08003321   Thumb Code   222  stm32f7xx_hal_msp.o(i.HAL_UART_MspInit)
    HAL_UART_TxCpltCallback                  0x08003419   Thumb Code     2  stm32f7xx_hal_uart.o(i.HAL_UART_TxCpltCallback)
    HardFault_Handler                        0x0800341b   Thumb Code     2  stm32f7xx_it.o(i.HardFault_Handler)
    MX_USB_DEVICE_Init                       0x08003911   Thumb Code    66  usb_device.o(i.MX_USB_DEVICE_Init)
    MY_FLASH_ReadN                           0x08003965   Thumb Code    78  my_flash.o(i.MY_FLASH_ReadN)
    MY_FLASH_SetSectorAddrs                  0x080039b9   Thumb Code     8  my_flash.o(i.MY_FLASH_SetSectorAddrs)
    MY_FLASH_WriteN                          0x080039c5   Thumb Code   142  my_flash.o(i.MY_FLASH_WriteN)
    MemManage_Handler                        0x08003a59   Thumb Code     2  stm32f7xx_it.o(i.MemManage_Handler)
    NMI_Handler                              0x08003a5b   Thumb Code     2  stm32f7xx_it.o(i.NMI_Handler)
    OTG_FS_IRQHandler                        0x08003a5d   Thumb Code     6  stm32f7xx_it.o(i.OTG_FS_IRQHandler)
    PendSV_Handler                           0x08003be7   Thumb Code     2  stm32f7xx_it.o(i.PendSV_Handler)
    SVC_Handler                              0x08003be9   Thumb Code     2  stm32f7xx_it.o(i.SVC_Handler)
    SysTick_Handler                          0x08003beb   Thumb Code     4  stm32f7xx_it.o(i.SysTick_Handler)
    SystemClock_Config                       0x08003bf1   Thumb Code   150  main.o(i.SystemClock_Config)
    SystemInit                               0x08003c95   Thumb Code    68  system_stm32f7xx.o(i.SystemInit)
    TIM2_IRQHandler                          0x08003ce9   Thumb Code     6  stm32f7xx_it.o(i.TIM2_IRQHandler)
    TIM_Base_SetConfig                       0x08003cf5   Thumb Code   158  stm32f7xx_hal_tim.o(i.TIM_Base_SetConfig)
    TIM_ETR_SetConfig                        0x08003dc1   Thumb Code    18  stm32f7xx_hal_tim.o(i.TIM_ETR_SetConfig)
    TIM_OC2_SetConfig                        0x08003e59   Thumb Code   108  stm32f7xx_hal_tim.o(i.TIM_OC2_SetConfig)
    UART_AdvFeatureConfig                    0x08004097   Thumb Code   200  stm32f7xx_hal_uart.o(i.UART_AdvFeatureConfig)
    UART_CheckIdleState                      0x0800415f   Thumb Code    60  stm32f7xx_hal_uart.o(i.UART_CheckIdleState)
    UART_SetConfig                           0x080041d1   Thumb Code   546  stm32f7xx_hal_uart.o(i.UART_SetConfig)
    UART_WaitOnFlagUntilTimeout              0x08004425   Thumb Code    96  stm32f7xx_hal_uart.o(i.UART_WaitOnFlagUntilTimeout)
    USART2_IRQHandler                        0x08004485   Thumb Code     6  stm32f7xx_it.o(i.USART2_IRQHandler)
    USBD_CDC_GetDeviceQualifierDescriptor    0x08004571   Thumb Code     8  usbd_cdc.o(i.USBD_CDC_GetDeviceQualifierDescriptor)
    USBD_CDC_ReceivePacket                   0x08004635   Thumb Code    40  usbd_cdc.o(i.USBD_CDC_ReceivePacket)
    USBD_CDC_RegisterInterface               0x0800465d   Thumb Code    20  usbd_cdc.o(i.USBD_CDC_RegisterInterface)
    USBD_CDC_SetRxBuffer                     0x08004671   Thumb Code    12  usbd_cdc.o(i.USBD_CDC_SetRxBuffer)
    USBD_CDC_SetTxBuffer                     0x0800467d   Thumb Code    16  usbd_cdc.o(i.USBD_CDC_SetTxBuffer)
    USBD_ClrClassConfig                      0x0800473b   Thumb Code    14  usbd_core.o(i.USBD_ClrClassConfig)
    USBD_CtlContinueRx                       0x08004749   Thumb Code    16  usbd_ioreq.o(i.USBD_CtlContinueRx)
    USBD_CtlContinueSendData                 0x08004759   Thumb Code    16  usbd_ioreq.o(i.USBD_CtlContinueSendData)
    USBD_CtlError                            0x08004769   Thumb Code    22  usbd_ctlreq.o(i.USBD_CtlError)
    USBD_CtlPrepareRx                        0x0800477f   Thumb Code    30  usbd_ioreq.o(i.USBD_CtlPrepareRx)
    USBD_CtlReceiveStatus                    0x0800479d   Thumb Code    22  usbd_ioreq.o(i.USBD_CtlReceiveStatus)
    USBD_CtlSendData                         0x080047b3   Thumb Code    26  usbd_ioreq.o(i.USBD_CtlSendData)
    USBD_CtlSendStatus                       0x080047cd   Thumb Code    22  usbd_ioreq.o(i.USBD_CtlSendStatus)
    USBD_FS_ConfigStrDescriptor              0x080047e5   Thumb Code    16  usbd_desc.o(i.USBD_FS_ConfigStrDescriptor)
    USBD_FS_DeviceDescriptor                 0x08004805   Thumb Code     8  usbd_desc.o(i.USBD_FS_DeviceDescriptor)
    USBD_FS_InterfaceStrDescriptor           0x08004811   Thumb Code    16  usbd_desc.o(i.USBD_FS_InterfaceStrDescriptor)
    USBD_FS_LangIDStrDescriptor              0x08004835   Thumb Code     8  usbd_desc.o(i.USBD_FS_LangIDStrDescriptor)
    USBD_FS_ManufacturerStrDescriptor        0x08004841   Thumb Code    16  usbd_desc.o(i.USBD_FS_ManufacturerStrDescriptor)
    USBD_FS_ProductStrDescriptor             0x08004869   Thumb Code    16  usbd_desc.o(i.USBD_FS_ProductStrDescriptor)
    USBD_FS_SerialStrDescriptor              0x08004895   Thumb Code    50  usbd_desc.o(i.USBD_FS_SerialStrDescriptor)
    USBD_FS_USR_BOSDescriptor                0x080048d1   Thumb Code     8  usbd_desc.o(i.USBD_FS_USR_BOSDescriptor)
    USBD_GetString                           0x080049db   Thumb Code    74  usbd_ctlreq.o(i.USBD_GetString)
    USBD_Get_USB_Status                      0x08004a25   Thumb Code    24  usbd_conf.o(i.USBD_Get_USB_Status)
    USBD_Init                                0x08004a3d   Thumb Code    42  usbd_core.o(i.USBD_Init)
    USBD_LL_ClearStallEP                     0x08004a67   Thumb Code    18  usbd_conf.o(i.USBD_LL_ClearStallEP)
    USBD_LL_CloseEP                          0x08004a79   Thumb Code    18  usbd_conf.o(i.USBD_LL_CloseEP)
    USBD_LL_DataInStage                      0x08004a8b   Thumb Code   194  usbd_core.o(i.USBD_LL_DataInStage)
    USBD_LL_DataOutStage                     0x08004b4d   Thumb Code   130  usbd_core.o(i.USBD_LL_DataOutStage)
    USBD_LL_DevConnected                     0x08004bcf   Thumb Code     4  usbd_core.o(i.USBD_LL_DevConnected)
    USBD_LL_DevDisconnected                  0x08004bd3   Thumb Code    22  usbd_core.o(i.USBD_LL_DevDisconnected)
    USBD_LL_GetRxDataSize                    0x08004be9   Thumb Code     8  usbd_conf.o(i.USBD_LL_GetRxDataSize)
    USBD_LL_Init                             0x08004bf1   Thumb Code    90  usbd_conf.o(i.USBD_LL_Init)
    USBD_LL_IsStallEP                        0x08004c51   Thumb Code    32  usbd_conf.o(i.USBD_LL_IsStallEP)
    USBD_LL_IsoINIncomplete                  0x08004c71   Thumb Code     4  usbd_core.o(i.USBD_LL_IsoINIncomplete)
    USBD_LL_IsoOUTIncomplete                 0x08004c75   Thumb Code     4  usbd_core.o(i.USBD_LL_IsoOUTIncomplete)
    USBD_LL_OpenEP                           0x08004c79   Thumb Code    24  usbd_conf.o(i.USBD_LL_OpenEP)
    USBD_LL_PrepareReceive                   0x08004c91   Thumb Code    18  usbd_conf.o(i.USBD_LL_PrepareReceive)
    USBD_LL_Reset                            0x08004ca3   Thumb Code    80  usbd_core.o(i.USBD_LL_Reset)
    USBD_LL_Resume                           0x08004cf3   Thumb Code    12  usbd_core.o(i.USBD_LL_Resume)
    USBD_LL_SOF                              0x08004cff   Thumb Code    24  usbd_core.o(i.USBD_LL_SOF)
    USBD_LL_SetSpeed                         0x08004d17   Thumb Code     6  usbd_core.o(i.USBD_LL_SetSpeed)
    USBD_LL_SetUSBAddress                    0x08004d1d   Thumb Code    18  usbd_conf.o(i.USBD_LL_SetUSBAddress)
    USBD_LL_SetupStage                       0x08004d2f   Thumb Code    86  usbd_core.o(i.USBD_LL_SetupStage)
    USBD_LL_StallEP                          0x08004d85   Thumb Code    18  usbd_conf.o(i.USBD_LL_StallEP)
    USBD_LL_Start                            0x08004d97   Thumb Code    18  usbd_conf.o(i.USBD_LL_Start)
    USBD_LL_Suspend                          0x08004da9   Thumb Code    18  usbd_core.o(i.USBD_LL_Suspend)
    USBD_LL_Transmit                         0x08004dbb   Thumb Code    18  usbd_conf.o(i.USBD_LL_Transmit)
    USBD_ParseSetupRequest                   0x08004dcd   Thumb Code    40  usbd_ctlreq.o(i.USBD_ParseSetupRequest)
    USBD_RegisterClass                       0x08004df5   Thumb Code    18  usbd_core.o(i.USBD_RegisterClass)
    USBD_SetClassConfig                      0x08004e07   Thumb Code    22  usbd_core.o(i.USBD_SetClassConfig)
    USBD_Start                               0x08004ea5   Thumb Code    10  usbd_core.o(i.USBD_Start)
    USBD_StdDevReq                           0x08004eaf   Thumb Code   276  usbd_ctlreq.o(i.USBD_StdDevReq)
    USBD_StdEPReq                            0x08004fc3   Thumb Code   336  usbd_ctlreq.o(i.USBD_StdEPReq)
    USBD_StdItfReq                           0x08005113   Thumb Code    78  usbd_ctlreq.o(i.USBD_StdItfReq)
    USB_ActivateEndpoint                     0x08005161   Thumb Code   124  stm32f7xx_ll_usb.o(i.USB_ActivateEndpoint)
    USB_ActivateSetup                        0x080051e1   Thumb Code    52  stm32f7xx_ll_usb.o(i.USB_ActivateSetup)
    USB_CoreInit                             0x08005215   Thumb Code   104  stm32f7xx_ll_usb.o(i.USB_CoreInit)
    USB_DeactivateEndpoint                   0x080052b9   Thumb Code   118  stm32f7xx_ll_usb.o(i.USB_DeactivateEndpoint)
    USB_DevConnect                           0x08005339   Thumb Code    24  stm32f7xx_ll_usb.o(i.USB_DevConnect)
    USB_DevDisconnect                        0x08005351   Thumb Code    24  stm32f7xx_ll_usb.o(i.USB_DevDisconnect)
    USB_DevInit                              0x08005369   Thumb Code   386  stm32f7xx_ll_usb.o(i.USB_DevInit)
    USB_DisableGlobalInt                     0x080054fd   Thumb Code    12  stm32f7xx_ll_usb.o(i.USB_DisableGlobalInt)
    USB_EP0StartXfer                         0x08005509   Thumb Code   266  stm32f7xx_ll_usb.o(i.USB_EP0StartXfer)
    USB_EP0_OutStart                         0x08005619   Thumb Code    84  stm32f7xx_ll_usb.o(i.USB_EP0_OutStart)
    USB_EPClearStall                         0x08005671   Thumb Code    88  stm32f7xx_ll_usb.o(i.USB_EPClearStall)
    USB_EPSetStall                           0x080056c9   Thumb Code    88  stm32f7xx_ll_usb.o(i.USB_EPSetStall)
    USB_EPStartXfer                          0x08005721   Thumb Code   452  stm32f7xx_ll_usb.o(i.USB_EPStartXfer)
    USB_EnableGlobalInt                      0x080058e9   Thumb Code    12  stm32f7xx_ll_usb.o(i.USB_EnableGlobalInt)
    USB_FlushRxFifo                          0x080058f5   Thumb Code    28  stm32f7xx_ll_usb.o(i.USB_FlushRxFifo)
    USB_FlushTxFifo                          0x08005915   Thumb Code    32  stm32f7xx_ll_usb.o(i.USB_FlushTxFifo)
    USB_GetDevSpeed                          0x08005939   Thumb Code    26  stm32f7xx_ll_usb.o(i.USB_GetDevSpeed)
    USB_GetMode                              0x08005953   Thumb Code     8  stm32f7xx_ll_usb.o(i.USB_GetMode)
    USB_ReadDevAllInEpInterrupt              0x0800595b   Thumb Code    14  stm32f7xx_ll_usb.o(i.USB_ReadDevAllInEpInterrupt)
    USB_ReadDevAllOutEpInterrupt             0x08005969   Thumb Code    14  stm32f7xx_ll_usb.o(i.USB_ReadDevAllOutEpInterrupt)
    USB_ReadDevInEPInterrupt                 0x08005977   Thumb Code    36  stm32f7xx_ll_usb.o(i.USB_ReadDevInEPInterrupt)
    USB_ReadDevOutEPInterrupt                0x0800599b   Thumb Code    16  stm32f7xx_ll_usb.o(i.USB_ReadDevOutEPInterrupt)
    USB_ReadInterrupts                       0x080059ab   Thumb Code     8  stm32f7xx_ll_usb.o(i.USB_ReadInterrupts)
    USB_ReadPacket                           0x080059b3   Thumb Code    28  stm32f7xx_ll_usb.o(i.USB_ReadPacket)
    USB_SetCurrentMode                       0x080059cf   Thumb Code    46  stm32f7xx_ll_usb.o(i.USB_SetCurrentMode)
    USB_SetDevAddress                        0x080059fd   Thumb Code    34  stm32f7xx_ll_usb.o(i.USB_SetDevAddress)
    USB_SetTurnaroundTime                    0x08005a21   Thumb Code   158  stm32f7xx_ll_usb.o(i.USB_SetTurnaroundTime)
    USB_WritePacket                          0x08005b09   Thumb Code    36  stm32f7xx_ll_usb.o(i.USB_WritePacket)
    UsageFault_Handler                       0x08005b2d   Thumb Code     2  stm32f7xx_it.o(i.UsageFault_Handler)
    __scatterload_copy                       0x08005b51   Thumb Code    14  handlers.o(i.__scatterload_copy)
    __scatterload_null                       0x08005b5f   Thumb Code     2  handlers.o(i.__scatterload_null)
    __scatterload_zeroinit                   0x08005b61   Thumb Code    14  handlers.o(i.__scatterload_zeroinit)
    free                                     0x08005b71   Thumb Code    76  malloc.o(i.free)
    main                                     0x08005bc1   Thumb Code   180  main.o(i.main)
    malloc                                   0x08005c85   Thumb Code    92  malloc.o(i.malloc)
    AHBPrescTable                            0x08005cf0   Data          16  system_stm32f7xx.o(.constdata)
    APBPrescTable                            0x08005d00   Data           8  system_stm32f7xx.o(.constdata)
    Region$$Table$$Base                      0x08005d10   Number         0  anon$$obj.o(Region$$Table)
    Region$$Table$$Limit                     0x08005d30   Number         0  anon$$obj.o(Region$$Table)
    test_writearray                          0x2000000c   Data          36  main.o(.data)
    FS_Desc                                  0x20000030   Data          32  usbd_desc.o(.data)
    USBD_LangIDDesc                          0x20000050   Data           4  usbd_desc.o(.data)
    USBD_FS_DeviceDesc                       0x20000054   Data          18  usbd_desc.o(.data)
    USBD_FS_BOSDesc                          0x20000068   Data          12  usbd_desc.o(.data)
    USBD_StringSerial                        0x20000074   Data          26  usbd_desc.o(.data)
    USBD_Interface_fops_FS                   0x20000090   Data          16  usbd_cdc_if.o(.data)
    SystemCoreClock                          0x200000a8   Data           4  system_stm32f7xx.o(.data)
    uwTickFreq                               0x200000ac   Data           1  stm32f7xx_hal.o(.data)
    uwTickPrio                               0x200000b0   Data           4  stm32f7xx_hal.o(.data)
    uwTick                                   0x200000b4   Data           4  stm32f7xx_hal.o(.data)
    USBD_CDC_CfgHSDesc                       0x200000c8   Data          67  usbd_cdc.o(.data)
    USBD_CDC_CfgFSDesc                       0x2000010c   Data          67  usbd_cdc.o(.data)
    USBD_CDC_OtherSpeedCfgDesc               0x20000150   Data          67  usbd_cdc.o(.data)
    USBD_CDC                                 0x20000194   Data          56  usbd_cdc.o(.data)
    __microlib_freelist                      0x200001cc   Data           4  mvars.o(.data)
    __microlib_freelist_initialised          0x200001d0   Data           4  mvars.o(.data)
    hadc1                                    0x200001d4   Data          72  main.o(.bss)
    hadc2                                    0x2000021c   Data          72  main.o(.bss)
    hadc3                                    0x20000264   Data          72  main.o(.bss)
    heth                                     0x200002ac   Data          72  main.o(.bss)
    htim1                                    0x200002f4   Data          64  main.o(.bss)
    htim2                                    0x20000334   Data          64  main.o(.bss)
    htim3                                    0x20000374   Data          64  main.o(.bss)
    htim4                                    0x200003b4   Data          64  main.o(.bss)
    huart2                                   0x200003f4   Data         128  main.o(.bss)
    huart3                                   0x20000474   Data         128  main.o(.bss)
    test_readarray                           0x200004f4   Data          36  main.o(.bss)
    hdma_adc3                                0x20000518   Data          96  main.o(.bss)
    hdma_usart2_rx                           0x20000578   Data          96  main.o(.bss)
    hUsbDeviceFS                             0x200005d8   Data         668  usb_device.o(.bss)
    hpcd_USB_OTG_FS                          0x20000874   Data        1028  usbd_conf.o(.bss)
    USBD_StrDesc                             0x20000c78   Data         512  usbd_desc.o(.bss)
    UserRxBufferFS                           0x20000e78   Data        2048  usbd_cdc_if.o(.bss)
    UserTxBufferFS                           0x20001678   Data        2048  usbd_cdc_if.o(.bss)
    pFlash                                   0x20001e78   Data          28  stm32f7xx_hal_flash.o(.bss)
    __heap_base                              0x20001e98   Data           0  startup_stm32f767xx.o(HEAP)
    __heap_limit                             0x20003e98   Data           0  startup_stm32f767xx.o(HEAP)
    __initial_sp                             0x20007e98   Data           0  startup_stm32f767xx.o(STACK)



==============================================================================

Memory Map of the image

  Image Entry point : 0x080001f9

  Load Region LR_IROM1 (Base: 0x08000000, Size: 0x00005f04, Max: 0x00200000, ABSOLUTE, COMPRESSED[0x00005e14])

    Execution Region ER_IROM1 (Exec base: 0x08000000, Load base: 0x08000000, Size: 0x00005d30, Max: 0x00200000, ABSOLUTE)

    Exec Addr    Load Addr    Size         Type   Attr      Idx    E Section Name        Object

    0x08000000   0x08000000   0x000001f8   Data   RO            3    RESET               startup_stm32f767xx.o
    0x080001f8   0x080001f8   0x00000000   Code   RO         5468  * .ARM.Collect$$$$00000000  mc_w.l(entry.o)
    0x080001f8   0x080001f8   0x00000004   Code   RO         5511    .ARM.Collect$$$$00000001  mc_w.l(entry2.o)
    0x080001fc   0x080001fc   0x00000004   Code   RO         5514    .ARM.Collect$$$$00000004  mc_w.l(entry5.o)
    0x08000200   0x08000200   0x00000000   Code   RO         5516    .ARM.Collect$$$$00000008  mc_w.l(entry7b.o)
    0x08000200   0x08000200   0x00000000   Code   RO         5518    .ARM.Collect$$$$0000000A  mc_w.l(entry8b.o)
    0x08000200   0x08000200   0x00000008   Code   RO         5519    .ARM.Collect$$$$0000000B  mc_w.l(entry9a.o)
    0x08000208   0x08000208   0x00000000   Code   RO         5521    .ARM.Collect$$$$0000000D  mc_w.l(entry10a.o)
    0x08000208   0x08000208   0x00000000   Code   RO         5523    .ARM.Collect$$$$0000000F  mc_w.l(entry11a.o)
    0x08000208   0x08000208   0x00000004   Code   RO         5512    .ARM.Collect$$$$00002712  mc_w.l(entry2.o)
    0x0800020c   0x0800020c   0x00000024   Code   RO            4    .text               startup_stm32f767xx.o
    0x08000230   0x08000230   0x00000062   Code   RO         5471    .text               mc_w.l(uldiv.o)
    0x08000292   0x08000292   0x00000024   Code   RO         5475    .text               mc_w.l(memcpya.o)
    0x080002b6   0x080002b6   0x00000024   Code   RO         5477    .text               mc_w.l(memseta.o)
    0x080002da   0x080002da   0x0000001e   Code   RO         5525    .text               mc_w.l(llshl.o)
    0x080002f8   0x080002f8   0x00000020   Code   RO         5527    .text               mc_w.l(llushr.o)
    0x08000318   0x08000318   0x00000024   Code   RO         5531    .text               mc_w.l(init.o)
    0x0800033c   0x0800033c   0x00000056   Code   RO         5541    .text               mc_w.l(__dczerorl2.o)
    0x08000392   0x08000392   0x00000002   PAD
    0x08000394   0x08000394   0x00000024   Code   RO          801    i.ADC_IRQHandler    stm32f7xx_it.o
    0x080003b8   0x080003b8   0x00000138   Code   RO         3340    i.ADC_Init          stm32f7xx_hal_adc.o
    0x080004f0   0x080004f0   0x00000002   Code   RO          802    i.BusFault_Handler  stm32f7xx_it.o
    0x080004f2   0x080004f2   0x00000004   Code   RO          749    i.CDC_Control_FS    usbd_cdc_if.o
    0x080004f6   0x080004f6   0x00000004   Code   RO          750    i.CDC_DeInit_FS     usbd_cdc_if.o
    0x080004fa   0x080004fa   0x00000002   PAD
    0x080004fc   0x080004fc   0x00000024   Code   RO          751    i.CDC_Init_FS       usbd_cdc_if.o
    0x08000520   0x08000520   0x00000018   Code   RO          752    i.CDC_Receive_FS    usbd_cdc_if.o
    0x08000538   0x08000538   0x0000000c   Code   RO          803    i.DMA1_Stream5_IRQHandler  stm32f7xx_it.o
    0x08000544   0x08000544   0x0000000c   Code   RO          804    i.DMA2_Stream0_IRQHandler  stm32f7xx_it.o
    0x08000550   0x08000550   0x00000028   Code   RO         2058    i.DMA_CalcBaseAndBitshift  stm32f7xx_hal_dma.o
    0x08000578   0x08000578   0x00000054   Code   RO         2059    i.DMA_CheckFifoParam  stm32f7xx_hal_dma.o
    0x080005cc   0x080005cc   0x00000002   Code   RO          805    i.DebugMon_Handler  stm32f7xx_it.o
    0x080005ce   0x080005ce   0x00000002   PAD
    0x080005d0   0x080005d0   0x00000124   Code   RO         3613    i.ETH_MACDMAConfig  stm32f7xx_hal_eth.o
    0x080006f4   0x080006f4   0x00000006   Code   RO          806    i.EXTI0_IRQHandler  stm32f7xx_it.o
    0x080006fa   0x080006fa   0x00000002   Code   RO          169    i.Error_Handler     main.o
    0x080006fc   0x080006fc   0x0000005c   Code   RO         1928    i.FLASH_Erase_Sector  stm32f7xx_hal_flash_ex.o
    0x08000758   0x08000758   0x00000024   Code   RO         1810    i.FLASH_Program_Byte  stm32f7xx_hal_flash.o
    0x0800077c   0x0800077c   0x0000002c   Code   RO         1811    i.FLASH_Program_DoubleWord  stm32f7xx_hal_flash.o
    0x080007a8   0x080007a8   0x00000028   Code   RO         1812    i.FLASH_Program_HalfWord  stm32f7xx_hal_flash.o
    0x080007d0   0x080007d0   0x00000028   Code   RO         1813    i.FLASH_Program_Word  stm32f7xx_hal_flash.o
    0x080007f8   0x080007f8   0x00000058   Code   RO         1814    i.FLASH_SetErrorCode  stm32f7xx_hal_flash.o
    0x08000850   0x08000850   0x00000054   Code   RO         1815    i.FLASH_WaitForLastOperation  stm32f7xx_hal_flash.o
    0x080008a4   0x080008a4   0x00000002   Code   RO         3511    i.HAL_ADCEx_InjectedConvCpltCallback  stm32f7xx_hal_adc_ex.o
    0x080008a6   0x080008a6   0x00000002   PAD
    0x080008a8   0x080008a8   0x00000164   Code   RO         3342    i.HAL_ADC_ConfigChannel  stm32f7xx_hal_adc.o
    0x08000a0c   0x08000a0c   0x00000002   Code   RO         3343    i.HAL_ADC_ConvCpltCallback  stm32f7xx_hal_adc.o
    0x08000a0e   0x08000a0e   0x00000002   Code   RO         3346    i.HAL_ADC_ErrorCallback  stm32f7xx_hal_adc.o
    0x08000a10   0x08000a10   0x0000013c   Code   RO         3350    i.HAL_ADC_IRQHandler  stm32f7xx_hal_adc.o
    0x08000b4c   0x08000b4c   0x00000054   Code   RO         3351    i.HAL_ADC_Init      stm32f7xx_hal_adc.o
    0x08000ba0   0x08000ba0   0x00000002   Code   RO         3352    i.HAL_ADC_LevelOutOfWindowCallback  stm32f7xx_hal_adc.o
    0x08000ba2   0x08000ba2   0x00000002   PAD
    0x08000ba4   0x08000ba4   0x00000134   Code   RO          920    i.HAL_ADC_MspInit   stm32f7xx_hal_msp.o
    0x08000cd8   0x08000cd8   0x00000024   Code   RO         2062    i.HAL_DMA_Abort_IT  stm32f7xx_hal_dma.o
    0x08000cfc   0x08000cfc   0x000001a0   Code   RO         2066    i.HAL_DMA_IRQHandler  stm32f7xx_hal_dma.o
    0x08000e9c   0x08000e9c   0x000000e4   Code   RO         2067    i.HAL_DMA_Init      stm32f7xx_hal_dma.o
    0x08000f80   0x08000f80   0x00000024   Code   RO         2563    i.HAL_Delay         stm32f7xx_hal.o
    0x08000fa4   0x08000fa4   0x000001f0   Code   RO         3624    i.HAL_ETH_Init      stm32f7xx_hal_eth.o
    0x08001194   0x08001194   0x000000e8   Code   RO          922    i.HAL_ETH_MspInit   stm32f7xx_hal_msp.o
    0x0800127c   0x0800127c   0x00000086   Code   RO         3627    i.HAL_ETH_ReadPHYRegister  stm32f7xx_hal_eth.o
    0x08001302   0x08001302   0x00000002   PAD
    0x08001304   0x08001304   0x0000007a   Code   RO         3633    i.HAL_ETH_WritePHYRegister  stm32f7xx_hal_eth.o
    0x0800137e   0x0800137e   0x00000002   PAD
    0x08001380   0x08001380   0x00000014   Code   RO         1819    i.HAL_FLASH_Lock    stm32f7xx_hal_flash.o
    0x08001394   0x08001394   0x00000084   Code   RO         1824    i.HAL_FLASH_Program  stm32f7xx_hal_flash.o
    0x08001418   0x08001418   0x00000030   Code   RO         1826    i.HAL_FLASH_Unlock  stm32f7xx_hal_flash.o
    0x08001448   0x08001448   0x00000002   Code   RO         1993    i.HAL_GPIO_EXTI_Callback  stm32f7xx_hal_gpio.o
    0x0800144a   0x0800144a   0x00000002   PAD
    0x0800144c   0x0800144c   0x00000018   Code   RO         1994    i.HAL_GPIO_EXTI_IRQHandler  stm32f7xx_hal_gpio.o
    0x08001464   0x08001464   0x000001d8   Code   RO         1995    i.HAL_GPIO_Init     stm32f7xx_hal_gpio.o
    0x0800163c   0x0800163c   0x0000000a   Code   RO         1999    i.HAL_GPIO_WritePin  stm32f7xx_hal_gpio.o
    0x08001646   0x08001646   0x00000002   PAD
    0x08001648   0x08001648   0x0000000c   Code   RO         2573    i.HAL_GetTick       stm32f7xx_hal.o
    0x08001654   0x08001654   0x00000010   Code   RO         2579    i.HAL_IncTick       stm32f7xx_hal.o
    0x08001664   0x08001664   0x00000016   Code   RO         2580    i.HAL_Init          stm32f7xx_hal.o
    0x0800167a   0x0800167a   0x00000002   PAD
    0x0800167c   0x0800167c   0x00000040   Code   RO         2581    i.HAL_InitTick      stm32f7xx_hal.o
    0x080016bc   0x080016bc   0x00000030   Code   RO          923    i.HAL_MspInit       stm32f7xx_hal_msp.o
    0x080016ec   0x080016ec   0x0000001a   Code   RO         2426    i.HAL_NVIC_EnableIRQ  stm32f7xx_hal_cortex.o
    0x08001706   0x08001706   0x00000002   PAD
    0x08001708   0x08001708   0x00000040   Code   RO         2432    i.HAL_NVIC_SetPriority  stm32f7xx_hal_cortex.o
    0x08001748   0x08001748   0x00000024   Code   RO         2433    i.HAL_NVIC_SetPriorityGrouping  stm32f7xx_hal_cortex.o
    0x0800176c   0x0800176c   0x00000028   Code   RO         1294    i.HAL_PCDEx_ActivateLPM  stm32f7xx_hal_pcd_ex.o
    0x08001794   0x08001794   0x00000060   Code   RO          456    i.HAL_PCDEx_LPM_Callback  usbd_conf.o
    0x080017f4   0x080017f4   0x00000008   Code   RO         1298    i.HAL_PCDEx_SetRxFiFo  stm32f7xx_hal_pcd_ex.o
    0x080017fc   0x080017fc   0x00000046   Code   RO         1299    i.HAL_PCDEx_SetTxFiFo  stm32f7xx_hal_pcd_ex.o
    0x08001842   0x08001842   0x00000008   Code   RO          457    i.HAL_PCD_ConnectCallback  usbd_conf.o
    0x0800184a   0x0800184a   0x00000012   Code   RO          458    i.HAL_PCD_DataInStageCallback  usbd_conf.o
    0x0800185c   0x0800185c   0x00000014   Code   RO          459    i.HAL_PCD_DataOutStageCallback  usbd_conf.o
    0x08001870   0x08001870   0x00000008   Code   RO          460    i.HAL_PCD_DisconnectCallback  usbd_conf.o
    0x08001878   0x08001878   0x0000004c   Code   RO         1083    i.HAL_PCD_EP_Close  stm32f7xx_hal_pcd.o
    0x080018c4   0x080018c4   0x0000005c   Code   RO         1084    i.HAL_PCD_EP_ClrStall  stm32f7xx_hal_pcd.o
    0x08001920   0x08001920   0x00000012   Code   RO         1086    i.HAL_PCD_EP_GetRxCount  stm32f7xx_hal_pcd.o
    0x08001932   0x08001932   0x00000060   Code   RO         1087    i.HAL_PCD_EP_Open   stm32f7xx_hal_pcd.o
    0x08001992   0x08001992   0x00000044   Code   RO         1088    i.HAL_PCD_EP_Receive  stm32f7xx_hal_pcd.o
    0x080019d6   0x080019d6   0x00000074   Code   RO         1089    i.HAL_PCD_EP_SetStall  stm32f7xx_hal_pcd.o
    0x08001a4a   0x08001a4a   0x00000044   Code   RO         1090    i.HAL_PCD_EP_Transmit  stm32f7xx_hal_pcd.o
    0x08001a8e   0x08001a8e   0x00000002   PAD
    0x08001a90   0x08001a90   0x000004aa   Code   RO         1092    i.HAL_PCD_IRQHandler  stm32f7xx_hal_pcd.o
    0x08001f3a   0x08001f3a   0x00000008   Code   RO          461    i.HAL_PCD_ISOINIncompleteCallback  usbd_conf.o
    0x08001f42   0x08001f42   0x00000008   Code   RO          462    i.HAL_PCD_ISOOUTIncompleteCallback  usbd_conf.o
    0x08001f4a   0x08001f4a   0x00000002   PAD
    0x08001f4c   0x08001f4c   0x000000ea   Code   RO         1095    i.HAL_PCD_Init      stm32f7xx_hal_pcd.o
    0x08002036   0x08002036   0x00000002   PAD
    0x08002038   0x08002038   0x0000009c   Code   RO          464    i.HAL_PCD_MspInit   usbd_conf.o
    0x080020d4   0x080020d4   0x0000002c   Code   RO          465    i.HAL_PCD_ResetCallback  usbd_conf.o
    0x08002100   0x08002100   0x00000008   Code   RO          466    i.HAL_PCD_ResumeCallback  usbd_conf.o
    0x08002108   0x08002108   0x00000008   Code   RO          467    i.HAL_PCD_SOFCallback  usbd_conf.o
    0x08002110   0x08002110   0x00000028   Code   RO         1101    i.HAL_PCD_SetAddress  stm32f7xx_hal_pcd.o
    0x08002138   0x08002138   0x0000000e   Code   RO          468    i.HAL_PCD_SetupStageCallback  usbd_conf.o
    0x08002146   0x08002146   0x0000002a   Code   RO         1103    i.HAL_PCD_Start     stm32f7xx_hal_pcd.o
    0x08002170   0x08002170   0x00000030   Code   RO          469    i.HAL_PCD_SuspendCallback  usbd_conf.o
    0x080021a0   0x080021a0   0x0000053c   Code   RO         1756    i.HAL_RCCEx_PeriphCLKConfig  stm32f7xx_hal_rcc_ex.o
    0x080026dc   0x080026dc   0x0000012c   Code   RO         1649    i.HAL_RCC_ClockConfig  stm32f7xx_hal_rcc.o
    0x08002808   0x08002808   0x0000000c   Code   RO         1654    i.HAL_RCC_GetHCLKFreq  stm32f7xx_hal_rcc.o
    0x08002814   0x08002814   0x00000020   Code   RO         1656    i.HAL_RCC_GetPCLK1Freq  stm32f7xx_hal_rcc.o
    0x08002834   0x08002834   0x00000020   Code   RO         1657    i.HAL_RCC_GetPCLK2Freq  stm32f7xx_hal_rcc.o
    0x08002854   0x08002854   0x00000060   Code   RO         1658    i.HAL_RCC_GetSysClockFreq  stm32f7xx_hal_rcc.o
    0x080028b4   0x080028b4   0x0000033c   Code   RO         1661    i.HAL_RCC_OscConfig  stm32f7xx_hal_rcc.o
    0x08002bf0   0x08002bf0   0x00000026   Code   RO         2437    i.HAL_SYSTICK_Config  stm32f7xx_hal_cortex.o
    0x08002c16   0x08002c16   0x00000002   Code   RO         4447    i.HAL_TIMEx_Break2Callback  stm32f7xx_hal_tim_ex.o
    0x08002c18   0x08002c18   0x00000002   Code   RO         4448    i.HAL_TIMEx_BreakCallback  stm32f7xx_hal_tim_ex.o
    0x08002c1a   0x08002c1a   0x00000002   Code   RO         4449    i.HAL_TIMEx_CommutCallback  stm32f7xx_hal_tim_ex.o
    0x08002c1c   0x08002c1c   0x00000060   Code   RO         4468    i.HAL_TIMEx_MasterConfigSynchronization  stm32f7xx_hal_tim_ex.o
    0x08002c7c   0x08002c7c   0x00000036   Code   RO         3762    i.HAL_TIM_Base_Init  stm32f7xx_hal_tim.o
    0x08002cb2   0x08002cb2   0x00000002   PAD
    0x08002cb4   0x08002cb4   0x0000008c   Code   RO          925    i.HAL_TIM_Base_MspInit  stm32f7xx_hal_msp.o
    0x08002d40   0x08002d40   0x000000dc   Code   RO         3771    i.HAL_TIM_ConfigClockSource  stm32f7xx_hal_tim.o
    0x08002e1c   0x08002e1c   0x00000002   Code   RO         3791    i.HAL_TIM_IC_CaptureCallback  stm32f7xx_hal_tim.o
    0x08002e1e   0x08002e1e   0x00000182   Code   RO         3805    i.HAL_TIM_IRQHandler  stm32f7xx_hal_tim.o
    0x08002fa0   0x08002fa0   0x00000084   Code   RO          926    i.HAL_TIM_MspPostInit  stm32f7xx_hal_msp.o
    0x08003024   0x08003024   0x00000002   Code   RO         3808    i.HAL_TIM_OC_DelayElapsedCallback  stm32f7xx_hal_tim.o
    0x08003026   0x08003026   0x00000128   Code   RO         3829    i.HAL_TIM_PWM_ConfigChannel  stm32f7xx_hal_tim.o
    0x0800314e   0x0800314e   0x00000036   Code   RO         3832    i.HAL_TIM_PWM_Init  stm32f7xx_hal_tim.o
    0x08003184   0x08003184   0x00000002   Code   RO         3834    i.HAL_TIM_PWM_MspInit  stm32f7xx_hal_tim.o
    0x08003186   0x08003186   0x00000002   Code   RO         3835    i.HAL_TIM_PWM_PulseFinishedCallback  stm32f7xx_hal_tim.o
    0x08003188   0x08003188   0x00000002   Code   RO         3843    i.HAL_TIM_PeriodElapsedCallback  stm32f7xx_hal_tim.o
    0x0800318a   0x0800318a   0x00000002   Code   RO         3848    i.HAL_TIM_TriggerCallback  stm32f7xx_hal_tim.o
    0x0800318c   0x0800318c   0x00000002   Code   RO         4738    i.HAL_UART_ErrorCallback  stm32f7xx_hal_uart.o
    0x0800318e   0x0800318e   0x00000002   PAD
    0x08003190   0x08003190   0x00000128   Code   RO         4741    i.HAL_UART_IRQHandler  stm32f7xx_hal_uart.o
    0x080032b8   0x080032b8   0x00000066   Code   RO         4742    i.HAL_UART_Init     stm32f7xx_hal_uart.o
    0x0800331e   0x0800331e   0x00000002   PAD
    0x08003320   0x08003320   0x000000f8   Code   RO          928    i.HAL_UART_MspInit  stm32f7xx_hal_msp.o
    0x08003418   0x08003418   0x00000002   Code   RO         4753    i.HAL_UART_TxCpltCallback  stm32f7xx_hal_uart.o
    0x0800341a   0x0800341a   0x00000002   Code   RO          807    i.HardFault_Handler  stm32f7xx_it.o
    0x0800341c   0x0800341c   0x00000038   Code   RO          657    i.IntToUnicode      usbd_desc.o
    0x08003454   0x08003454   0x00000058   Code   RO          170    i.MX_ADC1_Init      main.o
    0x080034ac   0x080034ac   0x00000058   Code   RO          171    i.MX_ADC2_Init      main.o
    0x08003504   0x08003504   0x00000068   Code   RO          172    i.MX_ADC3_Init      main.o
    0x0800356c   0x0800356c   0x00000044   Code   RO          173    i.MX_ETH_Init       main.o
    0x080035b0   0x080035b0   0x0000015c   Code   RO          174    i.MX_GPIO_Init      main.o
    0x0800370c   0x0800370c   0x00000058   Code   RO          175    i.MX_TIM1_Init      main.o
    0x08003764   0x08003764   0x00000054   Code   RO          176    i.MX_TIM2_Init      main.o
    0x080037b8   0x080037b8   0x0000007c   Code   RO          177    i.MX_TIM3_Init      main.o
    0x08003834   0x08003834   0x0000007c   Code   RO          178    i.MX_TIM4_Init      main.o
    0x080038b0   0x080038b0   0x00000030   Code   RO          179    i.MX_USART2_UART_Init  main.o
    0x080038e0   0x080038e0   0x00000030   Code   RO          180    i.MX_USART3_UART_Init  main.o
    0x08003910   0x08003910   0x00000054   Code   RO          425    i.MX_USB_DEVICE_Init  usb_device.o
    0x08003964   0x08003964   0x00000054   Code   RO          998    i.MY_FLASH_ReadN    my_flash.o
    0x080039b8   0x080039b8   0x0000000c   Code   RO          999    i.MY_FLASH_SetSectorAddrs  my_flash.o
    0x080039c4   0x080039c4   0x00000094   Code   RO         1000    i.MY_FLASH_WriteN   my_flash.o
    0x08003a58   0x08003a58   0x00000002   Code   RO          808    i.MemManage_Handler  stm32f7xx_it.o
    0x08003a5a   0x08003a5a   0x00000002   Code   RO          809    i.NMI_Handler       stm32f7xx_it.o
    0x08003a5c   0x08003a5c   0x0000000c   Code   RO          810    i.OTG_FS_IRQHandler  stm32f7xx_it.o
    0x08003a68   0x08003a68   0x000000dc   Code   RO         1106    i.PCD_EP_OutXfrComplete_int  stm32f7xx_hal_pcd.o
    0x08003b44   0x08003b44   0x000000a2   Code   RO         1107    i.PCD_WriteEmptyTxFifo  stm32f7xx_hal_pcd.o
    0x08003be6   0x08003be6   0x00000002   Code   RO          811    i.PendSV_Handler    stm32f7xx_it.o
    0x08003be8   0x08003be8   0x00000002   Code   RO          812    i.SVC_Handler       stm32f7xx_it.o
    0x08003bea   0x08003bea   0x00000004   Code   RO          813    i.SysTick_Handler   stm32f7xx_it.o
    0x08003bee   0x08003bee   0x00000002   PAD
    0x08003bf0   0x08003bf0   0x000000a4   Code   RO          181    i.SystemClock_Config  main.o
    0x08003c94   0x08003c94   0x00000054   Code   RO         1037    i.SystemInit        system_stm32f7xx.o
    0x08003ce8   0x08003ce8   0x0000000c   Code   RO          814    i.TIM2_IRQHandler   stm32f7xx_it.o
    0x08003cf4   0x08003cf4   0x000000cc   Code   RO         3850    i.TIM_Base_SetConfig  stm32f7xx_hal_tim.o
    0x08003dc0   0x08003dc0   0x00000012   Code   RO         3861    i.TIM_ETR_SetConfig  stm32f7xx_hal_tim.o
    0x08003dd2   0x08003dd2   0x00000010   Code   RO         3862    i.TIM_ITRx_SetConfig  stm32f7xx_hal_tim.o
    0x08003de2   0x08003de2   0x00000002   PAD
    0x08003de4   0x08003de4   0x00000074   Code   RO         3863    i.TIM_OC1_SetConfig  stm32f7xx_hal_tim.o
    0x08003e58   0x08003e58   0x00000078   Code   RO         3864    i.TIM_OC2_SetConfig  stm32f7xx_hal_tim.o
    0x08003ed0   0x08003ed0   0x00000078   Code   RO         3865    i.TIM_OC3_SetConfig  stm32f7xx_hal_tim.o
    0x08003f48   0x08003f48   0x00000058   Code   RO         3866    i.TIM_OC4_SetConfig  stm32f7xx_hal_tim.o
    0x08003fa0   0x08003fa0   0x00000058   Code   RO         3867    i.TIM_OC5_SetConfig  stm32f7xx_hal_tim.o
    0x08003ff8   0x08003ff8   0x00000058   Code   RO         3868    i.TIM_OC6_SetConfig  stm32f7xx_hal_tim.o
    0x08004050   0x08004050   0x00000022   Code   RO         3870    i.TIM_TI1_ConfigInputStage  stm32f7xx_hal_tim.o
    0x08004072   0x08004072   0x00000024   Code   RO         3872    i.TIM_TI2_ConfigInputStage  stm32f7xx_hal_tim.o
    0x08004096   0x08004096   0x000000c8   Code   RO         4755    i.UART_AdvFeatureConfig  stm32f7xx_hal_uart.o
    0x0800415e   0x0800415e   0x0000003c   Code   RO         4756    i.UART_CheckIdleState  stm32f7xx_hal_uart.o
    0x0800419a   0x0800419a   0x00000014   Code   RO         4757    i.UART_DMAAbortOnError  stm32f7xx_hal_uart.o
    0x080041ae   0x080041ae   0x00000020   Code   RO         4767    i.UART_EndRxTransfer  stm32f7xx_hal_uart.o
    0x080041ce   0x080041ce   0x00000002   PAD
    0x080041d0   0x080041d0   0x00000254   Code   RO         4771    i.UART_SetConfig    stm32f7xx_hal_uart.o
    0x08004424   0x08004424   0x00000060   Code   RO         4774    i.UART_WaitOnFlagUntilTimeout  stm32f7xx_hal_uart.o
    0x08004484   0x08004484   0x0000000c   Code   RO          815    i.USART2_IRQHandler  stm32f7xx_it.o
    0x08004490   0x08004490   0x0000004a   Code   RO         5365    i.USBD_CDC_DataIn   usbd_cdc.o
    0x080044da   0x080044da   0x0000002e   Code   RO         5366    i.USBD_CDC_DataOut  usbd_cdc.o
    0x08004508   0x08004508   0x00000044   Code   RO         5367    i.USBD_CDC_DeInit   usbd_cdc.o
    0x0800454c   0x0800454c   0x00000024   Code   RO         5368    i.USBD_CDC_EP0_RxReady  usbd_cdc.o
    0x08004570   0x08004570   0x0000000c   Code   RO         5369    i.USBD_CDC_GetDeviceQualifierDescriptor  usbd_cdc.o
    0x0800457c   0x0800457c   0x0000000c   Code   RO         5370    i.USBD_CDC_GetFSCfgDesc  usbd_cdc.o
    0x08004588   0x08004588   0x0000000c   Code   RO         5371    i.USBD_CDC_GetHSCfgDesc  usbd_cdc.o
    0x08004594   0x08004594   0x0000000c   Code   RO         5372    i.USBD_CDC_GetOtherSpeedCfgDesc  usbd_cdc.o
    0x080045a0   0x080045a0   0x00000094   Code   RO         5373    i.USBD_CDC_Init     usbd_cdc.o
    0x08004634   0x08004634   0x00000028   Code   RO         5374    i.USBD_CDC_ReceivePacket  usbd_cdc.o
    0x0800465c   0x0800465c   0x00000014   Code   RO         5375    i.USBD_CDC_RegisterInterface  usbd_cdc.o
    0x08004670   0x08004670   0x0000000c   Code   RO         5376    i.USBD_CDC_SetRxBuffer  usbd_cdc.o
    0x0800467c   0x0800467c   0x00000010   Code   RO         5377    i.USBD_CDC_SetTxBuffer  usbd_cdc.o
    0x0800468c   0x0800468c   0x000000ae   Code   RO         5378    i.USBD_CDC_Setup    usbd_cdc.o
    0x0800473a   0x0800473a   0x0000000e   Code   RO         5102    i.USBD_ClrClassConfig  usbd_core.o
    0x08004748   0x08004748   0x00000010   Code   RO         5305    i.USBD_CtlContinueRx  usbd_ioreq.o
    0x08004758   0x08004758   0x00000010   Code   RO         5306    i.USBD_CtlContinueSendData  usbd_ioreq.o
    0x08004768   0x08004768   0x00000016   Code   RO         5240    i.USBD_CtlError     usbd_ctlreq.o
    0x0800477e   0x0800477e   0x0000001e   Code   RO         5307    i.USBD_CtlPrepareRx  usbd_ioreq.o
    0x0800479c   0x0800479c   0x00000016   Code   RO         5308    i.USBD_CtlReceiveStatus  usbd_ioreq.o
    0x080047b2   0x080047b2   0x0000001a   Code   RO         5309    i.USBD_CtlSendData  usbd_ioreq.o
    0x080047cc   0x080047cc   0x00000016   Code   RO         5310    i.USBD_CtlSendStatus  usbd_ioreq.o
    0x080047e2   0x080047e2   0x00000002   PAD
    0x080047e4   0x080047e4   0x00000020   Code   RO          658    i.USBD_FS_ConfigStrDescriptor  usbd_desc.o
    0x08004804   0x08004804   0x0000000c   Code   RO          659    i.USBD_FS_DeviceDescriptor  usbd_desc.o
    0x08004810   0x08004810   0x00000024   Code   RO          660    i.USBD_FS_InterfaceStrDescriptor  usbd_desc.o
    0x08004834   0x08004834   0x0000000c   Code   RO          661    i.USBD_FS_LangIDStrDescriptor  usbd_desc.o
    0x08004840   0x08004840   0x00000028   Code   RO          662    i.USBD_FS_ManufacturerStrDescriptor  usbd_desc.o
    0x08004868   0x08004868   0x0000002c   Code   RO          663    i.USBD_FS_ProductStrDescriptor  usbd_desc.o
    0x08004894   0x08004894   0x0000003c   Code   RO          664    i.USBD_FS_SerialStrDescriptor  usbd_desc.o
    0x080048d0   0x080048d0   0x0000000c   Code   RO          665    i.USBD_FS_USR_BOSDescriptor  usbd_desc.o
    0x080048dc   0x080048dc   0x000000fe   Code   RO         5241    i.USBD_GetDescriptor  usbd_ctlreq.o
    0x080049da   0x080049da   0x0000004a   Code   RO         5242    i.USBD_GetString    usbd_ctlreq.o
    0x08004a24   0x08004a24   0x00000018   Code   RO          470    i.USBD_Get_USB_Status  usbd_conf.o
    0x08004a3c   0x08004a3c   0x0000002a   Code   RO         5104    i.USBD_Init         usbd_core.o
    0x08004a66   0x08004a66   0x00000012   Code   RO          471    i.USBD_LL_ClearStallEP  usbd_conf.o
    0x08004a78   0x08004a78   0x00000012   Code   RO          472    i.USBD_LL_CloseEP   usbd_conf.o
    0x08004a8a   0x08004a8a   0x000000c2   Code   RO         5105    i.USBD_LL_DataInStage  usbd_core.o
    0x08004b4c   0x08004b4c   0x00000082   Code   RO         5106    i.USBD_LL_DataOutStage  usbd_core.o
    0x08004bce   0x08004bce   0x00000004   Code   RO         5107    i.USBD_LL_DevConnected  usbd_core.o
    0x08004bd2   0x08004bd2   0x00000016   Code   RO         5108    i.USBD_LL_DevDisconnected  usbd_core.o
    0x08004be8   0x08004be8   0x00000008   Code   RO          476    i.USBD_LL_GetRxDataSize  usbd_conf.o
    0x08004bf0   0x08004bf0   0x00000060   Code   RO          477    i.USBD_LL_Init      usbd_conf.o
    0x08004c50   0x08004c50   0x00000020   Code   RO          478    i.USBD_LL_IsStallEP  usbd_conf.o
    0x08004c70   0x08004c70   0x00000004   Code   RO         5109    i.USBD_LL_IsoINIncomplete  usbd_core.o
    0x08004c74   0x08004c74   0x00000004   Code   RO         5110    i.USBD_LL_IsoOUTIncomplete  usbd_core.o
    0x08004c78   0x08004c78   0x00000018   Code   RO          479    i.USBD_LL_OpenEP    usbd_conf.o
    0x08004c90   0x08004c90   0x00000012   Code   RO          480    i.USBD_LL_PrepareReceive  usbd_conf.o
    0x08004ca2   0x08004ca2   0x00000050   Code   RO         5111    i.USBD_LL_Reset     usbd_core.o
    0x08004cf2   0x08004cf2   0x0000000c   Code   RO         5112    i.USBD_LL_Resume    usbd_core.o
    0x08004cfe   0x08004cfe   0x00000018   Code   RO         5113    i.USBD_LL_SOF       usbd_core.o
    0x08004d16   0x08004d16   0x00000006   Code   RO         5114    i.USBD_LL_SetSpeed  usbd_core.o
    0x08004d1c   0x08004d1c   0x00000012   Code   RO          481    i.USBD_LL_SetUSBAddress  usbd_conf.o
    0x08004d2e   0x08004d2e   0x00000056   Code   RO         5115    i.USBD_LL_SetupStage  usbd_core.o
    0x08004d84   0x08004d84   0x00000012   Code   RO          482    i.USBD_LL_StallEP   usbd_conf.o
    0x08004d96   0x08004d96   0x00000012   Code   RO          483    i.USBD_LL_Start     usbd_conf.o
    0x08004da8   0x08004da8   0x00000012   Code   RO         5116    i.USBD_LL_Suspend   usbd_core.o
    0x08004dba   0x08004dba   0x00000012   Code   RO          485    i.USBD_LL_Transmit  usbd_conf.o
    0x08004dcc   0x08004dcc   0x00000028   Code   RO         5243    i.USBD_ParseSetupRequest  usbd_ctlreq.o
    0x08004df4   0x08004df4   0x00000012   Code   RO         5117    i.USBD_RegisterClass  usbd_core.o
    0x08004e06   0x08004e06   0x00000016   Code   RO         5119    i.USBD_SetClassConfig  usbd_core.o
    0x08004e1c   0x08004e1c   0x00000088   Code   RO         5244    i.USBD_SetConfig    usbd_ctlreq.o
    0x08004ea4   0x08004ea4   0x0000000a   Code   RO         5120    i.USBD_Start        usbd_core.o
    0x08004eae   0x08004eae   0x00000114   Code   RO         5245    i.USBD_StdDevReq    usbd_ctlreq.o
    0x08004fc2   0x08004fc2   0x00000150   Code   RO         5246    i.USBD_StdEPReq     usbd_ctlreq.o
    0x08005112   0x08005112   0x0000004e   Code   RO         5247    i.USBD_StdItfReq    usbd_ctlreq.o
    0x08005160   0x08005160   0x00000080   Code   RO         1349    i.USB_ActivateEndpoint  stm32f7xx_ll_usb.o
    0x080051e0   0x080051e0   0x00000034   Code   RO         1351    i.USB_ActivateSetup  stm32f7xx_ll_usb.o
    0x08005214   0x08005214   0x0000006c   Code   RO         1353    i.USB_CoreInit      stm32f7xx_ll_usb.o
    0x08005280   0x08005280   0x00000038   Code   RO         1354    i.USB_CoreReset     stm32f7xx_ll_usb.o
    0x080052b8   0x080052b8   0x00000080   Code   RO         1357    i.USB_DeactivateEndpoint  stm32f7xx_ll_usb.o
    0x08005338   0x08005338   0x00000018   Code   RO         1358    i.USB_DevConnect    stm32f7xx_ll_usb.o
    0x08005350   0x08005350   0x00000018   Code   RO         1359    i.USB_DevDisconnect  stm32f7xx_ll_usb.o
    0x08005368   0x08005368   0x00000194   Code   RO         1360    i.USB_DevInit       stm32f7xx_ll_usb.o
    0x080054fc   0x080054fc   0x0000000c   Code   RO         1361    i.USB_DisableGlobalInt  stm32f7xx_ll_usb.o
    0x08005508   0x08005508   0x00000110   Code   RO         1364    i.USB_EP0StartXfer  stm32f7xx_ll_usb.o
    0x08005618   0x08005618   0x00000058   Code   RO         1365    i.USB_EP0_OutStart  stm32f7xx_ll_usb.o
    0x08005670   0x08005670   0x00000058   Code   RO         1366    i.USB_EPClearStall  stm32f7xx_ll_usb.o
    0x080056c8   0x080056c8   0x00000058   Code   RO         1367    i.USB_EPSetStall    stm32f7xx_ll_usb.o
    0x08005720   0x08005720   0x000001c8   Code   RO         1368    i.USB_EPStartXfer   stm32f7xx_ll_usb.o
    0x080058e8   0x080058e8   0x0000000c   Code   RO         1369    i.USB_EnableGlobalInt  stm32f7xx_ll_usb.o
    0x080058f4   0x080058f4   0x00000020   Code   RO         1370    i.USB_FlushRxFifo   stm32f7xx_ll_usb.o
    0x08005914   0x08005914   0x00000024   Code   RO         1371    i.USB_FlushTxFifo   stm32f7xx_ll_usb.o
    0x08005938   0x08005938   0x0000001a   Code   RO         1373    i.USB_GetDevSpeed   stm32f7xx_ll_usb.o
    0x08005952   0x08005952   0x00000008   Code   RO         1375    i.USB_GetMode       stm32f7xx_ll_usb.o
    0x0800595a   0x0800595a   0x0000000e   Code   RO         1382    i.USB_ReadDevAllInEpInterrupt  stm32f7xx_ll_usb.o
    0x08005968   0x08005968   0x0000000e   Code   RO         1383    i.USB_ReadDevAllOutEpInterrupt  stm32f7xx_ll_usb.o
    0x08005976   0x08005976   0x00000024   Code   RO         1384    i.USB_ReadDevInEPInterrupt  stm32f7xx_ll_usb.o
    0x0800599a   0x0800599a   0x00000010   Code   RO         1385    i.USB_ReadDevOutEPInterrupt  stm32f7xx_ll_usb.o
    0x080059aa   0x080059aa   0x00000008   Code   RO         1386    i.USB_ReadInterrupts  stm32f7xx_ll_usb.o
    0x080059b2   0x080059b2   0x0000001c   Code   RO         1387    i.USB_ReadPacket    stm32f7xx_ll_usb.o
    0x080059ce   0x080059ce   0x0000002e   Code   RO         1389    i.USB_SetCurrentMode  stm32f7xx_ll_usb.o
    0x080059fc   0x080059fc   0x00000022   Code   RO         1390    i.USB_SetDevAddress  stm32f7xx_ll_usb.o
    0x08005a1e   0x08005a1e   0x00000002   PAD
    0x08005a20   0x08005a20   0x000000e8   Code   RO         1392    i.USB_SetTurnaroundTime  stm32f7xx_ll_usb.o
    0x08005b08   0x08005b08   0x00000024   Code   RO         1395    i.USB_WritePacket   stm32f7xx_ll_usb.o
    0x08005b2c   0x08005b2c   0x00000002   Code   RO          816    i.UsageFault_Handler  stm32f7xx_it.o
    0x08005b2e   0x08005b2e   0x00000022   Code   RO         2439    i.__NVIC_SetPriority  stm32f7xx_hal_cortex.o
    0x08005b50   0x08005b50   0x0000000e   Code   RO         5535    i.__scatterload_copy  mc_w.l(handlers.o)
    0x08005b5e   0x08005b5e   0x00000002   Code   RO         5536    i.__scatterload_null  mc_w.l(handlers.o)
    0x08005b60   0x08005b60   0x0000000e   Code   RO         5537    i.__scatterload_zeroinit  mc_w.l(handlers.o)
    0x08005b6e   0x08005b6e   0x00000002   PAD
    0x08005b70   0x08005b70   0x00000050   Code   RO         5481    i.free              mc_w.l(malloc.o)
    0x08005bc0   0x08005bc0   0x000000c4   Code   RO          182    i.main              main.o
    0x08005c84   0x08005c84   0x0000006c   Code   RO         5482    i.malloc            mc_w.l(malloc.o)
    0x08005cf0   0x08005cf0   0x00000010   Data   RO         1038    .constdata          system_stm32f7xx.o
    0x08005d00   0x08005d00   0x00000008   Data   RO         1039    .constdata          system_stm32f7xx.o
    0x08005d08   0x08005d08   0x00000008   Data   RO         2073    .constdata          stm32f7xx_hal_dma.o
    0x08005d10   0x08005d10   0x00000020   Data   RO         5533    Region$$Table       anon$$obj.o


    Execution Region RW_IRAM1 (Exec base: 0x20000000, Load base: 0x08005d30, Size: 0x00007e98, Max: 0x00080000, ABSOLUTE, COMPRESSED[0x000000e4])

    Exec Addr    Load Addr    Size         Type   Attr      Idx    E Section Name        Object

    0x20000000   COMPRESSED   0x00000030   Data   RW          186    .data               main.o
    0x20000030   COMPRESSED   0x00000020   Data   RW          667    .data               usbd_desc.o
    0x20000050   COMPRESSED   0x0000003e   Data   RW          668    .data               usbd_desc.o
    0x2000008e   COMPRESSED   0x00000002   PAD
    0x20000090   COMPRESSED   0x00000010   Data   RW          755    .data               usbd_cdc_if.o
    0x200000a0   COMPRESSED   0x00000008   Data   RW         1001    .data               my_flash.o
    0x200000a8   COMPRESSED   0x00000004   Data   RW         1040    .data               system_stm32f7xx.o
    0x200000ac   COMPRESSED   0x0000000c   Data   RW         2587    .data               stm32f7xx_hal.o
    0x200000b8   COMPRESSED   0x00000001   Data   RW         5248    .data               usbd_ctlreq.o
    0x200000b9   COMPRESSED   0x00000003   PAD
    0x200000bc   COMPRESSED   0x000000d7   Data   RW         5380    .data               usbd_cdc.o
    0x20000193   COMPRESSED   0x00000001   PAD
    0x20000194   COMPRESSED   0x00000038   Data   RW         5381    .data               usbd_cdc.o
    0x200001cc   COMPRESSED   0x00000004   Data   RW         5529    .data               mc_w.l(mvars.o)
    0x200001d0   COMPRESSED   0x00000004   Data   RW         5530    .data               mc_w.l(mvars.o)
    0x200001d4        -       0x00000344   Zero   RW          183    .bss                main.o
    0x20000518        -       0x00000060   Zero   RW          184    .bss                main.o
    0x20000578        -       0x00000060   Zero   RW          185    .bss                main.o
    0x200005d8        -       0x0000029c   Zero   RW          426    .bss                usb_device.o
    0x20000874        -       0x00000404   Zero   RW          486    .bss                usbd_conf.o
    0x20000c78        -       0x00000200   Zero   RW          666    .bss                usbd_desc.o
    0x20000e78        -       0x00001000   Zero   RW          754    .bss                usbd_cdc_if.o
    0x20001e78        -       0x0000001c   Zero   RW         1827    .bss                stm32f7xx_hal_flash.o
    0x20001e94   COMPRESSED   0x00000004   PAD
    0x20001e98        -       0x00002000   Zero   RW            2    HEAP                startup_stm32f767xx.o
    0x20003e98        -       0x00004000   Zero   RW            1    STACK               startup_stm32f767xx.o


==============================================================================

Image component sizes


      Code (inc. data)   RO Data    RW Data    ZI Data      Debug   Object Name

         0          0          0          0          0       1444   fuzzy_f4.o
      1574        152          0         48       1028     943646   main.o
       244         16          0          8          0       2937   my_flash.o
        36          8        504          0      24576        856   startup_stm32f767xx.o
       150         24          0         12          0       9337   stm32f7xx_hal.o
      1074         32          0          0          0       5590   stm32f7xx_hal_adc.o
         2          0          0          0          0       1017   stm32f7xx_hal_adc_ex.o
       198         12          0          0          0      39107   stm32f7xx_hal_cortex.o
       804         16          8          0          0       4919   stm32f7xx_hal_dma.o
      1044         66          0          0          0       5424   stm32f7xx_hal_eth.o
       532         70          0          0         28       6830   stm32f7xx_hal_flash.o
        92          6          0          0          0        777   stm32f7xx_hal_flash_ex.o
       508         60          0          0          0       3844   stm32f7xx_hal_gpio.o
      1108        134          0          0          0       5373   stm32f7xx_hal_msp.o
      2426         16          0          0          0      13369   stm32f7xx_hal_pcd.o
       118          6          0          0          0       2576   stm32f7xx_hal_pcd_ex.o
      1300         70          0          0          0       5724   stm32f7xx_hal_rcc.o
      1340         22          0          0          0       2360   stm32f7xx_hal_rcc_ex.o
      1950        130          0          0          0      17118   stm32f7xx_hal_tim.o
       102          8          0          0          0       3148   stm32f7xx_hal_tim_ex.o
      1406         74          0          0          0       8738   stm32f7xx_hal_uart.o
       122         42          0          0          0       7676   stm32f7xx_it.o
      2506        138          0          0          0      23319   stm32f7xx_ll_usb.o
        84         16         24          4          0       1287   system_stm32f7xx.o
        84         18          0          0        668        824   usb_device.o
       682         16          0        271          0      13056   usbd_cdc.o
        68         16          0         16       4096       2762   usbd_cdc_if.o
       754         24          0          0       1028      16197   usbd_conf.o
       690          0          0          0          0      12637   usbd_core.o
      1216         22          0          1          0       8380   usbd_ctlreq.o
       304        110          0         94        512       6789   usbd_desc.o
       132          0          0          0          0       4672   usbd_ioreq.o

    ----------------------------------------------------------------------
     22692       1324        568        460      31940    1181733   Object Totals
         0          0         32          0          0          0   (incl. Generated)
        42          0          0          6          4          0   (incl. Padding)

    ----------------------------------------------------------------------

      Code (inc. data)   RO Data    RW Data    ZI Data      Debug   Library Member Name

        86          0          0          0          0          0   __dczerorl2.o
         0          0          0          0          0          0   entry.o
         0          0          0          0          0          0   entry10a.o
         0          0          0          0          0          0   entry11a.o
         8          4          0          0          0          0   entry2.o
         4          0          0          0          0          0   entry5.o
         0          0          0          0          0          0   entry7b.o
         0          0          0          0          0          0   entry8b.o
         8          4          0          0          0          0   entry9a.o
        30          0          0          0          0          0   handlers.o
        36          8          0          0          0         68   init.o
        30          0          0          0          0         68   llshl.o
        32          0          0          0          0         68   llushr.o
       188         20          0          0          0        160   malloc.o
        36          0          0          0          0         68   memcpya.o
        36          0          0          0          0        108   memseta.o
         0          0          0          8          0          0   mvars.o
        98          0          0          0          0         92   uldiv.o

    ----------------------------------------------------------------------
       596         36          0          8          0        632   Library Totals
         4          0          0          0          0          0   (incl. Padding)

    ----------------------------------------------------------------------

      Code (inc. data)   RO Data    RW Data    ZI Data      Debug   Library Name

       592         36          0          8          0        632   mc_w.l

    ----------------------------------------------------------------------
       596         36          0          8          0        632   Library Totals

    ----------------------------------------------------------------------

==============================================================================


      Code (inc. data)   RO Data    RW Data    ZI Data      Debug   

     23288       1360        568        468      31940    1157889   Grand Totals
     23288       1360        568        228      31940    1157889   ELF Image Totals (compressed)
     23288       1360        568        228          0          0   ROM Totals

==============================================================================

    Total RO  Size (Code + RO Data)                23856 (  23.30kB)
    Total RW  Size (RW Data + ZI Data)             32408 (  31.65kB)
    Total ROM Size (Code + RO Data + RW Data)      24084 (  23.52kB)

==============================================================================

