<html>
<body>
<pre>
<h1>µVision Build Log</h1>
<h2>Tool Versions:</h2>
IDE-Version: µVision V5.28.0.0
Copyright (C) 2019 ARM Ltd and ARM Germany GmbH. All rights reserved.
License Information: Georg Rohrer, Puro, LIC=----
 
Tool Versions:
Toolchain:       MDK-Lite  Version: 5.28.0.0
Toolchain Path:  D:\Diplomarbeit\Keilv5\ARM\ARMCC\Bin
C Compiler:      Armcc.exe V5.06 update 6 (build 750)
Assembler:       Armasm.exe V5.06 update 6 (build 750)
Linker/Locator:  ArmLink.exe V5.06 update 6 (build 750)
Library Manager: ArmAr.exe V5.06 update 6 (build 750)
Hex Converter:   FromElf.exe V5.06 update 6 (build 750)
CPU DLL:         SARMCM3.DLL V5.28.0.0
Dialog DLL:      DCM.DLL V1.17.3.0
Target DLL:      STLink\ST-LINKIII-KEIL_SWO.dll V3.0.6.0
Dialog DLL:      TCM.DLL V1.36.2.0
 
<h2>Project:</h2>
D:\Diplomarbeit\Hauptprogramm\Truck_Assistant\MDK-ARM\ProjectCube.uvprojx
Project File Date:  11/07/2019

<h2>Output:</h2>
*** Using Compiler 'V5.06 update 6 (build 750)', folder: 'D:\Diplomarbeit\Keilv5\ARM\ARMCC\Bin'
Build target 'ProjectCube'
assembling startup_stm32f767xx.s...
compiling fatfs.c...
compiling usbd_cdc_if.c...
compiling usbd_desc.c...
compiling user_diskio.c...
compiling usb_device.c...
compiling usbd_conf.c...
compiling sd.c...
compiling main.c...
../Src/main.c(192): warning:  #1035-D: single-precision operand implicitly converted to double-precision
  			velocity[i] = (3.3*velocityadc[i])/4096 ;
../Src/main.c(193): warning:  #1035-D: single-precision operand implicitly converted to double-precision
  			steering[i] =	(3.3*steeringadc[i])/4096 ;
../Src/main.c(227): warning:  #1035-D: single-precision operand implicitly converted to double-precision
  		if((sensork > 0.1)&&(sensork <= 6)) {
../Src/main.c: 3 warnings, 0 errors
compiling stm32f7xx_hal_pcd_ex.c...
compiling stm32f7xx_it.c...
compiling stm32f7xx_hal_pcd.c...
compiling stm32f7xx_hal_adc_ex.c...
compiling stm32f7xx_hal_msp.c...
compiling stm32f7xx_ll_usb.c...
compiling stm32f7xx_hal_adc.c...
compiling stm32f7xx_hal_cortex.c...
compiling stm32f7xx_hal_spi_ex.c...
compiling stm32f7xx_hal_dac.c...
compiling stm32f7xx_hal_dac_ex.c...
compiling stm32f7xx_hal_eth.c...
compiling stm32f7xx_hal_spi.c...
compiling stm32f7xx_hal_tim.c...
compiling stm32f7xx_hal_uart_ex.c...
compiling stm32f7xx_hal_tim_ex.c...
compiling stm32f7xx_hal_uart.c...
compiling stm32f7xx_hal_flash.c...
compiling stm32f7xx_hal_rcc_ex.c...
compiling stm32f7xx_hal_rcc.c...
compiling stm32f7xx_hal_flash_ex.c...
compiling stm32f7xx_hal_gpio.c...
compiling stm32f7xx_hal_dma.c...
compiling stm32f7xx_hal_pwr.c...
compiling stm32f7xx_hal_dma_ex.c...
compiling stm32f7xx_hal_pwr_ex.c...
compiling stm32f7xx_hal.c...
compiling stm32f7xx_hal_i2c.c...
compiling stm32f7xx_hal_i2c_ex.c...
compiling stm32f7xx_hal_exti.c...
compiling system_stm32f7xx.c...
compiling usbd_core.c...
compiling usbd_ioreq.c...
compiling usbd_ctlreq.c...
compiling usbd_cdc.c...
compiling diskio.c...
compiling syscall.c...
compiling ccsbcs.c...
compiling ff_gen_drv.c...
compiling ff.c...
linking...
Program Size: Code=22476 RO-data=560 RW-data=496 ZI-data=191616  
FromELF: creating hex file...
"ProjectCube\ProjectCube.axf" - 0 Error(s), 3 Warning(s).

<h2>Software Packages used:</h2>

Package Vendor: ARM
                http://www.keil.com/pack/ARM.CMSIS.5.6.0.pack
                ARM.CMSIS.5.6.0
                CMSIS (Cortex Microcontroller Software Interface Standard)
   * Component: CORE Version: 5.3.0

Package Vendor: Keil
                https://www.keil.com/pack/Keil.STM32F7xx_DFP.2.12.0.pack
                Keil.STM32F7xx_DFP.2.12.0
                STMicroelectronics STM32F7 Series Device Support, Drivers and Examples

<h2>Collection of Component include folders:</h2>
  .\RTE\_ProjectCube
  D:\Diplomarbeit\Keilv5\ARM\CMSIS\5.6.0\CMSIS\Core\Include
  D:\Diplomarbeit\Keilv5\Keil\STM32F7xx_DFP\2.12.0\Drivers\CMSIS\Device\ST\STM32F7xx\Include

<h2>Collection of Component Files used:</h2>

   * Component: ARM::CMSIS:CORE:5.3.0
Build Time Elapsed:  00:04:03
</pre>
</body>
</html>
